
> tum-apply@1.0.5 test:ci
> npm run prebuild && vitest run --coverage.enabled=true --coverage.thresholds.statements=95 --coverage.thresholds.branches=95 --coverage.thresholds.functions=95 --coverage.thresholds.lines=95 --reporter verbose


> tum-apply@1.0.5 prebuild
> node prebuild.mjs


 RUN  v3.2.4 /Users/celine/Documents/Uni/Bachelor/tum-apply
      Coverage enabled with v8

 ✓ src/test/webapp/app/shared/alert/alert-error.component.spec.ts > AlertErrorComponent > should create 45ms
 × src/test/webapp/app/shared/alert/alert-error.component.spec.ts > AlertErrorComponent > should subscribe to error and httpError events on construction 7ms
   → expected "spy" to be called with arguments: [ 'tumApplyApp.error', Any<Function> ][90m

Number of calls: [1m0[22m
[39m
 × src/test/webapp/app/shared/alert/alert-error.component.spec.ts > AlertErrorComponent > should call eventManager.destroy on destroy 3ms
   → expected "spy" to be called 2 times, but got 0 times
 ✓ src/test/webapp/app/shared/alert/alert-error.component.spec.ts > AlertErrorComponent > should handle default error with error.message 8ms
 ✓ src/test/webapp/app/shared/alert/alert-error.component.spec.ts > AlertErrorComponent > should handle fields error in handleFieldsError 5ms
 ✓ src/test/webapp/app/shared/alert/alert-error.component.spec.ts > AlertErrorComponent > should handle bad request with fieldErrors 3ms
 ✓ src/test/webapp/app/shared/alert/alert-error.component.spec.ts > AlertErrorComponent > should handle http error 0 (server not reachable) 5ms
 ✓ src/test/webapp/app/shared/alert/alert-error.component.spec.ts > AlertErrorComponent > should handle http error 404 (not found) 5ms
 ✓ src/test/webapp/app/shared/alert/alert-error.component.spec.ts > AlertErrorComponent > should handle http error 400 with app-error header 4ms
 ✓ src/test/webapp/app/shared/alert/alert-error.component.spec.ts > AlertErrorComponent > should set correct classes for toast and position 2ms
 ✓ src/test/webapp/app/shared/alert/alert-error.component.spec.ts > AlertErrorComponent > should call alert.close when close is called 2ms
 ✓ src/test/webapp/app/shared/alert/alert-error.component.spec.ts > AlertErrorComponent > should add error alert via alertService when addErrorAlert is called 2ms
 × src/test/webapp/app/core/auth/keycloak-authentication.service.spec.ts > KeycloakAuthenticationService > initialization > should initialize successfully when authenticated 26ms
   → NG0201: No provider found for `MessageService`. Source: DynamicTestModule. Path: KeycloakAuthenticationService2 -> ApplicationConfigService2 -> ToastService2 -> MessageService. Find more at https://v20.angular.dev/errors/NG0201
 × src/test/webapp/app/core/auth/keycloak-authentication.service.spec.ts > KeycloakAuthenticationService > initialization > should handle non-authenticated init 5ms
   → NG0201: No provider found for `MessageService`. Source: DynamicTestModule. Path: KeycloakAuthenticationService2 -> ApplicationConfigService2 -> ToastService2 -> MessageService. Find more at https://v20.angular.dev/errors/NG0201
 × src/test/webapp/app/core/auth/keycloak-authentication.service.spec.ts > KeycloakAuthenticationService > initialization > should return undefined/false when keycloak not initialized 3ms
   → NG0201: No provider found for `MessageService`. Source: DynamicTestModule. Path: KeycloakAuthenticationService2 -> ApplicationConfigService2 -> ToastService2 -> MessageService. Find more at https://v20.angular.dev/errors/NG0201
 × src/test/webapp/app/core/auth/keycloak-authentication.service.spec.ts > KeycloakAuthenticationService > initialization > should handle init error and return false 1ms
   → NG0201: No provider found for `MessageService`. Source: DynamicTestModule. Path: KeycloakAuthenticationService2 -> ApplicationConfigService2 -> ToastService2 -> MessageService. Find more at https://v20.angular.dev/errors/NG0201
 × src/test/webapp/app/core/auth/keycloak-authentication.service.spec.ts > KeycloakAuthenticationService > initialization > should start token refresh scheduler after successful authenticated init 1ms
   → NG0201: No provider found for `MessageService`. Source: DynamicTestModule. Path: KeycloakAuthenticationService2 -> ApplicationConfigService2 -> ToastService2 -> MessageService. Find more at https://v20.angular.dev/errors/NG0201
 × src/test/webapp/app/core/auth/keycloak-authentication.service.spec.ts > KeycloakAuthenticationService > login with providers > should login with google provider using idpHint google 3ms
   → NG0201: No provider found for `MessageService`. Source: DynamicTestModule. Path: KeycloakAuthenticationService2 -> ApplicationConfigService2 -> ToastService2 -> MessageService. Find more at https://v20.angular.dev/errors/NG0201
 × src/test/webapp/app/core/auth/keycloak-authentication.service.spec.ts > KeycloakAuthenticationService > login with providers > should login with microsoft provider using idpHint microsoft 3ms
   → NG0201: No provider found for `MessageService`. Source: DynamicTestModule. Path: KeycloakAuthenticationService2 -> ApplicationConfigService2 -> ToastService2 -> MessageService. Find more at https://v20.angular.dev/errors/NG0201
 × src/test/webapp/app/core/auth/keycloak-authentication.service.spec.ts > KeycloakAuthenticationService > login with providers > should login with apple provider using idpHint apple 3ms
   → NG0201: No provider found for `MessageService`. Source: DynamicTestModule. Path: KeycloakAuthenticationService2 -> ApplicationConfigService2 -> ToastService2 -> MessageService. Find more at https://v20.angular.dev/errors/NG0201
 × src/test/webapp/app/core/auth/keycloak-authentication.service.spec.ts > KeycloakAuthenticationService > login with providers > should login with TUM provider without idpHint 2ms
   → NG0201: No provider found for `MessageService`. Source: DynamicTestModule. Path: KeycloakAuthenticationService2 -> ApplicationConfigService2 -> ToastService2 -> MessageService. Find more at https://v20.angular.dev/errors/NG0201
 × src/test/webapp/app/core/auth/keycloak-authentication.service.spec.ts > KeycloakAuthenticationService > login with providers > should include redirectUri when provided 3ms
   → NG0201: No provider found for `MessageService`. Source: DynamicTestModule. Path: KeycloakAuthenticationService2 -> ApplicationConfigService2 -> ToastService2 -> MessageService. Find more at https://v20.angular.dev/errors/NG0201
 × src/test/webapp/app/core/auth/keycloak-authentication.service.spec.ts > KeycloakAuthenticationService > login with providers > should handle login errors gracefully 1ms
   → NG0201: No provider found for `MessageService`. Source: DynamicTestModule. Path: KeycloakAuthenticationService2 -> ApplicationConfigService2 -> ToastService2 -> MessageService. Find more at https://v20.angular.dev/errors/NG0201
 × src/test/webapp/app/core/auth/keycloak-authentication.service.spec.ts > KeycloakAuthenticationService > token refresh > should refresh token when authenticated 1ms
   → NG0201: No provider found for `MessageService`. Source: DynamicTestModule. Path: KeycloakAuthenticationService2 -> ApplicationConfigService2 -> ToastService2 -> MessageService. Find more at https://v20.angular.dev/errors/NG0201
 × src/test/webapp/app/core/auth/keycloak-authentication.service.spec.ts > KeycloakAuthenticationService > token refresh > should not refresh token when not authenticated 1ms
   → NG0201: No provider found for `MessageService`. Source: DynamicTestModule. Path: KeycloakAuthenticationService2 -> ApplicationConfigService2 -> ToastService2 -> MessageService. Find more at https://v20.angular.dev/errors/NG0201
 × src/test/webapp/app/core/auth/keycloak-authentication.service.spec.ts > KeycloakAuthenticationService > token refresh > should handle token refresh errors gracefully 1ms
   → NG0201: No provider found for `MessageService`. Source: DynamicTestModule. Path: KeycloakAuthenticationService2 -> ApplicationConfigService2 -> ToastService2 -> MessageService. Find more at https://v20.angular.dev/errors/NG0201
 × src/test/webapp/app/core/auth/keycloak-authentication.service.spec.ts > KeycloakAuthenticationService > token refresh > should not start new refresh if already in flight 1ms
   → NG0201: No provider found for `MessageService`. Source: DynamicTestModule. Path: KeycloakAuthenticationService2 -> ApplicationConfigService2 -> ToastService2 -> MessageService. Find more at https://v20.angular.dev/errors/NG0201
 × src/test/webapp/app/core/auth/keycloak-authentication.service.spec.ts > KeycloakAuthenticationService > logout > should call keycloak logout when authenticated 1ms
   → NG0201: No provider found for `MessageService`. Source: DynamicTestModule. Path: KeycloakAuthenticationService2 -> ApplicationConfigService2 -> ToastService2 -> MessageService. Find more at https://v20.angular.dev/errors/NG0201
 × src/test/webapp/app/core/auth/keycloak-authentication.service.spec.ts > KeycloakAuthenticationService > logout > should not call keycloak logout when not authenticated 1ms
   → NG0201: No provider found for `MessageService`. Source: DynamicTestModule. Path: KeycloakAuthenticationService2 -> ApplicationConfigService2 -> ToastService2 -> MessageService. Find more at https://v20.angular.dev/errors/NG0201
 × src/test/webapp/app/core/auth/keycloak-authentication.service.spec.ts > KeycloakAuthenticationService > logout > should handle logout errors gracefully 1ms
   → NG0201: No provider found for `MessageService`. Source: DynamicTestModule. Path: KeycloakAuthenticationService2 -> ApplicationConfigService2 -> ToastService2 -> MessageService. Find more at https://v20.angular.dev/errors/NG0201
 × src/test/webapp/app/core/auth/keycloak-authentication.service.spec.ts > KeycloakAuthenticationService > logout > should use custom redirect URI when provided 1ms
   → NG0201: No provider found for `MessageService`. Source: DynamicTestModule. Path: KeycloakAuthenticationService2 -> ApplicationConfigService2 -> ToastService2 -> MessageService. Find more at https://v20.angular.dev/errors/NG0201
 × src/test/webapp/app/core/auth/keycloak-authentication.service.spec.ts > KeycloakAuthenticationService > logout > should handle absolute redirect URIs 1ms
   → NG0201: No provider found for `MessageService`. Source: DynamicTestModule. Path: KeycloakAuthenticationService2 -> ApplicationConfigService2 -> ToastService2 -> MessageService. Find more at https://v20.angular.dev/errors/NG0201
 × src/test/webapp/app/core/auth/keycloak-authentication.service.spec.ts > KeycloakAuthenticationService > logout > should stop token refresh scheduler on logout 1ms
   → NG0201: No provider found for `MessageService`. Source: DynamicTestModule. Path: KeycloakAuthenticationService2 -> ApplicationConfigService2 -> ToastService2 -> MessageService. Find more at https://v20.angular.dev/errors/NG0201
 × src/test/webapp/app/core/auth/keycloak-authentication.service.spec.ts > KeycloakAuthenticationService > token access > should return token when keycloak is initialized 1ms
   → NG0201: No provider found for `MessageService`. Source: DynamicTestModule. Path: KeycloakAuthenticationService2 -> ApplicationConfigService2 -> ToastService2 -> MessageService. Find more at https://v20.angular.dev/errors/NG0201
 × src/test/webapp/app/core/auth/keycloak-authentication.service.spec.ts > KeycloakAuthenticationService > token access > should return authentication status 7ms
   → NG0201: No provider found for `MessageService`. Source: DynamicTestModule. Path: KeycloakAuthenticationService2 -> ApplicationConfigService2 -> ToastService2 -> MessageService. Find more at https://v20.angular.dev/errors/NG0201
 ✓ src/test/webapp/app/core/auth/auth-facade.service.spec.ts > AuthFacadeService > initAuth server success 12ms
 ✓ src/test/webapp/app/core/auth/auth-facade.service.spec.ts > AuthFacadeService > initAuth keycloak fallback success 2ms
 ✓ src/test/webapp/app/core/auth/auth-facade.service.spec.ts > AuthFacadeService > initAuth none returns false 2ms
 ✓ src/test/webapp/app/core/auth/auth-facade.service.spec.ts > AuthFacadeService > loginWithEmail success triggers nextStep and authSuccess 2ms
 ✓ src/test/webapp/app/core/auth/auth-facade.service.spec.ts > AuthFacadeService > loginWithEmail error surfaces orchestrator error 3ms
 ✓ src/test/webapp/app/core/auth/auth-facade.service.spec.ts > AuthFacadeService > requestOtp success advances step 3ms
 ✓ src/test/webapp/app/core/auth/auth-facade.service.spec.ts > AuthFacadeService > verifyOtp login path success 2ms
 ✓ src/test/webapp/app/core/auth/auth-facade.service.spec.ts > AuthFacadeService > verifyOtp registration path with profile required advances step 1ms
 ✓ src/test/webapp/app/core/auth/auth-facade.service.spec.ts > AuthFacadeService > loginWithProvider delegates to keycloak 1ms
 × src/test/webapp/app/core/auth/auth-facade.service.spec.ts > AuthFacadeService > logout server path 6ms
   → [Function set] is not a spy or a call to a spy!
 × src/test/webapp/app/core/auth/auth-facade.service.spec.ts > AuthFacadeService > logout keycloak path 2ms
   → [Function set] is not a spy or a call to a spy!
 ✓ src/test/webapp/app/core/auth/auth-facade.service.spec.ts > AuthFacadeService > runAuthAction throws when busy 1ms
 ✓ src/test/webapp/app/shared/components/molecules/research-group-creation-form/research-group-creation-form-professor.component.spec.ts > ResearchGroupCreationFormComponent - Professor Mode > should create 508ms
 ✓ src/test/webapp/app/shared/components/molecules/research-group-creation-form/research-group-creation-form-professor.component.spec.ts > ResearchGroupCreationFormComponent - Professor Mode > Form Initialization > should initialize with all required form fields 115ms
 ✓ src/test/webapp/app/shared/components/molecules/research-group-creation-form/research-group-creation-form-professor.component.spec.ts > ResearchGroupCreationFormComponent - Professor Mode > Form Initialization > should initialize form with empty values 92ms
 ✓ src/test/webapp/app/shared/components/molecules/research-group-creation-form/research-group-creation-form-professor.component.spec.ts > ResearchGroupCreationFormComponent - Professor Mode > Form Initialization > should mark required fields as invalid when empty 103ms
 ✓ src/test/webapp/app/shared/components/molecules/research-group-creation-form/research-group-creation-form-professor.component.spec.ts > ResearchGroupCreationFormComponent - Professor Mode > Form Initialization > should mark optional fields as valid when empty 90ms
 ✓ src/test/webapp/app/job/job-overview/job-card-list/job-card-list.component.spec.ts > JobCardListComponent > should create component 384ms
 ✓ src/test/webapp/app/job/job-overview/job-card-list/job-card-list.component.spec.ts > JobCardListComponent > should load filters successfully 73ms
 ✓ src/test/webapp/app/usermanagement/research-group-template-edit/research-group-template-edit.spec.ts > ResearchGroupTemplateEdit > load() > loads and sanitizes template successfully 413ms
 ✓ src/test/webapp/app/shared/components/molecules/research-group-creation-form/research-group-creation-form-professor.component.spec.ts > ResearchGroupCreationFormComponent - Professor Mode > Form Validation > should validate email format for contact email 91ms
 ✓ src/test/webapp/app/shared/components/molecules/research-group-creation-form/research-group-creation-form-professor.component.spec.ts > ResearchGroupCreationFormComponent - Professor Mode > Form Validation > should enforce max length on description field 94ms
 ✓ src/test/webapp/app/usermanagement/research-group-template-edit/research-group-template-edit.spec.ts > ResearchGroupTemplateEdit > load() > shows error toast if loading fails 134ms
 ✓ src/test/webapp/app/shared/components/molecules/research-group-creation-form/research-group-creation-form-professor.component.spec.ts > ResearchGroupCreationFormComponent - Professor Mode > Form Validation > should validate TUM ID format 89ms
 ✓ src/test/webapp/app/job/job-overview/job-card-list/job-card-list.component.spec.ts > JobCardListComponent > should handle error when loading filters 75ms
 ✓ src/test/webapp/app/job/job-overview/job-card-list/job-card-list.component.spec.ts > JobCardListComponent > should load jobs successfully 76ms
 ✓ src/test/webapp/app/shared/components/molecules/research-group-creation-form/research-group-creation-form-admin.component.spec.ts > ResearchGroupCreationFormComponent - Admin Mode > should create 385ms
 ✓ src/test/webapp/app/usermanagement/research-group-template-edit/research-group-template-edit.spec.ts > ResearchGroupTemplateEdit > performAutoSave() > creates new template if id is missing 121ms
 ✓ src/test/webapp/app/shared/components/molecules/research-group-creation-form/research-group-creation-form-professor.component.spec.ts > ResearchGroupCreationFormComponent - Professor Mode > Form Validation > should validate form as valid when all required fields are filled 131ms
 ✓ src/test/webapp/app/job/job-overview/job-card-list/job-card-list.component.spec.ts > JobCardListComponent > should handle error when loading jobs 133ms
 ✓ src/test/webapp/app/shared/components/molecules/research-group-creation-form/research-group-creation-form-admin.component.spec.ts > ResearchGroupCreationFormComponent - Admin Mode > Admin Mode > should set mode to admin when provided in dialog config 131ms
 ✓ src/test/webapp/app/shared/components/molecules/research-group-creation-form/research-group-creation-form-admin.component.spec.ts > ResearchGroupCreationFormComponent - Admin Mode > Admin Mode > should disable personal information fields in admin mode 75ms
 ✓ src/test/webapp/app/usermanagement/research-group-template-edit/research-group-template-edit.spec.ts > ResearchGroupTemplateEdit > performAutoSave() > updates template if id exists 103ms
 ✓ src/test/webapp/app/job/job-overview/job-card-list/job-card-list.component.spec.ts > JobCardListComponent > should reset page and update search query on new search 101ms
 ✓ src/test/webapp/app/shared/components/molecules/research-group-creation-form/research-group-creation-form-professor.component.spec.ts > ResearchGroupCreationFormComponent - Professor Mode > onSubmit > should not submit when form is invalid 114ms
 ✓ src/test/webapp/app/shared/components/molecules/research-group-creation-form/research-group-creation-form-professor.component.spec.ts > ResearchGroupCreationFormComponent - Professor Mode > onSubmit > should trigger confirm dialog when form is valid 74ms
 ✓ src/test/webapp/app/usermanagement/research-group-template-edit/research-group-template-edit.spec.ts > ResearchGroupTemplateEdit > performAutoSave() > handles error: 'Template name already exists.' 141ms
 ✓ src/test/webapp/app/shared/components/molecules/research-group-creation-form/research-group-creation-form-admin.component.spec.ts > ResearchGroupCreationFormComponent - Admin Mode > Admin Mode > should mark form as valid without personal information in admin mode 92ms
 ✓ src/test/webapp/app/shared/components/molecules/research-group-creation-form/research-group-creation-form-admin.component.spec.ts > ResearchGroupCreationFormComponent - Admin Mode > Admin Mode > should call createResearchGroupAsAdmin in admin mode 66ms
 ✓ src/test/webapp/app/job/job-overview/job-card-list/job-card-list.component.spec.ts > JobCardListComponent > should not reload jobs if search query is the same after trimming 110ms
 ✓ src/test/webapp/app/job/job-overview/job-card-list/job-card-list.component.spec.ts > JobCardListComponent > should handle filter changes for fieldOfStudies 68ms
 ✓ src/test/webapp/app/shared/components/molecules/research-group-creation-form/research-group-creation-form-professor.component.spec.ts > ResearchGroupCreationFormComponent - Professor Mode > onConfirmSubmit > should not submit when form is invalid 87ms
 ✓ src/test/webapp/app/shared/components/molecules/research-group-creation-form/research-group-creation-form-professor.component.spec.ts > ResearchGroupCreationFormComponent - Professor Mode > onConfirmSubmit > should not submit when already submitting 75ms
 ✓ src/test/webapp/app/shared/components/molecules/research-group-creation-form/research-group-creation-form-admin.component.spec.ts > ResearchGroupCreationFormComponent - Admin Mode > Admin Mode > should show admin success toast in admin mode 88ms
 ✓ src/test/webapp/app/shared/components/molecules/research-group-creation-form/research-group-creation-form-admin.component.spec.ts > ResearchGroupCreationFormComponent - Admin Mode > Admin Mode > should show admin error toast when creation fails in admin mode 84ms
 ✓ src/test/webapp/app/job/job-overview/job-card-list/job-card-list.component.spec.ts > JobCardListComponent > should handle filter changes for location 74ms
 ✓ src/test/webapp/app/job/job-overview/job-card-list/job-card-list.component.spec.ts > JobCardListComponent > should handle filter changes for supervisor 75ms
 ✓ src/test/webapp/app/shared/components/molecules/research-group-creation-form/research-group-creation-form-professor.component.spec.ts > ResearchGroupCreationFormComponent - Professor Mode > onConfirmSubmit > should call research group service with correct data 77ms
 ✓ src/test/webapp/app/usermanagement/research-group-template-edit/research-group-template-edit.spec.ts > ResearchGroupTemplateEdit > performAutoSave() > handles error: 'Autosave failed' 133ms
 ✓ src/test/webapp/app/usermanagement/research-group-template-edit/research-group-template-edit.spec.ts > ResearchGroupTemplateEdit > performAutoSave() > does not save if non-default and missing name/type 94ms
 ✓ src/test/webapp/app/job/job-overview/job-card-list/job-card-list.component.spec.ts > JobCardListComponent > should handle sort emit correctly 78ms
 ✓ src/test/webapp/app/job/job-overview/job-card-list/job-card-list.component.spec.ts > JobCardListComponent > should handle table lazy load correctly 60ms
 ✓ src/test/webapp/app/shared/components/molecules/research-group-creation-form/research-group-creation-form-admin.component.spec.ts > ResearchGroupCreationFormComponent - Admin Mode > Admin Mode > should handle empty personal fields gracefully in admin mode 63ms
 ✓ src/test/webapp/app/shared/components/molecules/research-group-creation-form/research-group-creation-form-admin.component.spec.ts > ResearchGroupCreationFormComponent - Admin Mode > Admin Mode > should close dialog with result after successful admin creation 78ms
 ✓ src/test/webapp/app/shared/components/molecules/research-group-creation-form/research-group-creation-form-professor.component.spec.ts > ResearchGroupCreationFormComponent - Professor Mode > onConfirmSubmit > should trim whitespace from form values 124ms
 ✓ src/test/webapp/app/shared/components/molecules/research-group-creation-form/research-group-creation-form-professor.component.spec.ts > ResearchGroupCreationFormComponent - Professor Mode > onConfirmSubmit > should convert empty optional fields to empty strings 71ms
 ✓ src/test/webapp/app/usermanagement/research-group-template-edit/research-group-template-edit.spec.ts > ResearchGroupTemplateEdit > navigation > navigates back to template list 113ms
 ✓ src/test/webapp/app/usermanagement/research-group-template-edit/research-group-template-edit.spec.ts > ResearchGroupTemplateEdit > form updates > 'setTemplateName' updates form model 88ms
 ✓ src/test/webapp/app/job/my-positions/my-positions-page.component.spec.ts > MyPositionsPageComponent > should create 410ms
 ✓ src/test/webapp/app/shared/components/molecules/research-group-creation-form/research-group-creation-form-admin.component.spec.ts > ResearchGroupCreationFormComponent - Admin Mode > Admin Mode > should show duplicate name error toast in admin mode when creation fails with 409 101ms
 ✓ src/test/webapp/app/job/job-overview/job-card-list/job-card-list.component.spec.ts > JobCardListComponent > should set empty jobs and totalRecords when API returns no content 64ms
 ✓ src/test/webapp/app/job/job-overview/job-card-list/job-card-list.component.spec.ts > JobCardListComponent > should handle loadAllFilter when API returns null fields 84ms
 ✓ src/test/webapp/app/shared/components/molecules/research-group-creation-form/research-group-creation-form-professor.component.spec.ts > ResearchGroupCreationFormComponent - Professor Mode > onConfirmSubmit > should handle non-string values in optional fields 99ms
 ✓ src/test/webapp/app/usermanagement/research-group-template-edit/research-group-template-edit.spec.ts > ResearchGroupTemplateEdit > form updates > 'updateEnglishSubject' updates form model 93ms
 ✓ src/test/webapp/app/evaluation/application-overview/application-overview.component.spec.ts > ApplicationOverviewComponent > Initialization > initializes with job names sorted and first page loaded 450ms
 ✓ src/test/webapp/app/job/my-positions/my-positions-page.component.spec.ts > MyPositionsPageComponent > should assign templates to correct columns 173ms
 ✓ src/test/webapp/app/shared/components/molecules/research-group-creation-form/research-group-creation-form-admin.component.spec.ts > ResearchGroupCreationFormComponent - Admin Mode > Admin Mode > should show user not found error toast in admin mode when TUM-ID is invalid 113ms
 ✓ src/test/webapp/app/shared/components/molecules/research-group-creation-form/research-group-creation-form-professor.component.spec.ts > ResearchGroupCreationFormComponent - Professor Mode > onConfirmSubmit > should set isSubmitting to true during submission 104ms
 ✓ src/test/webapp/app/usermanagement/research-group-template-edit/research-group-template-edit.spec.ts > ResearchGroupTemplateEdit > form updates > 'updateEnglishBody' updates form model 123ms
 ✓ src/test/webapp/app/job/my-positions/my-positions-page.component.spec.ts > MyPositionsPageComponent > should navigate to create job 120ms
 ✓ src/test/webapp/app/job/job-overview/job-card-list/job-card-list.component.spec.ts > JobCardListComponent > should ignore unknown filterId in onFilterEmit 94ms
 ✓ src/test/webapp/app/job/job-overview/job-card-list/job-card-list.component.spec.ts > JobCardListComponent > should clear search when only whitespace is entered 90ms
 ✓ src/test/webapp/app/shared/components/molecules/research-group-creation-form/research-group-creation-form-admin.component.spec.ts > ResearchGroupCreationFormComponent - Admin Mode > Admin Mode > should handle non-HttpErrorResponse errors in admin mode 92ms
 ✓ src/test/webapp/app/evaluation/application-overview/application-overview.component.spec.ts > ApplicationOverviewComponent > Columns & Mapping > exposes expected columns and state mappings 147ms
 ✓ src/test/webapp/app/shared/components/molecules/research-group-creation-form/research-group-creation-form-professor.component.spec.ts > ResearchGroupCreationFormComponent - Professor Mode > onConfirmSubmit > should call confirmOnboarding after successful research group creation 96ms
 ✓ src/test/webapp/app/usermanagement/research-group-template-edit/research-group-template-edit.spec.ts > ResearchGroupTemplateEdit > form updates > 'updateGermanSubject' updates form model 106ms
 ✓ src/test/webapp/app/job/job-overview/job-card-list/job-card-list.component.spec.ts > JobCardListComponent > should update sort when called twice with different values 71ms
 ✓ src/test/webapp/app/job/my-positions/my-positions-page.component.spec.ts > MyPositionsPageComponent > should navigate to edit job 99ms
 ✓ src/test/webapp/app/shared/components/molecules/research-group-creation-form/research-group-creation-form-admin.component.spec.ts > ResearchGroupCreationFormComponent - Admin Mode > Admin Mode > should not call confirmOnboarding in admin mode 108ms
 ✓ src/test/webapp/app/shared/components/molecules/research-group-creation-form/research-group-creation-form-admin.component.spec.ts > ResearchGroupCreationFormComponent - Admin Mode > Admin Mode > should set isSubmitting to true during submission in admin mode 75ms
 ✓ src/test/webapp/app/shared/components/molecules/research-group-creation-form/research-group-creation-form-professor.component.spec.ts > ResearchGroupCreationFormComponent - Professor Mode > onConfirmSubmit > should show success toast after successful submission 124ms
 ✓ src/test/webapp/app/evaluation/application-overview/application-overview.component.spec.ts > ApplicationOverviewComponent > Filters > applies/clears job & status filters and maps labels to keys (unknown kept as-is) 156ms
 ✓ src/test/webapp/app/usermanagement/research-group-template-edit/research-group-template-edit.spec.ts > ResearchGroupTemplateEdit > form updates > 'updateGermanBody' updates form model 133ms
 ✓ src/test/webapp/app/shared/components/molecules/research-group-creation-form/research-group-creation-form-admin.component.spec.ts > ResearchGroupCreationFormComponent - Admin Mode > Admin Mode > should set isSubmitting to false after successful submission in admin mode 108ms
 ✓ src/test/webapp/app/shared/components/molecules/research-group-creation-form/research-group-creation-form-professor.component.spec.ts > ResearchGroupCreationFormComponent - Professor Mode > onConfirmSubmit > should close dialog after successful submission 141ms
 ✓ src/test/webapp/app/job/job-overview/job-card-list/job-card-list.component.spec.ts > JobCardListComponent > should calculate page correctly when rows are missing in lazy load 124ms
 ✓ src/test/webapp/app/job/job-overview/job-card-list/job-card-list.component.spec.ts > JobCardListComponent > should call loadAllFilter in constructor 92ms
 ✓ src/test/webapp/app/usermanagement/research-group-template-edit/research-group-template-edit.spec.ts > ResearchGroupTemplateEdit > form updates > updates email type via setSelectedEmailType 126ms
 ✓ src/test/webapp/app/job/my-positions/my-positions-page.component.spec.ts > MyPositionsPageComponent > should log error when editing with empty id 148ms
 ✓ src/test/webapp/app/evaluation/application-overview/application-overview.component.spec.ts > ApplicationOverviewComponent > Search > includes search in URL only when non-empty 170ms
 ✓ src/test/webapp/app/job/job-creation-form/job-creation-form.component.spec.ts > JobCreationFormComponent > should create component 251ms
 ✓ src/test/webapp/app/job/job-creation-form/job-creation-form.component.spec.ts > JobCreationFormComponent > should compute pageTitle based on mode 71ms
 ✓ src/test/webapp/app/shared/components/molecules/research-group-creation-form/research-group-creation-form-admin.component.spec.ts > ResearchGroupCreationFormComponent - Admin Mode > Admin Mode > should set isSubmitting to false after failed submission in admin mode 147ms
 ✓ src/test/webapp/app/shared/components/molecules/research-group-creation-form/research-group-creation-form-professor.component.spec.ts > ResearchGroupCreationFormComponent - Professor Mode > onConfirmSubmit > should set isSubmitting to false after successful submission 121ms
 ✓ src/test/webapp/app/job/job-overview/job-card-list/job-card-list.component.spec.ts > JobCardListComponent > should render one job-card per job when jobs exist 164ms
 ✓ src/test/webapp/app/usermanagement/research-group-template-edit/research-group-template-edit.spec.ts > ResearchGroupTemplateEdit > form updates > 'english' computed falls back to empty when null 117ms
 ✓ src/test/webapp/app/evaluation/application-overview/application-overview.component.spec.ts > ApplicationOverviewComponent > Sorting & Query Params > keeps user-initiated sort over query params; reacts to valid/invalid query params otherwise 170ms
 ✓ src/test/webapp/app/job/job-creation-form/job-creation-form.component.spec.ts > JobCreationFormComponent > should detect unsaved changes 55ms
 ✓ src/test/webapp/app/job/job-creation-form/job-creation-form.component.spec.ts > JobCreationFormComponent > should show error if privacy not accepted on publish 59ms
 ✓ src/test/webapp/app/job/my-positions/my-positions-page.component.spec.ts > MyPositionsPageComponent > should navigate to view job 213ms
 ✓ src/test/webapp/app/job/job-overview/job-card-list/job-card-list.component.spec.ts > JobCardListComponent > should pass NotYetApplied when applicationState is undefined 95ms
 ✓ src/test/webapp/app/shared/components/molecules/research-group-creation-form/research-group-creation-form-admin.component.spec.ts > ResearchGroupCreationFormComponent - Admin Mode > Admin Mode > should not close dialog when submission fails in admin mode 94ms
 ✓ src/test/webapp/app/shared/components/molecules/research-group-creation-form/research-group-creation-form-admin.component.spec.ts > ResearchGroupCreationFormComponent - Admin Mode > Admin Mode > should not submit when form is invalid in admin mode 87ms
 ✓ src/test/webapp/app/shared/components/molecules/research-group-creation-form/research-group-creation-form-professor.component.spec.ts > ResearchGroupCreationFormComponent - Professor Mode > Error Handling > should show error toast when research group creation fails 171ms
 ✓ src/test/webapp/app/usermanagement/research-group-template-edit/research-group-template-edit.spec.ts > ResearchGroupTemplateEdit > form updates > 'german' computed falls back to empty when null 142ms
 ✓ src/test/webapp/app/evaluation/application-overview/application-overview.component.spec.ts > ApplicationOverviewComponent > Navigation > navigates to detail with current sort params and applicationId 114ms
 ✓ src/test/webapp/app/job/my-positions/my-positions-page.component.spec.ts > MyPositionsPageComponent > should log error when viewing with empty id 159ms
 ✓ src/test/webapp/app/job/job-creation-form/job-creation-form.component.spec.ts > JobCreationFormComponent > should set savingState to FAILED when autoSave fails 62ms
 ✓ src/test/webapp/app/job/job-creation-form/job-creation-form.component.spec.ts > JobCreationFormComponent > should call Location.back on onBack 47ms
 ✓ src/test/webapp/app/job/job-creation-form/job-creation-form.component.spec.ts > JobCreationFormComponent > should compute savingBadgeCalculatedClass correctly 50ms
 ✓ src/test/webapp/app/shared/components/molecules/research-group-creation-form/research-group-creation-form-professor.component.spec.ts > ResearchGroupCreationFormComponent - Professor Mode > Error Handling > should not close dialog when submission fails 98ms
 ✓ src/test/webapp/app/job/job-overview/job-card-list/job-card-list.component.spec.ts > JobCardListComponent > should use relativeTimeEnglish for EN and relativeTimeGerman after switching to DE 125ms
 ✓ src/test/webapp/app/shared/components/molecules/research-group-creation-form/research-group-creation-form-admin.component.spec.ts > ResearchGroupCreationFormComponent - Admin Mode > Admin Mode > should not submit when already submitting in admin mode 66ms
 ✓ src/test/webapp/app/shared/components/molecules/research-group-creation-form/research-group-creation-form-admin.component.spec.ts > ResearchGroupCreationFormComponent - Admin Mode > Admin Mode > should trim whitespace from form values in admin mode 87ms
 ✓ src/test/webapp/app/evaluation/application-overview/application-overview.component.spec.ts > ApplicationOverviewComponent > Service Call Arguments > passes undefined for filters when none are selected 129ms
 ✓ src/test/webapp/app/usermanagement/research-group-template-edit/research-group-template-edit.spec.ts > ResearchGroupTemplateEdit > templateDisplayName > returns translated key for default with name 127ms
 ✓ src/test/webapp/app/job/my-positions/my-positions-page.component.spec.ts > MyPositionsPageComponent > should handle onSearchEmit with new query 118ms
 ✓ src/test/webapp/app/shared/components/molecules/research-group-creation-form/research-group-creation-form-professor.component.spec.ts > ResearchGroupCreationFormComponent - Professor Mode > Error Handling > should set isSubmitting to false after failed submission 90ms
 ✓ src/test/webapp/app/evaluation/application-detail/application-detail.component.spec.ts > ApplicationDetailComponent > Filter / Search / Sort > should trigger loadInitialPage on 'search change' 631ms
 ✓ src/test/webapp/app/shared/components/molecules/research-group-creation-form/research-group-creation-form-admin.component.spec.ts > ResearchGroupCreationFormComponent - Admin Mode > Admin Mode > should handle null values in optional fields in admin mode 62ms
 ✓ src/test/webapp/app/usermanagement/research-group-template-edit/research-group-template-edit.spec.ts > ResearchGroupTemplateEdit > templateDisplayName > returns translated key for default without name 122ms
 ✓ src/test/webapp/app/job/job-overview/job-card-list/job-card-list.component.spec.ts > JobCardListComponent > should compute page 0 when first is undefined but rows is defined (lazy load) 108ms
 ✓ src/test/webapp/app/evaluation/application-overview/application-overview.component.spec.ts > ApplicationOverviewComponent > API Result Normalization > normalizes missing properties from API responses 158ms
 ✓ src/test/webapp/app/evaluation/application-detail/application-detail.component.spec.ts > ApplicationDetailComponent > Filter / Search / Sort > should trigger loadInitialPage on 'job filter change' 135ms
 ✓ src/test/webapp/app/shared/components/molecules/research-group-creation-form/research-group-creation-form-professor.component.spec.ts > ResearchGroupCreationFormComponent - Professor Mode > Error Handling > should not call confirmOnboarding when research group creation fails 115ms
 ✓ src/test/webapp/app/job/job-overview/job-card-list/job-card-list.component.spec.ts > JobCardListComponent > should default initial language to EN when translateService.currentLang is undefined 129ms
 ✓ src/test/webapp/app/shared/components/molecules/research-group-creation-form/research-group-creation-form-admin.component.spec.ts > ResearchGroupCreationFormComponent - Admin Mode > onCancel > should close dialog when cancel is clicked in admin mode 101ms
 ✓ src/test/webapp/app/usermanagement/research-group-template-edit/research-group-template-edit.spec.ts > ResearchGroupTemplateEdit > selectOptions / preselectedEmailType > provides options for default template 107ms
 ✓ src/test/webapp/app/job/my-positions/my-positions-page.component.spec.ts > MyPositionsPageComponent > should not reload if query is same after trim 132ms
 ✓ src/test/webapp/app/job/my-positions/my-positions-page.component.spec.ts > MyPositionsPageComponent > should trim and normalize whitespace in search query 89ms
 ✓ src/test/webapp/app/evaluation/application-detail/application-detail.component.spec.ts > ApplicationDetailComponent > Filter / Search / Sort > should trigger loadInitialPage on 'status filter change' 162ms
 ✓ src/test/webapp/app/evaluation/application-overview/application-overview.component.spec.ts > ApplicationOverviewComponent > Table Paging Events > defaults first=0 and rows=10 when table event fields are undefined 186ms
 ✓ src/test/webapp/app/usermanagement/research-group-template-edit/research-group-template-edit.spec.ts > ResearchGroupTemplateEdit > selectOptions / preselectedEmailType > returns preselected option matching current emailType 169ms
 ✓ src/test/webapp/app/shared/components/molecules/research-group-creation-form/research-group-creation-form-professor.component.spec.ts > ResearchGroupCreationFormComponent - Professor Mode > Error Handling > should show duplicate name error toast when creation fails with 409 status 231ms
 ✓ src/test/webapp/app/job/my-positions/my-positions-page.component.spec.ts > MyPositionsPageComponent > should handle filterEmit for status 176ms
 ✓ src/test/webapp/app/evaluation/application-detail/application-detail.component.spec.ts > ApplicationDetailComponent > Filter / Search / Sort > should handle sort change correctly 111ms
 ✓ src/test/webapp/app/job/job-creation-form/job-creation-form.component.spec.ts > JobCreationFormComponent > should navigate to login if no user in init 484ms
 ✓ src/test/webapp/app/job/job-creation-form/job-creation-form.component.spec.ts > JobCreationFormComponent > should navigate to /my-positions if edit mode but no jobId 65ms
 ✓ src/test/webapp/app/shared/components/molecules/research-group-creation-form/research-group-creation-form-professor.component.spec.ts > ResearchGroupCreationFormComponent - Professor Mode > Error Handling > should show duplicate name error toast when error message includes "already exists" 108ms
 ✓ src/test/webapp/app/evaluation/application-overview/application-overview.component.spec.ts > ApplicationOverviewComponent > Error Handling > sets available job names to [] when loading job names fails 138ms
 ✓ src/test/webapp/app/usermanagement/research-group-template-edit/research-group-template-edit.spec.ts > ResearchGroupTemplateEdit > translateMentionsInTemplate() > 'replaces mention labels with translat…' 113ms
 ✓ src/test/webapp/app/job/job-creation-form/job-creation-form.component.spec.ts > JobCreationFormComponent > should publish successfully and navigate 58ms
 ✓ src/test/webapp/app/job/job-creation-form/job-creation-form.component.spec.ts > JobCreationFormComponent > should handle publishJob failure 50ms
 ✓ src/test/webapp/app/shared/components/molecules/research-group-creation-form/research-group-creation-form-professor.component.spec.ts > ResearchGroupCreationFormComponent - Professor Mode > Error Handling > should show user not found error toast when creation fails with 404 status 89ms
 ✓ src/test/webapp/app/job/my-positions/my-positions-page.component.spec.ts > MyPositionsPageComponent > should handle loadOnSortEmit correctly 112ms
 ✓ src/test/webapp/app/job/my-positions/my-positions-page.component.spec.ts > MyPositionsPageComponent > should handle loadOnTableEmit with pagination 80ms
 ✓ src/test/webapp/app/evaluation/application-detail/application-detail.component.spec.ts > ApplicationDetailComponent > Filter / Search / Sort > should reset isSortInitiatedByUser flag after query param effect when sort was user-initiated 192ms
 ✓ src/test/webapp/app/evaluation/application-overview/application-overview.component.spec.ts > ApplicationOverviewComponent > Error Handling > logs error to console when loadPage fails 151ms
 ✓ src/test/webapp/app/usermanagement/research-group-template-edit/research-group-template-edit.spec.ts > ResearchGroupTemplateEdit > translateMentionsInTemplate() > 'updates inner span when contenteditab…' 121ms
 ✓ src/test/webapp/app/job/job-creation-form/job-creation-form.component.spec.ts > JobCreationFormComponent > should return undefined when findDropdownOption has no match 63ms
 ✓ src/test/webapp/app/job/job-creation-form/job-creation-form.component.spec.ts > JobCreationFormComponent > should disable steps in buildStepData when forms invalid 54ms
 ✓ src/test/webapp/app/job/my-positions/my-positions-page.component.spec.ts > MyPositionsPageComponent > should load jobs successfully 124ms
 ✓ src/test/webapp/app/evaluation/application-detail/application-detail.component.spec.ts > ApplicationDetailComponent > Accept / Reject Applications > should 'accept application and close dialog' 89ms
 ✓ src/test/webapp/app/shared/components/molecules/research-group-creation-form/research-group-creation-form-professor.component.spec.ts > ResearchGroupCreationFormComponent - Professor Mode > Error Handling > should handle HttpErrorResponse without error.message property 96ms
 ✓ src/test/webapp/app/usermanagement/research-group-template-edit/research-group-template-edit.spec.ts > ResearchGroupTemplateEdit > translateMentionsInTemplate() > 'skips mentions without id' 137ms
 ✓ src/test/webapp/app/job/job-creation-form/job-creation-form.component.spec.ts > JobCreationFormComponent > should handle init error by showing toast and navigating 62ms
 ✓ src/test/webapp/app/job/job-creation-form/job-creation-form.component.spec.ts > JobCreationFormComponent > should set jobId after creating a new job 39ms
 ✓ src/test/webapp/app/job/my-positions/my-positions-page.component.spec.ts > MyPositionsPageComponent > should handle loadJobs API error 120ms
 ✓ src/test/webapp/app/job/my-positions/my-positions-page.component.spec.ts > MyPositionsPageComponent > should delete job successfully 109ms
 ✓ src/test/webapp/app/job/job-creation-form/job-creation-form.component.spec.ts > JobCreationFormComponent > should clear autoSaveTimer if set 67ms
 ✓ src/test/webapp/app/job/job-creation-form/job-creation-form.component.spec.ts > JobCreationFormComponent > should set isLoading to false after init completes 57ms
 ✓ src/test/webapp/app/evaluation/application-detail/application-detail.component.spec.ts > ApplicationDetailComponent > Accept / Reject Applications > should 'reject application and close dialog' 98ms
 ✓ src/test/webapp/app/evaluation/application-detail/application-detail.component.spec.ts > ApplicationDetailComponent > Accept / Reject Applications > should open accept and reject dialogs 78ms
 ✓ src/test/webapp/app/shared/components/molecules/research-group-creation-form/research-group-creation-form-professor.component.spec.ts > ResearchGroupCreationFormComponent - Professor Mode > Error Handling > should handle non-HttpErrorResponse errors in professor mode 193ms
 ✓ src/test/webapp/app/shared/components/molecules/research-group-creation-form/research-group-creation-form-professor.component.spec.ts > ResearchGroupCreationFormComponent - Professor Mode > onCancel > should close dialog when cancel is clicked 88ms
 ✓ src/test/webapp/app/usermanagement/research-group-template-edit/research-group-template-edit.spec.ts > ResearchGroupTemplateEdit > translateMentionsInTemplate() > handles undefined 'english' safely 153ms
 ✓ src/test/webapp/app/evaluation/application-detail/application-detail.component.spec.ts > ApplicationDetailComponent > Accept / Reject Applications > should reject other applications when closing job 136ms
 ✓ src/test/webapp/app/job/my-positions/my-positions-page.component.spec.ts > MyPositionsPageComponent > should handle delete job error 102ms
 ✓ src/test/webapp/app/shared/components/molecules/research-group-creation-form/research-group-creation-form-professor.component.spec.ts > ResearchGroupCreationFormComponent - Professor Mode > Edge Cases > should handle missing dialog ref gracefully 106ms
 ✓ src/test/webapp/app/job/job-creation-form/job-creation-form.component.spec.ts > JobCreationFormComponent > should handle createJob returning null jobId 69ms
 ✓ src/test/webapp/app/job/job-creation-form/job-creation-form.component.spec.ts > JobCreationFormComponent > should execute panel1 onClick in buildStepData 43ms
 ✓ src/test/webapp/app/job/job-creation-form/job-creation-form.component.spec.ts > JobCreationFormComponent > should return early in publishJob when jobData is undefined 43ms
 ✓ src/test/webapp/app/usermanagement/research-group-template-edit/research-group-template-edit.spec.ts > ResearchGroupTemplateEdit > translateMentionsInTemplate() > handles undefined 'german' safely 164ms
 ✓ src/test/webapp/app/evaluation/application-detail/application-detail.component.spec.ts > ApplicationDetailComponent > Review Enable / Disable > canReview for ACCEPTED 107ms
 ✓ src/test/webapp/app/job/job-creation-form/job-creation-form.component.spec.ts > JobCreationFormComponent > should populate fundingType when job has it 69ms
 ✓ src/test/webapp/app/job/job-creation-form/job-creation-form.component.spec.ts > JobCreationFormComponent > should execute back buttons in buildStepData for panel2 and panel4 44ms
 ✓ src/test/webapp/app/usermanagement/research-group-template-edit/research-group-template-edit.spec.ts > ResearchGroupTemplateEdit > effects > 'early returns when non-default and mi…' 130ms
 ✓ src/test/webapp/app/job/my-positions/my-positions-page.component.spec.ts > MyPositionsPageComponent > should close job successfully 118ms
 ✓ src/test/webapp/app/job/my-positions/my-positions-page.component.spec.ts > MyPositionsPageComponent > should handle close job error 87ms
 ✓ src/test/webapp/app/shared/components/molecules/research-group-creation-form/research-group-creation-form-professor.component.spec.ts > ResearchGroupCreationFormComponent - Professor Mode > Edge Cases > should handle null values in optional fields 102ms
 ✓ src/test/webapp/app/shared/components/molecules/research-group-creation-form/research-group-creation-form-professor.component.spec.ts > ResearchGroupCreationFormComponent - Professor Mode > Edge Cases > should handle undefined values in optional fields 86ms
 ✓ src/test/webapp/app/evaluation/application-detail/application-detail.component.spec.ts > ApplicationDetailComponent > Review Enable / Disable > canReview for REJECTED 113ms
 ✓ src/test/webapp/app/usermanagement/research-group-template-edit/research-group-template-edit.spec.ts > ResearchGroupTemplateEdit > effects > 'sets SAVING and schedules autosave wh…' 103ms
 ✓ src/test/webapp/app/job/job-creation-form/job-creation-form.component.spec.ts > JobCreationFormComponent > should call updateJob when jobId is set in performAutoSave 60ms
 ✓ src/test/webapp/app/job/job-creation-form/job-creation-form.component.spec.ts > JobCreationFormComponent > should populate fundingType when DropdownOptions match 70ms
 ✓ src/test/webapp/app/job/my-positions/my-positions-page.component.spec.ts > MyPositionsPageComponent > should correctly build stateTextMap from availableStatusOptions 107ms
 ✓ src/test/webapp/app/shared/components/molecules/research-group-creation-form/research-group-creation-form-professor.component.spec.ts > ResearchGroupCreationFormComponent - Professor Mode > Edge Cases > should handle whitespace-only values in optional fields 102ms
 ✓ src/test/webapp/app/job/job-creation-form/job-creation-form.component.spec.ts > JobCreationFormComponent > should call confirm() on sendPublishDialog when publish step button clicked 64ms
 ✓ src/test/webapp/app/job/job-creation-form/job-creation-form.component.spec.ts > JobCreationFormComponent > should trigger performAutoSave from setupAutoSave effect 56ms
 ✓ src/test/webapp/app/evaluation/application-detail/application-detail.component.spec.ts > ApplicationDetailComponent > Review Enable / Disable > canReview for SENT 140ms
 ✓ src/test/webapp/app/shared/components/molecules/research-group-creation-form/research-group-creation-form-professor.component.spec.ts > ResearchGroupCreationFormComponent - Professor Mode > Loading State > should initialize with isSubmitting as false 110ms
 ✓ src/test/webapp/app/usermanagement/research-group-template-edit/research-group-template-edit.spec.ts > ResearchGroupTemplateEdit > effects > calls performAutoSave after 3s 105ms
 ✓ src/test/webapp/app/usermanagement/research-group-template-edit/research-group-template-edit.spec.ts > ResearchGroupTemplateEdit > effects > 'does not call load when templateId is…' 95ms
 ✓ src/test/webapp/app/job/my-positions/my-positions-page.component.spec.ts > MyPositionsPageComponent > should return early from loadJobs when userId is empty 109ms
 ✓ src/test/webapp/app/job/my-positions/my-positions-page.component.spec.ts > MyPositionsPageComponent > should handle loadOnTableEmit when event.first and rows are undefined 82ms
 ✓ src/test/webapp/app/job/job-creation-form/job-creation-form.component.spec.ts > JobCreationFormComponent > should enter edit mode and call getJobById when jobId is present 47ms
 ✓ src/test/webapp/app/job/job-creation-form/job-creation-form.component.spec.ts > JobCreationFormComponent > should build Job DTO with default empty strings when form fields missing 44ms
 ✓ src/test/webapp/app/job/job-creation-form/job-creation-form.component.spec.ts > JobCreationFormComponent > should build Job DTO with provided form values 41ms
 ✓ src/test/webapp/app/usermanagement/research-group-template-edit/research-group-template-edit.spec.ts > ResearchGroupTemplateEdit > effects > 'calls load when templateId is provided' 101ms
 ✓ src/test/webapp/app/evaluation/application-detail/application-detail.component.spec.ts > ApplicationDetailComponent > Review Enable / Disable > canReview for IN_REVIEW 147ms
 ✓ src/test/webapp/app/evaluation/application-detail/application-detail.component.spec.ts > ApplicationDetailComponent > State Management > should update currentApplicationState properly 80ms
 ✓ src/test/webapp/app/shared/components/molecules/research-group-creation-form/research-group-creation-form-professor.component.spec.ts > ResearchGroupCreationFormComponent - Professor Mode > Loading State > should prevent multiple simultaneous submissions 115ms
 ✓ src/test/webapp/app/shared/components/molecules/research-group-creation-form/research-group-creation-form-professor.component.spec.ts > ResearchGroupCreationFormComponent - Professor Mode > Professor Mode > should set mode to professor by default 85ms
 ✓ src/test/webapp/app/job/job-creation-form/job-creation-form.component.spec.ts > JobCreationFormComponent > should call onClick of step1 prev and next buttons 42ms
 ✓ src/test/webapp/app/job/job-creation-form/job-creation-form.component.spec.ts > JobCreationFormComponent > should execute panel2 next button onClick (noop) 42ms
 ✓ src/test/webapp/app/job/my-positions/my-positions-page.component.spec.ts > MyPositionsPageComponent > should fallback to original key when translation key not found in mapTranslationKeysToEnumValues 74ms
 ✓ src/test/webapp/app/job/my-positions/my-positions-page.component.spec.ts > MyPositionsPageComponent > should set userId to empty string when loadedUser returns undefined 88ms
 ✓ src/test/webapp/app/usermanagement/research-group-template-edit/research-group-template-edit.spec.ts > ResearchGroupTemplateEdit > mention source > returns all items when no search term 106ms
 ✓ src/test/webapp/app/evaluation/application-detail/application-detail.component.spec.ts > ApplicationDetailComponent > State Management > should handle undefined currentApplication safely 91ms
 ✓ src/test/webapp/app/application/application-creation-form/application-creation-form.component.spec.ts > ApplicationForm > should create the component 839ms
 ✓ src/test/webapp/app/job/my-positions/my-positions-page.component.spec.ts > MyPositionsPageComponent > should default jobs and totalRecords when API returns undefined content and totalElements 98ms
 ✓ src/test/webapp/app/usermanagement/research-group-template-edit/research-group-template-edit.spec.ts > ResearchGroupTemplateEdit > mention source > filters items by search term 110ms
 ✓ src/test/webapp/app/evaluation/application-detail/application-detail.component.spec.ts > ApplicationDetailComponent > Navigation > should navigate next and prev correctly 105ms
 ✓ src/test/webapp/app/shared/components/molecules/research-group-creation-form/research-group-creation-form-professor.component.spec.ts > ResearchGroupCreationFormComponent - Professor Mode > Professor Mode > should enable personal information fields in professor mode 84ms
 ✓ src/test/webapp/app/shared/components/molecules/research-group-creation-form/research-group-creation-form-professor.component.spec.ts > ResearchGroupCreationFormComponent - Professor Mode > Professor Mode > should require tumID validation in professor mode 95ms
 ✓ src/test/webapp/app/usermanagement/research-group-template-edit/research-group-template-edit.spec.ts > ResearchGroupTemplateEdit > beforeUnloadHandler > calls performAutoSave if unsaved changes exist 104ms
 ✓ src/test/webapp/app/evaluation/application-detail/application-detail.component.spec.ts > ApplicationDetailComponent > Navigation > should not navigate beyond boundaries 134ms
 ✓ src/test/webapp/app/job/my-positions/my-positions-page.component.spec.ts > MyPositionsPageComponent > should call loadJobs with non-empty filters 107ms
 ✓ src/test/webapp/app/job/my-positions/my-positions-page.component.spec.ts > MyPositionsPageComponent > should update job order when sorted by title 86ms
 ✓ src/test/webapp/app/application/application-creation-form/application-creation-form.component.spec.ts > ApplicationForm > should initialize jobId and applicationId from route 255ms
 ✓ src/test/webapp/app/usermanagement/research-group-template-edit/research-group-template-edit.spec.ts > ResearchGroupTemplateEdit > clearAutoSaveTimer > clears existing autosave timer 103ms
 ✓ src/test/webapp/app/shared/components/molecules/research-group-creation-form/research-group-creation-form-professor.component.spec.ts > ResearchGroupCreationFormComponent - Professor Mode > Professor Mode > should call createProfessorResearchGroupRequest in professor mode 92ms
 ✓ src/test/webapp/app/shared/components/molecules/research-group-creation-form/research-group-creation-form-professor.component.spec.ts > ResearchGroupCreationFormComponent - Professor Mode > Professor Mode > should call confirmOnboarding in professor mode 83ms
 ✓ src/test/webapp/app/evaluation/application-detail/application-detail.component.spec.ts > ApplicationDetailComponent > Navigation > should call loadNext when currentIndex + half < totalRecords 108ms
 ✓ src/test/webapp/app/shared/components/molecules/research-group-creation-form/research-group-creation-form-professor.component.spec.ts > ResearchGroupCreationFormComponent - Professor Mode > Professor Mode > should show professor success toast in professor mode 143ms
 ✓ src/test/webapp/app/evaluation/application-detail/application-detail.component.spec.ts > ApplicationDetailComponent > Navigation > should call loadPrev when currentIndex - half >= 0 126ms
 ✓ src/test/webapp/app/shared/components/molecules/research-group-creation-form/research-group-creation-form-professor.component.spec.ts > ResearchGroupCreationFormComponent - Professor Mode > Professor Mode > should show professor error toast when creation fails in professor mode 113ms
 ✓ src/test/webapp/app/evaluation/application-detail/application-detail.component.spec.ts > ApplicationDetailComponent > Error Handling > should show toast on loadAllJobNames failure 124ms
 ✓ src/test/webapp/app/application/application-creation-form/application-creation-page1.component.spec.ts > ApplicationPage1Component > should create the component and initial form is invalid 510ms
 ✓ src/test/webapp/app/application/application-creation-form/application-creation-page3.component.spec.ts > ApplicationPage3Component > Component Initialization > should create the component 358ms
 ✓ src/test/webapp/app/application/application-creation-form/application-creation-page1.component.spec.ts > ApplicationPage1Component > should become valid when all required fields are filled and postal code passes validation 150ms
 ✓ src/test/webapp/app/application/application-creation-form/application-creation-form.component.spec.ts > ApplicationForm > should call initPageCreateApplication when only jobId is provided in URL (no applicationId) 467ms
 ✓ src/test/webapp/app/evaluation/application-detail/application-detail.component.spec.ts > ApplicationDetailComponent > Error Handling > should show toast error when loadPage throws 107ms
 ✓ src/test/webapp/app/evaluation/application-detail/application-detail.component.spec.ts > ApplicationDetailComponent > Constants > should expose constants and derived values 89ms
 ✓ src/test/webapp/app/shared/components/molecules/research-group-creation-form/research-group-creation-form-professor.component.spec.ts > ResearchGroupCreationFormComponent - Professor Mode > Mode Switching > should default to professor mode when no config is provided 209ms
 ✓ src/test/webapp/app/application/application-creation-form/application-creation-page3.component.spec.ts > ApplicationPage3Component > CV Validation > should set cvValid to false when cvDocs is undefined or empty 114ms
 ✓ src/test/webapp/app/application/application-creation-form/application-creation-page3.component.spec.ts > ApplicationPage3Component > CV Validation > should set cvValid to true when cvDocs is provided 92ms
 ✓ src/test/webapp/app/application/application-creation-form/application-creation-page1.component.spec.ts > ApplicationPage1Component > should mark invalidPostalCode error when country is set and postal code is invalid 123ms
 ✓ src/test/webapp/app/shared/components/molecules/research-group-creation-form/research-group-creation-form-professor.component.spec.ts > ResearchGroupCreationFormComponent - Professor Mode > Mode Switching > should use mode from dialog config data 153ms
 ✓ src/test/webapp/app/evaluation/application-detail/application-detail.component.spec.ts > ApplicationDetailComponent > Constants > should compute currentApplicationId correctly 97ms
 ✓ src/test/webapp/app/evaluation/application-detail/application-detail.component.spec.ts > ApplicationDetailComponent > Window and Page Loading > should loadCarousel correctly and set state 92ms
 ✓ src/test/webapp/app/application/application-creation-form/application-creation-page3.component.spec.ts > ApplicationPage3Component > Document Input Handling > should return array with doc if documentIdsCv is defined 83ms
 ✓ src/test/webapp/app/application/application-creation-form/application-creation-form.component.spec.ts > ApplicationForm > should throw error when neither jobId nor applicationId is provided 276ms
 ✓ src/test/webapp/app/application/application-creation-form/application-creation-page1.component.spec.ts > ApplicationPage1Component > getPage1FromApplication maps fields properly 134ms
 ✓ src/test/webapp/app/evaluation/application-detail/application-detail.component.spec.ts > ApplicationDetailComponent > Window and Page Loading > should handle error in loadCarousel gracefully 105ms
 ✓ src/test/webapp/app/application/application-creation-form/application-creation-page3.component.spec.ts > ApplicationPage3Component > Document Input Handling > should return undefined if documentIdsCv is undefined 72ms
 ✓ src/test/webapp/app/application/application-creation-form/application-creation-page3.component.spec.ts > ApplicationPage3Component > Validation Status > should have invalid form status when required fields are empty 79ms
 ✓ src/test/webapp/app/application/application-creation-form/application-creation-page1.component.spec.ts > ApplicationPage1Component > should emit changed and valid when form changes 133ms
 ✓ src/test/webapp/app/evaluation/application-detail/application-detail.component.spec.ts > ApplicationDetailComponent > Window and Page Loading > should handle 'loadNext' window maintenance 113ms
 ✓ src/test/webapp/app/application/application-creation-form/application-creation-form.component.spec.ts > ApplicationForm > should call sendCreateApplicationData manually 202ms
 ✓ src/test/webapp/app/application/application-creation-form/application-creation-page3.component.spec.ts > ApplicationPage3Component > Validation Status > should have valid form status when required fields are filled and CV is set 60ms
 ✓ src/test/webapp/app/application/application-creation-form/application-creation-page3.component.spec.ts > ApplicationPage3Component > Initialization Behavior > should set hasInitialized flag when data is provided 76ms
 ✓ src/test/webapp/app/evaluation/application-detail/application-detail.component.spec.ts > ApplicationDetailComponent > Window and Page Loading > should handle 'loadNext' window maintenance 107ms
 ✓ src/test/webapp/app/application/application-creation-form/application-creation-page1.component.spec.ts > ApplicationPage1Component > setDateOfBirth should update data and emit changed 135ms
 ✓ src/test/webapp/app/application/application-creation-form/application-creation-page3.component.spec.ts > ApplicationPage3Component > Initialization Behavior > should not initialize when data is undefined 69ms
 ✓ src/test/webapp/app/application/application-creation-form/application-creation-page3.component.spec.ts > ApplicationPage3Component > Date Handling > should update desiredStartDate in data signal when setDesiredStartDate is called 81ms
 ✓ src/test/webapp/app/application/application-creation-form/application-creation-form.component.spec.ts > ApplicationForm > should show error if privacy is not accepted on send 216ms
 ✓ src/test/webapp/app/evaluation/application-detail/application-detail.component.spec.ts > ApplicationDetailComponent > Window and Page Loading > should handle 'loadPrev' window maintenance 110ms
 ✓ src/test/webapp/app/application/application-creation-form/application-creation-page1.component.spec.ts > ApplicationPage1Component > updateSelect should update select fields and emit changed 147ms
 ✓ src/test/webapp/app/application/application-creation-form/application-creation-page1.component.spec.ts > ApplicationPage1Component > should not return an error when country is undefined in postalCodeValidator 94ms
 ✓ src/test/webapp/app/application/application-creation-form/application-creation-form.component.spec.ts > ApplicationForm > should show error if doctoral requirements are not accepted on send 196ms
 ✓ src/test/webapp/app/application/application-creation-form/application-creation-page3.component.spec.ts > ApplicationPage3Component > Date Handling > should set desiredStartDate to empty string when desiredStartDateEvent is undefined 49ms
 ✓ src/test/webapp/app/application/application-creation-form/application-creation-page3.component.spec.ts > ApplicationPage3Component > Change Events > should emit changed when emitChanged is called 81ms
 ✓ src/test/webapp/app/evaluation/application-detail/application-detail.component.spec.ts > ApplicationDetailComponent > Window and Page Loading > should trim window on loadPrev when exceeding size 113ms
 ✓ src/test/webapp/app/evaluation/application-detail/application-detail.component.spec.ts > ApplicationDetailComponent > Window and Page Loading > should updateApplications trim front when windowIndex > half 97ms
 ✓ src/test/webapp/app/application/application-creation-form/application-creation-page1.component.spec.ts > ApplicationPage1Component > should not return an error when postal code is empty 112ms
 ✓ src/test/webapp/app/shared/components/molecules/onboarding-dialog/employee-request-access-form/employee-request-access-form.component.spec.ts > EmployeeRequestAccessFormComponent > should create 260ms
 ✓ src/test/webapp/app/shared/components/molecules/onboarding-dialog/employee-request-access-form/employee-request-access-form.component.spec.ts > EmployeeRequestAccessFormComponent > Form Initialization > should initialize with professorName field 44ms
 ✓ src/test/webapp/app/application/application-creation-form/application-creation-form.component.spec.ts > ApplicationForm > should send application if privacy accepted 187ms
 ✓ src/test/webapp/app/application/application-creation-form/application-creation-page1.component.spec.ts > ApplicationPage1Component > should return an error when country code is invalid or unsupported 156ms
 ✓ src/test/webapp/app/shared/components/molecules/onboarding-dialog/employee-request-access-form/employee-request-access-form.component.spec.ts > EmployeeRequestAccessFormComponent > Form Initialization > should initialize form with empty value 90ms
 ✓ src/test/webapp/app/shared/components/molecules/onboarding-dialog/employee-request-access-form/employee-request-access-form.component.spec.ts > EmployeeRequestAccessFormComponent > Form Initialization > should mark professorName as required 51ms
 ✓ src/test/webapp/app/evaluation/application-detail/application-detail.component.spec.ts > ApplicationDetailComponent > Window and Page Loading > should updateApplications trim end when right side too large 120ms
 ✓ src/test/webapp/app/evaluation/application-detail/application-detail.component.spec.ts > ApplicationDetailComponent > Window and Page Loading > should build query params with and without search 90ms
 ✓ src/test/webapp/app/application/application-creation-form/application-creation-page1.component.spec.ts > ApplicationPage1Component > updateSelect should allow setting undefined value 98ms
 ✓ src/test/webapp/app/application/application-overview-for-applicant/application-overview-for-applicant.component.spec.ts > ApplicationOverviewForApplicantComponent > should create the component 253ms
 ✓ src/test/webapp/app/application/application-overview-for-applicant/application-overview-for-applicant.component.spec.ts > ApplicationOverviewForApplicantComponent > should initialize with default values 79ms
 ✓ src/test/webapp/app/shared/components/molecules/onboarding-dialog/employee-request-access-form/employee-request-access-form.component.spec.ts > EmployeeRequestAccessFormComponent > Form Initialization > should enforce minimum length of 3 characters 64ms
 ✓ src/test/webapp/app/shared/components/molecules/onboarding-dialog/employee-request-access-form/employee-request-access-form.component.spec.ts > EmployeeRequestAccessFormComponent > Form Validation > should be invalid when professorName is empty 38ms
 ✓ src/test/webapp/app/shared/components/molecules/onboarding-dialog/employee-request-access-form/employee-request-access-form.component.spec.ts > EmployeeRequestAccessFormComponent > Form Validation > should be invalid when professorName is less than 3 characters 58ms
 ✓ src/test/webapp/app/application/application-creation-form/application-creation-page3.component.spec.ts > ApplicationPage3Component > Data Normalization > should normalize undefined values to empty strings in data signal 365ms
 ✓ src/test/webapp/app/application/application-creation-form/application-creation-page3.component.spec.ts > ApplicationPage3Component > getPage3FromApplication > should extract all fields when all values are present 48ms
 ✓ src/test/webapp/app/application/application-creation-form/application-creation-page1.component.spec.ts > ApplicationPage1Component > setDateOfBirth should handle undefined input 125ms
 ✓ src/test/webapp/app/shared/components/molecules/search-filter-sort-bar.spec.ts > SearchFilterSortBar > should initialize with default values 199ms
 ✓ src/test/webapp/app/shared/components/molecules/search-filter-sort-bar.spec.ts > SearchFilterSortBar > should emit search output with debounce 25ms
 ✓ src/test/webapp/app/shared/components/molecules/search-filter-sort-bar.spec.ts > SearchFilterSortBar > should clear previous debounce timeout on new search 22ms
 ✓ src/test/webapp/app/shared/components/molecules/search-filter-sort-bar.spec.ts > SearchFilterSortBar > should emit multiple searches with proper debouncing 24ms
 ✓ src/test/webapp/app/evaluation/application-detail/application-detail.component.spec.ts > ApplicationDetailComponent > Window and Page Loading > should updateUrlQueryParams call router.navigate 107ms
 ✓ src/test/webapp/app/evaluation/application-detail/application-detail.component.spec.ts > ApplicationDetailComponent > Window and Page Loading > should updateDocumentInformation set currentDocumentIds 82ms
 ✓ src/test/webapp/app/application/application-overview-for-applicant/application-overview-for-applicant.component.spec.ts > ApplicationOverviewForApplicantComponent > loadPage > should load page data successfully 82ms
 ✓ src/test/webapp/app/application/application-overview-for-applicant/application-overview-for-applicant.component.spec.ts > ApplicationOverviewForApplicantComponent > loadPage > should calculate page number from first and rows 66ms
 ✓ src/test/webapp/app/shared/components/molecules/onboarding-dialog/employee-request-access-form/employee-request-access-form.component.spec.ts > EmployeeRequestAccessFormComponent > Form Validation > should be valid when professorName has at least 3 characters 58ms
 ✓ src/test/webapp/app/shared/components/molecules/onboarding-dialog/employee-request-access-form/employee-request-access-form.component.spec.ts > EmployeeRequestAccessFormComponent > onSubmit > should not trigger confirm dialog when form is invalid 46ms
 ✓ src/test/webapp/app/application/application-creation-form/application-creation-page3.component.spec.ts > ApplicationPage3Component > getPage3FromApplication > should return empty string for missing desiredDate 74ms
 ✓ src/test/webapp/app/application/application-creation-form/application-creation-page3.component.spec.ts > ApplicationPage3Component > getPage3FromApplication > should return empty string for missing motivation 80ms
 ✓ src/test/webapp/app/application/application-creation-form/application-creation-form.component.spec.ts > ApplicationForm > initPageForLocalStorage > should load from local storage when unauthenticated 326ms
 ✓ src/test/webapp/app/shared/components/molecules/search-filter-sort-bar.spec.ts > SearchFilterSortBar > should emit filter change 39ms
 ✓ src/test/webapp/app/evaluation/application-detail/application-detail.component.spec.ts > ApplicationDetailComponent > Initialization from Query Params > should initialize from query params 129ms
 ✓ src/test/webapp/app/application/application-creation-form/application-creation-page1.component.spec.ts > ApplicationPage1Component > should include optional fields in form and allow valid values 114ms
 ✓ src/test/webapp/app/shared/components/molecules/onboarding-dialog/employee-request-access-form/employee-request-access-form.component.spec.ts > EmployeeRequestAccessFormComponent > onSubmit > should trigger confirm dialog when form is valid 78ms
 ✓ src/test/webapp/app/shared/components/molecules/onboarding-dialog/employee-request-access-form/employee-request-access-form.component.spec.ts > EmployeeRequestAccessFormComponent > onConfirmSubmit > should not submit when form is invalid 34ms
 ✓ src/test/webapp/app/shared/components/molecules/onboarding-dialog/employee-request-access-form/employee-request-access-form.component.spec.ts > EmployeeRequestAccessFormComponent > onConfirmSubmit > should not submit when already submitting 42ms
 ✓ src/test/webapp/app/application/application-overview-for-applicant/application-overview-for-applicant.component.spec.ts > ApplicationOverviewForApplicantComponent > loadPage > should use default values when first and rows are undefined 73ms
 ✓ src/test/webapp/app/application/application-overview-for-applicant/application-overview-for-applicant.component.spec.ts > ApplicationOverviewForApplicantComponent > loadPage > should set loading to false after load completes 90ms
 ✓ src/test/webapp/app/application/application-creation-form/application-creation-page3.component.spec.ts > ApplicationPage3Component > getPage3FromApplication > should return empty string for missing specialSkills 57ms
 ✓ src/test/webapp/app/application/application-creation-form/application-creation-page3.component.spec.ts > ApplicationPage3Component > getPage3FromApplication > should return empty string for missing projects 87ms
 ✓ src/test/webapp/app/shared/components/molecules/search-filter-sort-bar.spec.ts > SearchFilterSortBar > should emit sort change 121ms
 ✓ src/test/webapp/app/shared/components/molecules/search-filter-sort-bar.spec.ts > SearchFilterSortBar > should display filters when provided 16ms
 ✓ src/test/webapp/app/shared/components/molecules/search-filter-sort-bar.spec.ts > SearchFilterSortBar > should display sort options when provided 61ms
 ✓ src/test/webapp/app/application/application-creation-form/application-creation-page1.component.spec.ts > ApplicationPage1Component > getPage1FromApplication handles missing fields gracefully 159ms
 ✓ src/test/webapp/app/shared/components/molecules/onboarding-dialog/employee-request-access-form/employee-request-access-form.component.spec.ts > EmployeeRequestAccessFormComponent > onConfirmSubmit > should call research group service with trimmed professor name 47ms
 ✓ src/test/webapp/app/shared/components/molecules/onboarding-dialog/employee-request-access-form/employee-request-access-form.component.spec.ts > EmployeeRequestAccessFormComponent > onConfirmSubmit > should set isSubmitting to true during submission 54ms
 ✓ src/test/webapp/app/application/application-creation-form/application-creation-form.component.spec.ts > ApplicationForm > initPageForLocalStorage > should show error message when jobId is null in initPageForLocalStorageCase 221ms
 ✓ src/test/webapp/app/evaluation/application-detail/application-detail.component.spec.ts > ApplicationDetailComponent > Initialization from Query Params > should initialize from query params 104ms
 ✓ src/test/webapp/app/evaluation/application-detail/application-detail.component.spec.ts > ApplicationDetailComponent > Initialization from Query Params > should initialize from query params 74ms
 ✓ src/test/webapp/app/application/application-creation-form/application-creation-page3.component.spec.ts > ApplicationPage3Component > getPage3FromApplication > should return empty strings for all undefined fields 45ms
 ✓ src/test/webapp/app/shared/components/molecules/search-filter-sort-bar.spec.ts > SearchFilterSortBar > should handle empty filters array 28ms
 ✓ src/test/webapp/app/shared/components/molecules/search-filter-sort-bar.spec.ts > SearchFilterSortBar > should handle undefined sortable fields 49ms
 ✓ src/test/webapp/app/shared/components/molecules/search-filter-sort-bar.spec.ts > SearchFilterSortBar > should display correct total records 17ms
 ✓ src/test/webapp/app/shared/components/molecules/search-filter-sort-bar.spec.ts > SearchFilterSortBar > should use single entity for count of 1 23ms
 ✓ src/test/webapp/app/application/application-overview-for-applicant/application-overview-for-applicant.component.spec.ts > ApplicationOverviewForApplicantComponent > loadPage > should handle error when loading page fails 77ms
 ✓ src/test/webapp/app/application/application-overview-for-applicant/application-overview-for-applicant.component.spec.ts > ApplicationOverviewForApplicantComponent > onViewApplication > should navigate to application detail page 64ms
 ✓ src/test/webapp/app/shared/components/molecules/onboarding-dialog/employee-request-access-form/employee-request-access-form.component.spec.ts > EmployeeRequestAccessFormComponent > onConfirmSubmit > should call confirmOnboarding after successful request 64ms
 ✓ src/test/webapp/app/shared/components/molecules/onboarding-dialog/employee-request-access-form/employee-request-access-form.component.spec.ts > EmployeeRequestAccessFormComponent > onConfirmSubmit > should show success toast after successful submission 51ms
 ✓ src/test/webapp/app/evaluation/application-detail/application-detail.component.spec.ts > ApplicationDetailComponent > Initialization from Query Params > should initialize from query params 100ms
 ✓ src/test/webapp/app/application/application-overview-for-applicant/application-overview-for-applicant.component.spec.ts > ApplicationOverviewForApplicantComponent > onUpdateApplication > should navigate to application form with query params 61ms
 ✓ src/test/webapp/app/application/application-overview-for-applicant/application-overview-for-applicant.component.spec.ts > ApplicationOverviewForApplicantComponent > onDeleteApplication > should delete application and show success toast 72ms
 ✓ src/test/webapp/app/shared/components/molecules/search-filter-sort-bar.spec.ts > SearchFilterSortBar > should use multiple entities for count more than 1 18ms
 ✓ src/test/webapp/app/shared/components/molecules/search-filter-sort-bar.spec.ts > SearchFilterSortBar > should handle search text placeholder 21ms
 ✓ src/test/webapp/app/shared/components/molecules/search-filter-sort-bar.spec.ts > SearchFilterSortBar > DOM rendering > should render search input element 21ms
 ✓ src/test/webapp/app/shared/components/molecules/search-filter-sort-bar.spec.ts > SearchFilterSortBar > DOM rendering > should render search icon 22ms
 ✓ src/test/webapp/app/shared/components/molecules/search-filter-sort-bar.spec.ts > SearchFilterSortBar > DOM rendering > should render filter components when filters are provided 24ms
 ✓ src/test/webapp/app/shared/components/molecules/search-filter-sort-bar.spec.ts > SearchFilterSortBar > DOM rendering > should not render filter components when filters array is empty 10ms
 ✓ src/test/webapp/app/shared/components/molecules/onboarding-dialog/employee-request-access-form/employee-request-access-form.component.spec.ts > EmployeeRequestAccessFormComponent > onConfirmSubmit > should close dialog after successful submission 76ms
 ✓ src/test/webapp/app/shared/components/molecules/onboarding-dialog/employee-request-access-form/employee-request-access-form.component.spec.ts > EmployeeRequestAccessFormComponent > onConfirmSubmit > should set isSubmitting to false after successful submission 36ms
 ✓ src/test/webapp/app/shared/components/molecules/onboarding-dialog/employee-request-access-form/employee-request-access-form.component.spec.ts > EmployeeRequestAccessFormComponent > Error Handling > should show error toast when request fails 41ms
 ✓ src/test/webapp/app/evaluation/application-detail/application-detail.component.spec.ts > ApplicationDetailComponent > Miscellaneous > should call rejectOtherApplicationsOfJob with empty string when jobId is undefined 115ms
 ✓ src/test/webapp/app/evaluation/application-detail/application-detail.component.spec.ts > ApplicationDetailComponent > Miscellaneous > should map translation keys to enum values, falling back when key not found 86ms
 ✓ src/test/webapp/app/application/application-overview-for-applicant/application-overview-for-applicant.component.spec.ts > ApplicationOverviewForApplicantComponent > onDeleteApplication > should show error toast when delete fails 56ms
 ✓ src/test/webapp/app/application/application-overview-for-applicant/application-overview-for-applicant.component.spec.ts > ApplicationOverviewForApplicantComponent > onDeleteApplication > should not reload page if lastLazyLoadEvent is undefined 64ms
 ✓ src/test/webapp/app/shared/components/atoms/confirm-dialog/confirm-dialog.spec.ts > ConfirmDialog > Component Initialization > should create the component 255ms
 ✓ src/test/webapp/app/shared/components/atoms/confirm-dialog/confirm-dialog.spec.ts > ConfirmDialog > Input Properties and Defaults > should default showOpenButton to true 47ms
 ✓ src/test/webapp/app/shared/components/atoms/confirm-dialog/confirm-dialog.spec.ts > ConfirmDialog > Input Properties and Defaults > should use default primary severity when not specified 33ms
 ✓ src/test/webapp/app/shared/components/molecules/search-filter-sort-bar.spec.ts > SearchFilterSortBar > DOM rendering > should render sorting component when sortable fields are provided 48ms
 ✓ src/test/webapp/app/shared/components/molecules/search-filter-sort-bar.spec.ts > SearchFilterSortBar > DOM rendering > should not render sorting component when sortable fields are undefined 34ms
 ✓ src/test/webapp/app/shared/components/molecules/search-filter-sort-bar.spec.ts > SearchFilterSortBar > DOM rendering > should render record count element 17ms
 ✓ src/test/webapp/app/shared/components/molecules/search-filter-sort-bar.spec.ts > SearchFilterSortBar > DOM rendering > should render "Filter by" text when filters are present 20ms
 ✓ src/test/webapp/app/shared/components/molecules/onboarding-dialog/employee-request-access-form/employee-request-access-form.component.spec.ts > EmployeeRequestAccessFormComponent > Error Handling > should not close dialog when submission fails 35ms
 ✓ src/test/webapp/app/shared/components/molecules/onboarding-dialog/employee-request-access-form/employee-request-access-form.component.spec.ts > EmployeeRequestAccessFormComponent > Error Handling > should set isSubmitting to false after failed submission 47ms
 ✓ src/test/webapp/app/evaluation/application-detail/application-detail.component.spec.ts > ApplicationDetailComponent > Load Page > should load applications with filters and search set 73ms
 ✓ src/test/webapp/app/evaluation/application-detail/application-detail.component.spec.ts > ApplicationDetailComponent > Load Page > should handle undefined totalRecords and applications gracefully 84ms
 ✓ src/test/webapp/app/shared/components/atoms/confirm-dialog/confirm-dialog.spec.ts > ConfirmDialog > Input Properties and Defaults > should apply severity prop correctly 60ms
 ✓ src/test/webapp/app/shared/components/atoms/confirm-dialog/confirm-dialog.spec.ts > ConfirmDialog > Input Properties and Defaults > should apply variant prop correctly 66ms
 ✓ src/test/webapp/app/shared/components/molecules/search-filter-sort-bar.spec.ts > SearchFilterSortBar > DOM rendering > should render "Sort by" text when sortable fields are present 78ms
 ✓ src/test/webapp/app/shared/components/molecules/search-filter-sort-bar.spec.ts > SearchFilterSortBar > cleanup > should call clearTimeout when onSearch is called again before timeout 15ms
 ✓ src/test/webapp/app/shared/components/molecules/search-filter-sort-bar.spec.ts > SearchFilterSortBar > cleanup > should not call clearTimeout on first search 19ms
 ✓ src/test/webapp/app/shared/components/molecules/search-filter-sort-bar.spec.ts > SearchFilterSortBar > cleanup > should clear timeout multiple times for rapid searches 8ms
 ✓ src/test/webapp/app/shared/components/molecules/search-filter-sort-bar.spec.ts > SearchFilterSortBar > edge cases > should handle empty search input 11ms
 ✓ src/test/webapp/app/shared/components/molecules/search-filter-sort-bar.spec.ts > SearchFilterSortBar > edge cases > should handle very long search input 8ms
 ✓ src/test/webapp/app/usermanagement/research-group-templates/research-group-templates.spec.ts > ResearchGroupTemplates > loadPage() > loads templates successfully 361ms
 ✓ src/test/webapp/app/shared/components/molecules/onboarding-dialog/employee-request-access-form/employee-request-access-form.component.spec.ts > EmployeeRequestAccessFormComponent > Error Handling > should not call confirmOnboarding when request fails 65ms
 ✓ src/test/webapp/app/shared/components/molecules/onboarding-dialog/employee-request-access-form/employee-request-access-form.component.spec.ts > EmployeeRequestAccessFormComponent > onCancel > should close dialog when cancel is clicked 58ms
 ✓ src/test/webapp/app/application/application-overview-for-applicant/application-overview-for-applicant.component.spec.ts > ApplicationOverviewForApplicantComponent > onWithdrawApplication > should withdraw application and show success toast 85ms
 ✓ src/test/webapp/app/application/application-overview-for-applicant/application-overview-for-applicant.component.spec.ts > ApplicationOverviewForApplicantComponent > onWithdrawApplication > should show error toast when withdraw fails 94ms
 ✓ src/test/webapp/app/application/application-creation-form/application-creation-form.component.spec.ts > ApplicationForm > initPageForLocalStorage > should load data when jobId is empty string in initPageForLocalStorageCase 216ms
 ✓ src/test/webapp/app/evaluation/application-detail/application-detail.component.spec.ts > ApplicationDetailComponent > Load Window with Filters > should load applications window with filters and search set 59ms
 ✓ src/test/webapp/app/usermanagement/research-group-templates/research-group-templates.spec.ts > ResearchGroupTemplates > loadPage() > shows error toast if API fails 109ms
 ✓ src/test/webapp/app/shared/components/atoms/confirm-dialog/confirm-dialog.spec.ts > ConfirmDialog > Input Properties and Defaults > should apply confirmIcon prop correctly 38ms
 ✓ src/test/webapp/app/shared/components/atoms/confirm-dialog/confirm-dialog.spec.ts > ConfirmDialog > Open Button Behaviour > should display open button when showOpenButton is true 56ms
 ✓ src/test/webapp/app/shared/components/atoms/confirm-dialog/confirm-dialog.spec.ts > ConfirmDialog > Open Button Behaviour > should hide open button when showOpenButton is false 26ms
 ✓ src/test/webapp/app/shared/components/molecules/search-filter-sort-bar.spec.ts > SearchFilterSortBar > edge cases > should handle search input with special characters 26ms
 ✓ src/test/webapp/app/shared/components/molecules/search-filter-sort-bar.spec.ts > SearchFilterSortBar > edge cases > should handle search input with whitespace only 8ms
 ✓ src/test/webapp/app/shared/components/molecules/search-filter-sort-bar.spec.ts > SearchFilterSortBar > edge cases > should handle totalRecords of 0 21ms
 ✓ src/test/webapp/app/shared/components/molecules/search-filter-sort-bar.spec.ts > SearchFilterSortBar > edge cases > should handle very large totalRecords number 40ms
 ✓ src/test/webapp/app/shared/components/molecules/search-filter-sort-bar.spec.ts > SearchFilterSortBar > edge cases > should handle filter change with empty selected values 26ms
 ✓ src/test/webapp/app/shared/components/molecules/onboarding-dialog/employee-request-access-form/employee-request-access-form.component.spec.ts > EmployeeRequestAccessFormComponent > onBack > should close current dialog 55ms
 ✓ src/test/webapp/app/shared/components/molecules/onboarding-dialog/employee-request-access-form/employee-request-access-form.component.spec.ts > EmployeeRequestAccessFormComponent > onBack > should reopen main onboarding dialog with correct configuration 37ms
 ✓ src/test/webapp/app/shared/components/molecules/onboarding-dialog/employee-request-access-form/employee-request-access-form.component.spec.ts > EmployeeRequestAccessFormComponent > Edge Cases > should handle missing dialog ref gracefully on cancel 33ms
 ✓ src/test/webapp/app/evaluation/application-detail/application-detail.component.spec.ts > ApplicationDetailComponent > Load Window with Filters > should handle undefined values gracefully in loadCarousel 110ms
 ✓ src/test/webapp/app/usermanagement/research-group-templates/research-group-templates.spec.ts > ResearchGroupTemplates > loadPage() > sets empty array and total=0 when API returns undefined values 106ms
 ✓ src/test/webapp/app/shared/components/atoms/confirm-dialog/confirm-dialog.spec.ts > ConfirmDialog > Open Button Behaviour > should display correct label on open button 40ms
 ✓ src/test/webapp/app/shared/components/atoms/confirm-dialog/confirm-dialog.spec.ts > ConfirmDialog > Open Button Behaviour > should pass correct icon to open button component 62ms
 ✓ src/test/webapp/app/shared/components/atoms/confirm-dialog/confirm-dialog.spec.ts > ConfirmDialog > Open Button Behaviour > should pass correct severity to button component 30ms
 ✓ src/test/webapp/app/shared/components/molecules/onboarding-dialog/employee-request-access-form/employee-request-access-form.component.spec.ts > EmployeeRequestAccessFormComponent > Edge Cases > should handle whitespace-only professor name by trimming 56ms
 ✓ src/test/webapp/app/shared/components/molecules/onboarding-dialog/employee-request-access-form/employee-request-access-form.component.spec.ts > EmployeeRequestAccessFormComponent > Loading State > should initialize with isSubmitting as false 51ms
 ✓ src/test/webapp/app/application/application-creation-form/application-creation-form.component.spec.ts > ApplicationForm > initPageForLocalStorage > should load data when jobId is provided in initPageForLocalStorageCase 426ms
 ✓ src/test/webapp/app/shared/components/molecules/search-filter-sort-bar.spec.ts > SearchFilterSortBar > edge cases > should handle filter change with different filterId values 29ms
 ✓ src/test/webapp/app/shared/components/molecules/search-filter-sort-bar.spec.ts > SearchFilterSortBar > should pass filterId to filter components 11ms
 ✓ src/test/webapp/app/shared/components/molecules/search-filter-sort-bar.spec.ts > SearchFilterSortBar > should handle filters with all properties 34ms
 ✓ src/test/webapp/app/shared/components/molecules/search-filter-sort-bar.spec.ts > SearchFilterSortBar > should handle filters without shouldTranslateOptions 20ms
 ✓ src/test/webapp/app/application/application-overview-for-applicant/application-overview-for-applicant.component.spec.ts > ApplicationOverviewForApplicantComponent > onWithdrawApplication > should not reload page if lastLazyLoadEvent is undefined 50ms
 ✓ src/test/webapp/app/shared/components/molecules/onboarding-dialog/employee-request-access-form/employee-request-access-form.component.spec.ts > EmployeeRequestAccessFormComponent > Loading State > should prevent multiple simultaneous submissions 46ms
 ✓ src/test/webapp/app/shared/components/atoms/confirm-dialog/confirm-dialog.spec.ts > ConfirmDialog > Open Button Behaviour > should pass correct variant to button component 27ms
 ✓ src/test/webapp/app/shared/components/atoms/confirm-dialog/confirm-dialog.spec.ts > ConfirmDialog > Open Button Behaviour > should call confirm() when open button is clicked 45ms
 ✓ src/test/webapp/app/shared/components/atoms/confirm-dialog/confirm-dialog.spec.ts > ConfirmDialog > Confirm Method and Dialog Behaviour > should call confirmationService.confirm when confirm() is called 31ms
 ✓ src/test/webapp/app/usermanagement/research-group-templates/research-group-templates.spec.ts > ResearchGroupTemplates > delete() > 'deletes template successfully and sho…' 99ms
 ✓ src/test/webapp/app/usermanagement/research-group-templates/research-group-templates.spec.ts > ResearchGroupTemplates > delete() > 'shows error toast if deletion fails b…' 67ms
 ✓ src/test/webapp/app/application/application-overview-for-applicant/application-overview-for-applicant.component.spec.ts > ApplicationOverviewForApplicantComponent > effect - applicantId update > should reload total when user changes 266ms
 ✓ src/test/webapp/app/shared/components/atoms/confirm-dialog/confirm-dialog.spec.ts > ConfirmDialog > Confirm Method and Dialog Behaviour > should use correct header and message in confirmation dialog 52ms
 ✓ src/test/webapp/app/shared/components/atoms/confirm-dialog/confirm-dialog.spec.ts > ConfirmDialog > Confirm Method and Dialog Behaviour > should handle undefined header gracefully 13ms
 ✓ src/test/webapp/app/shared/components/atoms/confirm-dialog/confirm-dialog.spec.ts > ConfirmDialog > Confirm Method and Dialog Behaviour > should handle undefined message gracefully 17ms
 ✓ src/test/webapp/app/shared/components/atoms/confirm-dialog/confirm-dialog.spec.ts > ConfirmDialog > Confirm Method and Dialog Behaviour > should pass icon to confirm button in dialog 35ms
 ✓ src/test/webapp/app/application/application-creation-form/application-creation-form.component.spec.ts > ApplicationForm > initPageForLocalStorage > should set title when jobDetails are fetched with title in initPageForLocalStorageCase 283ms
 ✓ src/test/webapp/app/usermanagement/research-group-templates/research-group-templates.spec.ts > ResearchGroupTemplates > navigation > navigateToCreate navigates correctly 96ms
 ✓ src/test/webapp/app/usermanagement/research-group-templates/research-group-templates.spec.ts > ResearchGroupTemplates > navigation > navigateToEdit navigates correctly 52ms
 ✓ src/test/webapp/app/application/application-overview-for-applicant/application-overview-for-applicant.component.spec.ts > ApplicationOverviewForApplicantComponent > effect - applicantId update > should handle undefined user 149ms
 ✓ src/test/webapp/app/usermanagement/research-group-templates/research-group-templates.spec.ts > ResearchGroupTemplates > tableData mapping > builds row for 'default template with name' 82ms
 ✓ src/test/webapp/app/shared/components/atoms/confirm-dialog/confirm-dialog.spec.ts > ConfirmDialog > Accept and Reject Behaviour > should emit confirmed event with data when accept is called 36ms
 ✓ src/test/webapp/app/shared/components/atoms/confirm-dialog/confirm-dialog.spec.ts > ConfirmDialog > Accept and Reject Behaviour > should emit confirmed event with undefined when no data is provided 29ms
 ✓ src/test/webapp/app/shared/components/atoms/confirm-dialog/confirm-dialog.spec.ts > ConfirmDialog > Accept and Reject Behaviour > should not emit confirmed when accept is not called 27ms
 ✓ src/test/webapp/app/shared/components/atoms/confirm-dialog/confirm-dialog.spec.ts > ConfirmDialog > Accept and Reject Behaviour > should not emit confirmed when dialog is rejected 39ms
 ✓ src/test/webapp/app/application/application-creation-form/application-creation-form.component.spec.ts > ApplicationForm > initPageForLocalStorage > should handle missing title in jobDetails in initPageForLocalStorageCase 218ms
 ✓ src/test/webapp/app/usermanagement/research-group-templates/research-group-templates.spec.ts > ResearchGroupTemplates > tableData mapping > builds row for 'default template without name' 103ms
 ✓ src/test/webapp/app/usermanagement/research-group-templates/research-group-templates.spec.ts > ResearchGroupTemplates > tableData mapping > builds row for 'non-default template with first/last …' 47ms
 ✓ src/test/webapp/app/application/application-creation-form/application-creation-form.component.spec.ts > ApplicationForm > initPageForLocalStorage > should handle error when fetching jobDetails in initPageForLocalStorageCase 211ms
 ✓ src/test/webapp/app/usermanagement/research-group-templates/research-group-templates.spec.ts > ResearchGroupTemplates > onTableEmit() > 'handles undefined first/rows by using…' 72ms
 ✓ src/test/webapp/app/usermanagement/research-group-templates/research-group-templates.spec.ts > ResearchGroupTemplates > onTableEmit() > 'calculates correct page number from f…' 53ms
 ✓ src/test/webapp/app/application/application-creation-form/application-creation-form.component.spec.ts > ApplicationForm > should set savingstate to SAVING onValueChanged 125ms
 ✓ src/test/webapp/app/job/job-detail/job-detail.component.spec.ts > JobDetailComponent > should create component 158ms
 ✓ src/test/webapp/app/job/job-detail/job-detail.component.spec.ts > JobDetailComponent > should call location.back on onBack() 11ms
 ✓ src/test/webapp/app/job/job-detail/job-detail.component.spec.ts > JobDetailComponent > should navigate to apply form on onApply() 34ms
 ✓ src/test/webapp/app/job/job-detail/job-detail.component.spec.ts > JobDetailComponent > should navigate to edit application on onEditApplication() 12ms
 ✓ src/test/webapp/app/job/job-detail/job-detail.component.spec.ts > JobDetailComponent > should navigate to view application on onViewApplication() 9ms
 ✓ src/test/webapp/app/job/job-detail/job-detail.component.spec.ts > JobDetailComponent > should navigate to edit job on onEditJob() 24ms
 ✓ src/test/webapp/app/application/application-creation-form/application-creation-form.component.spec.ts > ApplicationForm > saveToLocalStorage > should save application draft to localStorage and return true on success 168ms
 ✓ src/test/webapp/app/application/application-creation-form/application-creation-page2.component.spec.ts > ApplicationPage2Component > Component Initialization > should create the component 155ms
 ✓ src/test/webapp/app/job/job-detail/job-detail.component.spec.ts > JobDetailComponent > should handle missing jobId in onEditJob() 40ms
 ✓ src/test/webapp/app/job/job-detail/job-detail.component.spec.ts > JobDetailComponent > should return false in hasResearchGroupDescription when description is missing 33ms
 ✓ src/test/webapp/app/job/job-detail/job-detail.component.spec.ts > JobDetailComponent > should return false when description contains only empty HTML tags 22ms
 ✓ src/test/webapp/app/job/job-detail/job-detail.component.spec.ts > JobDetailComponent > should return true when description contains text inside HTML 11ms
 ✓ src/test/webapp/app/job/job-detail/job-detail.component.spec.ts > JobDetailComponent > should navigate to research group info on onEditResearchGroup() 27ms
 ✓ src/test/webapp/app/application/application-creation-form/application-creation-page2.component.spec.ts > ApplicationPage2Component > Component Initialization > should populate the form with initial data 163ms
 ✓ src/test/webapp/app/application/application-creation-form/application-creation-page2.component.spec.ts > ApplicationPage2Component > Component Initialization > should mark fields as touched and invalid when initialized with incomplete data 66ms
 ✓ src/test/webapp/app/application/application-creation-form/application-creation-page2.component.spec.ts > ApplicationPage2Component > Form Validation > should have an invalid form when required fields are missing 4ms
 ✓ src/test/webapp/app/application/application-creation-form/application-creation-form.component.spec.ts > ApplicationForm > saveToLocalStorage > should show error toast and return false when saveApplicationDraft throws an error 189ms
 ✓ src/test/webapp/app/job/job-detail/job-detail.component.spec.ts > JobDetailComponent > should call trimWebsiteUrl util function 30ms
 ✓ src/test/webapp/app/job/job-detail/job-detail.component.spec.ts > JobDetailComponent > should close job successfully 22ms
 ✓ src/test/webapp/app/job/job-detail/job-detail.component.spec.ts > JobDetailComponent > should handle close job error 9ms
 ✓ src/test/webapp/app/job/job-detail/job-detail.component.spec.ts > JobDetailComponent > should delete job successfully 16ms
 ✓ src/test/webapp/app/job/job-detail/job-detail.component.spec.ts > JobDetailComponent > should handle delete job error 14ms
 ✓ src/test/webapp/app/job/job-detail/job-detail.component.spec.ts > JobDetailComponent > should load job details via init() 14ms
 ✓ src/test/webapp/app/job/job-detail/job-detail.component.spec.ts > JobDetailComponent > should handle init error with HttpErrorResponse 8ms
 ✓ src/test/webapp/app/application/application-creation-form/application-creation-page2.component.spec.ts > ApplicationPage2Component > Form Validation > should validate the form with correct data 47ms
 ✓ src/test/webapp/app/application/application-creation-form/application-creation-page2.component.spec.ts > ApplicationPage2Component > Form Validation > should validate grade correctly when within limits 4ms
 ✓ src/test/webapp/app/job/job-detail/job-detail.component.spec.ts > JobDetailComponent > should call loadJobDetailsFromForm() and set jobDetails 22ms
 ✓ src/test/webapp/app/job/job-detail/job-detail.component.spec.ts > JobDetailComponent > should handle error when researchGroupService fails 15ms
 ✓ src/test/webapp/app/job/job-detail/job-detail.component.spec.ts > JobDetailComponent > should compute jobStateText and jobStateColor correctly 28ms
 ✓ src/test/webapp/app/job/job-detail/job-detail.component.spec.ts > JobDetailComponent > should map JobDetailDTO to JobDetails 27ms
 ✓ src/test/webapp/app/job/job-detail/job-detail.component.spec.ts > JobDetailComponent > should compute rightActionButtons for non-research-group user 18ms
 ✓ src/test/webapp/app/application/application-creation-form/application-creation-form.component.spec.ts > ApplicationForm > saveToLocalStorage > should include timestamp in ISO format 177ms
 ✓ src/test/webapp/app/job/job-detail/job-detail.component.spec.ts > JobDetailComponent > should compute rightActionButtons for DRAFT and trigger confirm() 12ms
 ✓ src/test/webapp/app/job/job-detail/job-detail.component.spec.ts > JobDetailComponent > should compute rightActionButtons for PUBLISHED and trigger confirm() 22ms
 ✓ src/test/webapp/app/job/job-detail/job-detail.component.spec.ts > JobDetailComponent > should return null for PUBLISHED job when user is professor but not owner 24ms
 ✓ src/test/webapp/app/job/job-detail/job-detail.component.spec.ts > JobDetailComponent > should handle invalid job ID in init() 13ms
 ✓ src/test/webapp/app/job/job-detail/job-detail.component.spec.ts > JobDetailComponent > isOwnerOfJob should return false when user missing 10ms
 ✓ src/test/webapp/app/job/job-detail/job-detail.component.spec.ts > JobDetailComponent > isOwnerOfJob should return false when not professor 27ms
 ✓ src/test/webapp/app/job/job-detail/job-detail.component.spec.ts > JobDetailComponent > isOwnerOfJob should return false when job does not belong to research group 23ms
 ✓ src/test/webapp/app/job/job-detail/job-detail.component.spec.ts > JobDetailComponent > should override researchGroup fields from researchGroupDetails in form mode 31ms
 ✓ src/test/webapp/app/job/job-detail/job-detail.component.spec.ts > JobDetailComponent > should map job details in form mode (isForm = true) 14ms
 ✓ src/test/webapp/app/job/job-detail/job-detail.component.spec.ts > JobDetailComponent > should handle unknown job state in jobStateText and jobStateColor 8ms
 ✓ src/test/webapp/app/job/job-detail/job-detail.component.spec.ts > JobDetailComponent > should return default info color when no jobDetails 21ms
 ✓ src/test/webapp/app/job/job-detail/job-detail.component.spec.ts > JobDetailComponent > should compute noData() value after language change 10ms
 ✓ src/test/webapp/app/job/job-detail/job-detail.component.spec.ts > JobDetailComponent > should return null from rightActionButtons when previewData exists 10ms
 ✓ src/test/webapp/app/application/application-creation-form/application-creation-page2.component.spec.ts > ApplicationPage2Component > Form Behavior > should not emit if form value has not changed (distinctUntilChanged) 259ms
 ✓ src/test/webapp/app/application/application-creation-form/application-creation-form.component.spec.ts > ApplicationForm > saveToLocalStorage > should save with empty strings when signals are empty 183ms
 ✓ src/test/webapp/app/shared/components/atoms/otp-input/otp-input.spec.ts > OtpInput > should create 227ms
 ✓ src/test/webapp/app/shared/components/atoms/otp-input/otp-input.spec.ts > OtpInput > should initialize with correct default values 72ms
 ✓ src/test/webapp/app/job/job-detail/job-detail.component.spec.ts > JobDetailComponent > should trigger onApply from computed button 8ms
 ✓ src/test/webapp/app/job/job-detail/job-detail.component.spec.ts > JobDetailComponent > should trigger onEditApplication from computed button 22ms
 ✓ src/test/webapp/app/job/job-detail/job-detail.component.spec.ts > JobDetailComponent > should trigger onViewApplication from computed button 10ms
 ✓ src/test/webapp/app/job/job-detail/job-detail.component.spec.ts > JobDetailComponent > should trigger onEditJob from computed button 13ms
 ✓ src/test/webapp/app/job/job-detail/job-detail.component.spec.ts > JobDetailComponent > should handle HttpErrorResponse in init() 11ms
 ✓ src/test/webapp/app/job/job-detail/job-detail.component.spec.ts > JobDetailComponent > should return null when jobDetails is falsy in rightActionButtons() 10ms
 ✓ src/test/webapp/app/job/job-detail/job-detail.component.spec.ts > JobDetailComponent > should mapToJobDetails handle all default fallbacks and missing fields 9ms
 ✓ src/test/webapp/app/job/job-detail/job-detail.component.spec.ts > JobDetailComponent > should return null when jobDetails do not match any button case 22ms
 ✓ src/test/webapp/app/shared/components/atoms/datepicker/datepicker.component.spec.ts > DatePickerComponent > should create 212ms
 ✓ src/test/webapp/app/shared/components/atoms/datepicker/datepicker.component.spec.ts > DatePickerComponent > Date Input and Validation > should set modelDate to undefined for invalid date 35ms
 ✓ src/test/webapp/app/shared/components/atoms/datepicker/datepicker.component.spec.ts > DatePickerComponent > Date Input and Validation > should update modelDate when selectedDate changes from invalid to valid 26ms
 ✓ src/test/webapp/app/shared/components/atoms/datepicker/datepicker.component.spec.ts > DatePickerComponent > Date Input and Validation > should reset modelDate when selectedDate is undefined 24ms
 ✓ src/test/webapp/app/shared/components/atoms/otp-input/otp-input.spec.ts > OtpInput > should compute cooldownSeconds from authOrchestratorService 46ms
 ✓ src/test/webapp/app/shared/components/atoms/otp-input/otp-input.spec.ts > OtpInput > should compute onCooldown based on cooldownSeconds 53ms
 ✓ src/test/webapp/app/application/application-creation-form/application-creation-form.component.spec.ts > ApplicationForm > sendCreateApplicationData > should show error and return false when applicationId is empty string 189ms
 ✓ src/test/webapp/app/application/application-creation-form/application-creation-page2.component.spec.ts > ApplicationPage2Component > Form Behavior > should debounce form value changes 150ms
 ✓ src/test/webapp/app/job/job-detail/job-detail.component.spec.ts > JobDetailComponent > should mapToJobDetails handle all default fallbacks and missing fields 8ms
 ✓ src/test/webapp/app/job/job-detail/job-detail.component.spec.ts > JobDetailComponent > should call loadJobDetailsFromForm when previewDataValue exists (covering effect line) 26ms
 ✓ src/test/webapp/app/job/job-detail/job-detail.component.spec.ts > JobDetailComponent > should set empty string when user id or job_id are missing 22ms
 ✓ src/test/webapp/app/job/job-detail/job-detail.component.spec.ts > JobDetailComponent > should return correct fallback for jobStateText when jobState missing or unknown 8ms
 ✓ src/test/webapp/app/job/job-detail/job-detail.component.spec.ts > JobDetailComponent > should convert workload and contractDuration to strings in mapToJobDetails 7ms
 ✓ src/test/webapp/app/job/job-detail/job-detail.component.spec.ts > JobDetailComponent > should default supervisingProfessor and researchGroup to empty strings in form mode when user info missing 29ms
 ✓ src/test/webapp/app/shared/components/atoms/datepicker/datepicker.component.spec.ts > DatePickerComponent > Date Input and Validation > should handle various invalid date formats 35ms
 ✓ src/test/webapp/app/shared/components/atoms/datepicker/datepicker.component.spec.ts > DatePickerComponent > Date Change Events > should emit ISO date string when onDateChange called with Date 24ms
 ✓ src/test/webapp/app/shared/components/atoms/datepicker/datepicker.component.spec.ts > DatePickerComponent > Date Change Events > should emit undefined when onDateChange called with undefined 34ms
 ✓ src/test/webapp/app/shared/components/atoms/datepicker/datepicker.component.spec.ts > DatePickerComponent > Date Change Events > should update modelDate in onDateChange with setTimeout 25ms
 ✓ src/test/webapp/app/shared/components/atoms/otp-input/otp-input.spec.ts > OtpInput > should compute disableResend when busy or on cooldown 50ms
 ✓ src/test/webapp/app/shared/components/atoms/otp-input/otp-input.spec.ts > OtpInput > should compute disabledSubmit correctly 57ms
 ✓ src/test/webapp/app/application/application-creation-form/application-creation-page2.component.spec.ts > ApplicationPage2Component > Rendering > should render upload buttons when applicationIdForDocuments is set 130ms
 ✓ src/test/webapp/app/application/application-creation-form/application-creation-page2.component.spec.ts > ApplicationPage2Component > getPage2FromApplication > should map all applicant fields correctly when provided 1ms
 ✓ src/test/webapp/app/application/application-creation-form/application-creation-page2.component.spec.ts > ApplicationPage2Component > getPage2FromApplication > should return empty strings for all fields if applicant is undefined 1ms
 ✓ src/test/webapp/app/application/application-creation-form/application-creation-page2.component.spec.ts > ApplicationPage2Component > getPage2FromApplication > should return empty strings for missing fields in applicant 1ms
 ✓ src/test/webapp/app/application/application-creation-form/application-creation-form.component.spec.ts > ApplicationForm > sendCreateApplicationData > should show error and return false when useLocalStorage is true 130ms
 ✓ src/test/webapp/app/job/job-detail/job-detail.component.spec.ts > JobDetailComponent > should call getResourceGroupDetails with empty string when user has no researchGroup 19ms
 ✓ src/test/webapp/app/job/job-detail/job-detail.component.spec.ts > JobDetailComponent > should map jobDetails with belongsToResearchGroup true when user and job share group id 8ms
 ✓ src/test/webapp/app/shared/components/organisms/application-carousel/application-carousel.component.spec.ts > ApplicationCarouselComponent > breakpoint effect > sets 1 when width < md 269ms
 ✓ src/test/webapp/app/shared/components/organisms/application-carousel/application-carousel.component.spec.ts > ApplicationCarouselComponent > breakpoint effect > sets 2 when width between md and smallDesktop 46ms
 ✓ src/test/webapp/app/shared/components/atoms/datepicker/datepicker.component.spec.ts > DatePickerComponent > Input Properties > should accept label and required inputs 16ms
 ✓ src/test/webapp/app/shared/components/atoms/datepicker/datepicker.component.spec.ts > DatePickerComponent > Input Properties > should apply disabled state 28ms
 ✓ src/test/webapp/app/shared/components/atoms/datepicker/datepicker.component.spec.ts > DatePickerComponent > Input Properties > should accept icon input 15ms
 ✓ src/test/webapp/app/shared/components/atoms/datepicker/datepicker.component.spec.ts > DatePickerComponent > Input Properties > should accept shouldTranslate and placeholder inputs 39ms
 ✓ src/test/webapp/app/shared/components/atoms/otp-input/otp-input.spec.ts > OtpInput > should return correct resend label 70ms
 ✓ src/test/webapp/app/shared/components/atoms/otp-input/otp-input.spec.ts > OtpInput > should handle onChange and normalize input 68ms
 ✓ src/test/webapp/app/shared/components/organisms/application-carousel/application-carousel.component.spec.ts > ApplicationCarouselComponent > breakpoint effect > sets 3 when width between smallDesktop and xl 48ms
 ✓ src/test/webapp/app/shared/components/organisms/application-carousel/application-carousel.component.spec.ts > ApplicationCarouselComponent > breakpoint effect > sets 5 when width between xl and ultraWide 51ms
 ✓ src/test/webapp/app/shared/components/atoms/datepicker/datepicker.component.spec.ts > DatePickerComponent > Calendar State Management > should toggle isCalendarOpen signal 28ms
 ✓ src/test/webapp/app/shared/components/atoms/datepicker/datepicker.component.spec.ts > DatePickerComponent > Date Range Configuration > should handle effectiveMinDate computation 23ms
 ✓ src/test/webapp/app/shared/components/atoms/datepicker/datepicker.component.spec.ts > DatePickerComponent > Scroll Event Management > should manage scroll event listeners when calendar opens and closes 35ms
 ✓ src/test/webapp/app/shared/components/atoms/datepicker/datepicker.component.spec.ts > DatePickerComponent > Scroll Event Management > should handle scroll events correctly based on target location 16ms
 ✓ src/test/webapp/app/application/application-creation-form/application-creation-form.component.spec.ts > ApplicationForm > sendCreateApplicationData > should update application, clear localStorage, show success toast and navigate when rerouteToOtherPage is true 143ms
 ✓ src/test/webapp/app/shared/components/atoms/otp-input/otp-input.spec.ts > OtpInput > should handle onSubmit when valid 57ms
 ✓ src/test/webapp/app/shared/components/atoms/otp-input/otp-input.spec.ts > OtpInput > should handle onResend when enabled 37ms
 ✓ src/test/webapp/app/shared/components/organisms/application-carousel/application-carousel.component.spec.ts > ApplicationCarouselComponent > breakpoint effect > sets 6 when width ≥ ultraWide 40ms
 ✓ src/test/webapp/app/shared/components/organisms/application-carousel/application-carousel.component.spec.ts > ApplicationCarouselComponent > visible applications > should compute visible apps with no fillers when in bounds 25ms
 ✓ src/test/webapp/app/shared/components/organisms/application-carousel/application-carousel.component.spec.ts > ApplicationCarouselComponent > visible applications > should fill undefined when index out of bounds 26ms
 ✓ src/test/webapp/app/shared/components/organisms/application-carousel/application-carousel.component.spec.ts > ApplicationCarouselComponent > middle index > should compute middle index correctly 38ms
 ✓ src/test/webapp/app/shared/components/atoms/datepicker/datepicker.component.spec.ts > DatePickerComponent > Scroll Event Management > should clean up scroll listener on component destruction 28ms
 ✓ src/test/webapp/app/shared/components/atoms/datepicker/datepicker.component.spec.ts > DatePickerComponent > Scroll Event Management > should handle edge cases in scroll listener when datepicker panel is null 11ms
 ✓ src/test/webapp/app/shared/components/atoms/datepicker/datepicker.component.spec.ts > DatePickerComponent > Error Handling > should handle exceptions in date parsing and trigger catch block 21ms
 ✓ src/test/webapp/app/shared/components/atoms/datepicker/datepicker.component.spec.ts > DatePickerComponent > Language and Localization > should handle language change events from TranslateService 24ms
 ✓ src/test/webapp/app/shared/components/atoms/datepicker/datepicker.component.spec.ts > DatePickerComponent > Language and Localization > should handle language changes and date format computation 17ms
 ✓ src/test/webapp/app/application/application-creation-form/application-creation-form.component.spec.ts > ApplicationForm > sendCreateApplicationData > should update application, clear localStorage but NOT show success toast or navigate when rerouteToOtherPage is false 150ms
 ✓ src/test/webapp/app/shared/components/molecules/progress-stepper/progress-stepper.component.spec.ts > ProgressStepperComponent > Component Initialization > should create 180ms
 ✓ src/test/webapp/app/shared/components/molecules/progress-stepper/progress-stepper.component.spec.ts > ProgressStepperComponent > Component Initialization > should initialize with step 1 55ms
 ✓ src/test/webapp/app/shared/components/organisms/application-carousel/application-carousel.component.spec.ts > ApplicationCarouselComponent > middle index > should compute middle correctly for even cardsVisible 23ms
 ✓ src/test/webapp/app/shared/components/organisms/application-carousel/application-carousel.component.spec.ts > ApplicationCarouselComponent > output events > should emit next event when loadNext is called 29ms
 ✓ src/test/webapp/app/shared/components/organisms/application-carousel/application-carousel.component.spec.ts > ApplicationCarouselComponent > output events > should emit prev event when loadPrev is called 52ms
 ✓ src/test/webapp/app/shared/components/molecules/review-dialog/review-dialog.component.spec.ts > ReviewDialogComponent > computed canAccept > should be false if notifyApplicant is true and editorModel length <= 7 123ms
 ✓ src/test/webapp/app/shared/components/molecules/review-dialog/review-dialog.component.spec.ts > ReviewDialogComponent > computed canAccept > should be true if notifyApplicant is true and editorModel length > 7 11ms
 ✓ src/test/webapp/app/shared/components/molecules/review-dialog/review-dialog.component.spec.ts > ReviewDialogComponent > computed canAccept > should be true if notifyApplicant is false regardless of editorModel length 12ms
 ✓ src/test/webapp/app/shared/components/molecules/review-dialog/review-dialog.component.spec.ts > ReviewDialogComponent > computed canReject > should be false if no reason is selected 11ms
 ✓ src/test/webapp/app/shared/components/molecules/review-dialog/review-dialog.component.spec.ts > ReviewDialogComponent > computed canReject > should be true if a reason is selected 8ms
 ✓ src/test/webapp/app/shared/components/molecules/review-dialog/review-dialog.component.spec.ts > ReviewDialogComponent > translationMetaData > should return undefined if no application input 20ms
 ✓ src/test/webapp/app/shared/components/molecules/review-dialog/review-dialog.component.spec.ts > ReviewDialogComponent > translationMetaData > should return expected metadata when application is provided 12ms
 ✓ src/test/webapp/app/shared/components/molecules/review-dialog/review-dialog.component.spec.ts > ReviewDialogComponent > translationMetaData > should use empty string for APPLICANT_FIRST_NAME if applicant or user is missing 7ms
 ✓ src/test/webapp/app/shared/components/molecules/review-dialog/review-dialog.component.spec.ts > ReviewDialogComponent > resetDialogState > should reset notifyApplicant, closeJob, and selectedRejectReason 16ms
 ✓ src/test/webapp/app/shared/components/atoms/datepicker/datepicker.component.spec.ts > DatePickerComponent > Language and Localization > should default to English when TranslateService currentLang is falsy 31ms
 ✓ src/test/webapp/app/shared/components/molecules/progress-stepper/progress-stepper.component.spec.ts > ProgressStepperComponent > Component Initialization > should render the correct step content 54ms
 ✓ src/test/webapp/app/shared/components/molecules/progress-stepper/progress-stepper.component.spec.ts > ProgressStepperComponent > Navigation > should navigate to next step 56ms
 ✓ src/test/webapp/app/application/application-creation-form/application-creation-form.component.spec.ts > ApplicationForm > sendCreateApplicationData > should show error toast and return false when updateApplication throws an error 103ms
 ✓ src/test/webapp/app/shared/components/atoms/otp-input/otp-input.spec.ts > OtpInput > should handle onKeyDown Enter key 66ms
 ✓ src/test/webapp/app/shared/components/atoms/otp-input/otp-input.spec.ts > OtpInput > should block non-alphanumeric keys in onKeyDown 49ms
 ✓ src/test/webapp/app/shared/components/atoms/otp-input/otp-input.spec.ts > OtpInput > should compute otpSize based on breakpoint 42ms
 ✓ src/test/webapp/app/shared/components/molecules/progress-stepper/progress-stepper.component.spec.ts > ProgressStepperComponent > Navigation > should navigate to previous step 71ms
 ✓ src/test/webapp/app/shared/components/molecules/progress-stepper/progress-stepper.component.spec.ts > ProgressStepperComponent > Navigation > should not navigate below step 1 39ms
 ✓ src/test/webapp/app/shared/components/molecules/progress-stepper/progress-stepper.component.spec.ts > ProgressStepperComponent > Navigation > should not navigate beyond available steps 31ms
 ✓ src/test/webapp/app/application/application-creation-form/application-creation-form.component.spec.ts > ApplicationForm > sendCreateApplicationData > should handle SENT state correctly 122ms
 ✓ src/test/webapp/app/shared/components/organisms/application-carousel/application-carousel.component.spec.ts > ApplicationCarouselComponent > keyboard handling > should call loadNext when ArrowRight is pressed 19ms
 ✓ src/test/webapp/app/shared/components/organisms/application-carousel/application-carousel.component.spec.ts > ApplicationCarouselComponent > keyboard handling > should call loadPrev when ArrowLeft is pressed 36ms
 ✓ src/test/webapp/app/shared/components/organisms/application-carousel/application-carousel.component.spec.ts > ApplicationCarouselComponent > keyboard handling > should not call navigation methods for other keys 47ms
 ✓ src/test/webapp/app/shared/components/molecules/progress-stepper/progress-stepper.component.spec.ts > ProgressStepperComponent > Template Rendering > should render status template when provided 38ms
 ✓ src/test/webapp/app/shared/components/molecules/progress-stepper/progress-stepper.component.spec.ts > ProgressStepperComponent > Button Group Functionality > should build button group data correctly 65ms
 ✓ src/test/webapp/app/application/application-creation-form/application-creation-form.component.spec.ts > ApplicationForm > mapPagesToDTO > should return UpdateApplicationDTO with all fields when state is provided 152ms
 ✓ src/test/webapp/app/shared/components/molecules/progress-stepper/progress-stepper.component.spec.ts > ProgressStepperComponent > Button Group Functionality > should call button onClick and change panel when changePanel is true 40ms
 ✓ src/test/webapp/app/shared/components/molecules/progress-stepper/progress-stepper.component.spec.ts > ProgressStepperComponent > Button Group Functionality > should call button onClick but not change panel when changePanel is false 42ms
 ✓ src/test/webapp/app/shared/components/molecules/progress-stepper/progress-stepper.component.spec.ts > ProgressStepperComponent > Button Group Functionality > should navigate to previous step when prev button with changePanel is clicked 41ms
 ✓ src/test/webapp/app/shared/components/molecules/review-dialog/review-dialog.component.spec.ts > ReviewDialogComponent > onSelectChange > should update selectedRejectReason 16ms
 ✓ src/test/webapp/app/shared/components/molecules/review-dialog/review-dialog.component.spec.ts > ReviewDialogComponent > onAccept > should emit accept event with current values 13ms
 ✓ src/test/webapp/app/shared/components/molecules/review-dialog/review-dialog.component.spec.ts > ReviewDialogComponent > onReject > should not emit if no reason selected 5ms
 ✓ src/test/webapp/app/shared/components/molecules/review-dialog/review-dialog.component.spec.ts > ReviewDialogComponent > onReject > should emit reject event with correct reason and notifyApplicant 13ms
 ✓ src/test/webapp/app/application/application-creation-form/application-creation-form.component.spec.ts > ApplicationForm > mapPagesToDTO > should return ApplicationDetailDTO without address fields when state is undefined 173ms
 ✓ src/test/webapp/app/shared/components/molecules/review-dialog/review-dialog.component.spec.ts > ReviewDialogComponent > _defaultTextEffect > should set editorModel when visible is true 417ms
 ✓ src/test/webapp/app/application/application-creation-form/application-creation-form.component.spec.ts > ApplicationForm > mapPagesToDTO > should handle SAVED state 137ms
 ✓ src/test/webapp/app/application/application-creation-form/application-creation-form.component.spec.ts > ApplicationForm > mapPagesToDTO > should handle SENT state 143ms
 ✓ src/test/webapp/app/application/application-creation-form/application-creation-form.component.spec.ts > ApplicationForm > openOtpAndWaitForLogin > should show error and return when email is empty 144ms
 ✓ src/test/webapp/app/shared/components/atoms/string-input/string-input.component.spec.ts > StringInputComponent > should render label and required asterisk 44ms
 ✓ src/test/webapp/app/shared/components/atoms/string-input/string-input.component.spec.ts > StringInputComponent > should not show asterisk when required=false 7ms
 ✓ src/test/webapp/app/shared/components/atoms/string-input/string-input.component.spec.ts > StringInputComponent > should call onInputChange and emit modelChange with new value 8ms
 ✓ src/test/webapp/app/shared/components/atoms/string-input/string-input.component.spec.ts > StringInputComponent > should bind placeholder correctly 4ms
 ✓ src/test/webapp/app/application/application-creation-form/application-creation-form.component.spec.ts > ApplicationForm > openOtpAndWaitForLogin > should show error and return when email is whitespace only 135ms
 ✓ src/test/webapp/app/shared/components/atoms/string-input/string-input.component.spec.ts > StringInputComponent > should not display tooltip when icon is not circle-info 171ms
 ✓ src/test/webapp/app/shared/components/atoms/string-input/string-input.component.spec.ts > StringInputComponent > should show tooltip when icon is circle-info and tooltipText is provided 20ms
 ✓ src/test/webapp/app/shared/components/atoms/string-input/string-input.component.spec.ts > StringInputComponent > should show translated label when shouldTranslate=true 32ms
 ✓ src/test/webapp/app/shared/components/atoms/string-input/string-input.component.spec.ts > StringInputComponent > should call onFocus and onBlur handlers when input is focused and blurred 9ms
 ✓ src/test/webapp/app/shared/components/atoms/string-input/string-input.component.spec.ts > StringInputComponent > BaseInputDirective - isTouched computed property > should return false when input has not been touched and control has no errors 7ms
 ✓ src/test/webapp/app/shared/components/atoms/upload-button/upload-button.component.spec.ts > UploadButtonComponent > should create an uploadbutton 174ms
 ✓ src/test/webapp/app/shared/components/atoms/upload-button/upload-button.component.spec.ts > UploadButtonComponent > should show error if file exceeds max upload size 38ms
 ✓ src/test/webapp/app/shared/components/atoms/upload-button/upload-button.component.spec.ts > UploadButtonComponent > should set documentIds after successful upload 18ms
 ✓ src/test/webapp/app/shared/components/atoms/upload-button/upload-button.component.spec.ts > UploadButtonComponent > should format bytes correctly 35ms
 ✓ src/test/webapp/app/shared/components/atoms/string-input/string-input.component.spec.ts > StringInputComponent > BaseInputDirective - isTouched computed property > should return true when input has been blurred (onBlur called) 40ms
 ✓ src/test/webapp/app/shared/components/atoms/string-input/string-input.component.spec.ts > StringInputComponent > BaseInputDirective - isTouched computed property > should return true when control.touched is true and has non-required errors 16ms
 ✓ src/test/webapp/app/shared/components/atoms/string-input/string-input.component.spec.ts > StringInputComponent > BaseInputDirective - isTouched computed property > should return false when control.touched is true but only has required error 21ms
 ✓ src/test/webapp/app/shared/components/atoms/string-input/string-input.component.spec.ts > StringInputComponent > BaseInputDirective - inputState computed property > should return untouched when input has not been touched 8ms
 ✓ src/test/webapp/app/shared/components/atoms/string-input/string-input.component.spec.ts > StringInputComponent > BaseInputDirective - inputState computed property > should return invalid when control is invalid and touched 10ms
 ✓ src/test/webapp/app/shared/components/atoms/string-input/string-input.component.spec.ts > StringInputComponent > BaseInputDirective - inputState computed property > should return valid when control is valid and touched 19ms
 ✓ src/test/webapp/app/shared/components/atoms/string-input/string-input.component.spec.ts > StringInputComponent > BaseInputDirective - errorMessage computed property > should return null when control has no errors 4ms
 ✓ src/test/webapp/app/shared/components/atoms/string-input/string-input.component.spec.ts > StringInputComponent > BaseInputDirective - errorMessage computed property > should return translated custom error when customErrorKey is provided 6ms
 ✓ src/test/webapp/app/shared/components/atoms/string-input/string-input.component.spec.ts > StringInputComponent > BaseInputDirective - errorMessage computed property > should return minlength error message when validation fails 8ms
 ✓ src/test/webapp/app/shared/components/atoms/string-input/string-input.component.spec.ts > StringInputComponent > BaseInputDirective - errorMessage computed property > should return maxlength error message when input exceeds max length 4ms
 ✓ src/test/webapp/app/shared/components/atoms/string-input/string-input.component.spec.ts > StringInputComponent > BaseInputDirective - errorMessage computed property > should return required error message when input is empty and required 4ms
 ✓ src/test/webapp/app/shared/pages/landing-page/landing-page.component.spec.ts > LandingPageComponent > should create the component 380ms
 ✓ src/test/webapp/app/shared/components/atoms/upload-button/upload-button.component.spec.ts > UploadButtonComponent > should delete a document and update the list 20ms
 ✓ src/test/webapp/app/shared/components/atoms/upload-button/upload-button.component.spec.ts > UploadButtonComponent > should show error toast if deletion fails 49ms
 ✓ src/test/webapp/app/shared/components/atoms/upload-button/upload-button.component.spec.ts > UploadButtonComponent > should set isUploading to false on clear 24ms
 ✓ src/test/webapp/app/shared/components/atoms/upload-button/upload-button.component.spec.ts > UploadButtonComponent > should rename a document and update documentIds 24ms
 ✓ src/test/webapp/app/application/application-creation-form/application-creation-form.component.spec.ts > ApplicationForm > openOtpAndWaitForLogin > should show error and return when firstName is empty 118ms
 ✓ src/test/webapp/app/shared/components/atoms/select/select.component.spec.ts > SelectComponent > should create 190ms
 ✓ src/test/webapp/app/shared/components/atoms/select/select.component.spec.ts > SelectComponent > should render label, asterisk, and placeholder 21ms
 ✓ src/test/webapp/app/shared/components/atoms/select/select.component.spec.ts > SelectComponent > should not show asterisk when required=false 31ms
 ✓ src/test/webapp/app/shared/components/atoms/select/select.component.spec.ts > SelectComponent > should emit selectedChange when onSelectionChange called 17ms
 ✓ src/test/webapp/app/shared/components/atoms/string-input/string-input.component.spec.ts > StringInputComponent > BaseInputDirective - errorMessage computed property > should handle unknown error types gracefully 18ms
 ✓ src/test/webapp/app/shared/components/atoms/string-input/string-input.component.spec.ts > StringInputComponent > BaseInputDirective - focus/blur handlers > should set isFocused signal to true on onFocus 7ms
 ✓ src/test/webapp/app/shared/components/atoms/string-input/string-input.component.spec.ts > StringInputComponent > BaseInputDirective - focus/blur handlers > should set isFocused signal to false on onBlur 15ms
 ✓ src/test/webapp/app/shared/components/atoms/string-input/string-input.component.spec.ts > StringInputComponent > BaseInputDirective - focus/blur handlers > should mark input as touched when onBlur is called 11ms
 ✓ src/test/webapp/app/shared/components/atoms/string-input/string-input.component.spec.ts > StringInputComponent > BaseInputDirective - formControl computed property > should return provided FormControl when control input is a FormControl 5ms
 ✓ src/test/webapp/app/shared/components/atoms/string-input/string-input.component.spec.ts > StringInputComponent > BaseInputDirective - formControl computed property > should create new FormControl when control input is undefined 4ms
 ✓ src/test/webapp/app/shared/components/atoms/string-input/string-input.component.spec.ts > StringInputComponent > BaseInputDirective - input signals > should correctly bind model input signal 16ms
 ✓ src/test/webapp/app/shared/components/atoms/string-input/string-input.component.spec.ts > StringInputComponent > BaseInputDirective - input signals > should correctly bind disabled input signal 6ms
 ✓ src/test/webapp/app/shared/components/atoms/string-input/string-input.component.spec.ts > StringInputComponent > BaseInputDirective - input signals > should correctly bind icon input signal 9ms
 ✓ src/test/webapp/app/shared/components/atoms/string-input/string-input.component.spec.ts > StringInputComponent > BaseInputDirective - input signals > should correctly bind tooltipText input signal 5ms
 ✓ src/test/webapp/app/shared/components/atoms/string-input/string-input.component.spec.ts > StringInputComponent > BaseInputDirective - input signals > should correctly bind shouldTranslate input signal 3ms
 ✓ src/test/webapp/app/shared/components/atoms/sorting/sorting.spec.ts > Sorting > should use first sortable field as default current option 281ms
 ✓ src/test/webapp/app/shared/components/atoms/sorting/sorting.spec.ts > Sorting > should generate correct select options from sortable fields 65ms
 ✓ src/test/webapp/app/shared/pages/landing-page/landing-page.component.spec.ts > LandingPageComponent > should redirect professor user to /professor 183ms
 ✓ src/test/webapp/app/shared/components/atoms/upload-button/upload-button.component.spec.ts > UploadButtonComponent > should skip renaming if name is empty 36ms
 ✓ src/test/webapp/app/shared/components/atoms/upload-button/upload-button.component.spec.ts > UploadButtonComponent > should show error toast if renaming fails 31ms
 ✓ src/test/webapp/app/shared/components/atoms/upload-button/upload-button.component.spec.ts > UploadButtonComponent > should append new files if selectedFiles is already defined 12ms
 ✓ src/test/webapp/app/shared/components/atoms/upload-button/upload-button.component.spec.ts > UploadButtonComponent > should handle error during upload and show error toast 20ms
 ✓ src/test/webapp/app/shared/components/atoms/select/select.component.spec.ts > SelectComponent > should apply disabled styles when disabled 50ms
 ✓ src/test/webapp/app/shared/components/atoms/select/select.component.spec.ts > SelectComponent > should toggle isOpen state when dropdown opens/closes 29ms
 ✓ src/test/webapp/app/shared/components/atoms/select/select.component.spec.ts > SelectComponent > should support tooltipText input when icon=circle-info 38ms
 ✓ src/test/webapp/app/shared/components/atoms/select/select.component.spec.ts > SelectComponent > should render regular icon when icon is not circle-info 28ms
 ✓ src/test/webapp/app/shared/components/atoms/string-input/string-input.component.spec.ts > StringInputComponent > BaseInputDirective - input signals > should correctly bind autofocus input signal 4ms
 ✓ src/test/webapp/app/shared/components/atoms/string-input/string-input.component.spec.ts > StringInputComponent > BaseInputDirective - input signals > should correctly bind errorEnabled input signal 6ms
 ✓ src/test/webapp/app/shared/components/atoms/string-input/string-input.component.spec.ts > StringInputComponent > BaseInputDirective - input signals > should correctly bind customErrorKey input signal 4ms
 ✓ src/test/webapp/app/shared/components/atoms/string-input/string-input.component.spec.ts > StringInputComponent > BaseInputDirective - form control status changes > should update formValidityVersion when form control status changes 16ms
 ✓ src/test/webapp/app/application/application-creation-form/application-creation-form.component.spec.ts > ApplicationForm > openOtpAndWaitForLogin > should show error and return when firstName is whitespace only 213ms
 ✓ src/test/webapp/app/shared/components/atoms/sorting/sorting.spec.ts > Sorting > should return correct sort icon for TEXT type 54ms
 ✓ src/test/webapp/app/shared/components/atoms/sorting/sorting.spec.ts > Sorting > should return correct sort icon for NUMBER type 33ms
 ✓ src/test/webapp/app/shared/components/atoms/sorting/sorting.spec.ts > Sorting > should change selected option and emit sort change 54ms
 ✓ src/test/webapp/app/shared/pages/landing-page/landing-page.component.spec.ts > LandingPageComponent > should render all main section components 166ms
 ✓ src/test/webapp/app/shared/components/atoms/select/select.component.spec.ts > SelectComponent > should accept translateItems=true without error 33ms
 ✓ src/test/webapp/app/shared/components/atoms/select/select.component.spec.ts > SelectComponent > should update selected and placeholder dynamically 26ms
 ✓ src/test/webapp/app/shared/components/atoms/select/select.component.spec.ts > SelectComponent > should enable filtering when filter=true 53ms
 ✓ src/test/webapp/app/application/application-creation-form/application-creation-form.component.spec.ts > ApplicationForm > openOtpAndWaitForLogin > should show error and return when lastName is empty 169ms
 ✓ src/test/webapp/app/shared/components/atoms/upload-button/upload-button.component.spec.ts > UploadButtonComponent > should not rename document if name is null or undefined 30ms
 ✓ src/test/webapp/app/shared/components/atoms/upload-button/upload-button.component.spec.ts > UploadButtonComponent > should rename document if name is valid and update documentIds correctly 11ms
 ✓ src/test/webapp/app/shared/components/atoms/upload-button/upload-button.component.spec.ts > UploadButtonComponent > should handle deleteDictionary when documentIds is undefined (fallback to empty array) 26ms
 ✓ src/test/webapp/app/shared/components/atoms/upload-button/upload-button.component.spec.ts > UploadButtonComponent > should handle undefined documentIds in rename function 29ms
 ✓ src/test/webapp/app/shared/components/atoms/select/select.component.spec.ts > SelectComponent > should handle empty items array gracefully 32ms
 ✓ src/test/webapp/app/shared/components/atoms/select/select.component.spec.ts > SelectComponent > should handle null/undefined selected value 24ms
 ✓ src/test/webapp/app/shared/components/atoms/select/select.component.spec.ts > SelectComponent > should show clear button when showClear=true 15ms
 ✓ src/test/webapp/app/shared/components/atoms/select/select.component.spec.ts > SelectComponent > should not show clear button by default 31ms
 ✓ src/test/webapp/app/shared/components/atoms/sorting/sorting.spec.ts > Sorting > should set undefined option when empty value is selected 33ms
 ✓ src/test/webapp/app/shared/components/atoms/sorting/sorting.spec.ts > Sorting > should toggle direction and emit sort change 36ms
 ✓ src/test/webapp/app/shared/components/atoms/sorting/sorting.spec.ts > Sorting > should return correct selected select option 45ms
 ✓ src/test/webapp/app/application/application-creation-form/application-creation-form.component.spec.ts > ApplicationForm > openOtpAndWaitForLogin > should show error and return when lastName is whitespace only 139ms
 ✓ src/test/webapp/app/application/application-creation-form/application-creation-form.component.spec.ts > ApplicationForm > openOtpAndWaitForLogin > should trim email, firstName and lastName, set them in authOrchestrator, request OTP and open dialog 142ms
 ✓ src/test/webapp/app/shared/components/molecules/comment/comment.spec.ts > Comment > canSave true in create mode when draft has text 234ms
 ✓ src/test/webapp/app/shared/components/molecules/comment/comment.spec.ts > Comment > canSave false when not edit and not create 8ms
 ✓ src/test/webapp/app/shared/components/molecules/comment/comment.spec.ts > Comment > canSave true in edit mode when draft differs from text 43ms
 ✓ src/test/webapp/app/shared/components/molecules/comment/comment.spec.ts > Comment > updates draft when creating 22ms
 ✓ src/test/webapp/app/shared/components/molecules/comment/comment.spec.ts > Comment > updates draft when not editing 12ms
 ✓ src/test/webapp/app/application/application-creation-form/application-creation-form.component.spec.ts > ApplicationForm > openOtpAndWaitForLogin > should reject with timeout error when user does not log in within MAX_OTP_WAIT_TIME_MS 115ms
 ✓ src/test/webapp/app/shared/pages/landing-page/application-steps-section/application-steps-section.component.spec.ts > ApplicationStepsSectionComponent > should create 221ms
 ✓ src/test/webapp/app/shared/pages/landing-page/application-steps-section/application-steps-section.component.spec.ts > ApplicationStepsSectionComponent > should render the section headline 84ms
 ✓ src/test/webapp/app/shared/components/molecules/comment/comment.spec.ts > Comment > onInput updates draft and text in create mode 60ms
 ✓ src/test/webapp/app/shared/components/molecules/comment/comment.spec.ts > Comment > onInput updates draft only when not create 21ms
 ✓ src/test/webapp/app/shared/components/molecules/comment/comment.spec.ts > Comment > startEdit copies text to draft and emits enterEdit 12ms
 ✓ src/test/webapp/app/shared/components/molecules/comment/comment.spec.ts > Comment > onCancel emits exitEdit 5ms
 ✓ src/test/webapp/app/shared/components/molecules/comment/comment.spec.ts > Comment > onSave emits saved and exitEdit 6ms
 ✓ src/test/webapp/app/shared/pages/landing-page/application-steps-section/application-steps-section.component.spec.ts > ApplicationStepsSectionComponent > should have 5 application steps defined 59ms
 ✓ src/test/webapp/app/shared/components/atoms/filter-multiselect/filter-multiselect.spec.ts > FilterMultiselect > should initialize with empty selected values and closed dropdown 180ms
 ✓ src/test/webapp/app/shared/components/molecules/comment/comment.spec.ts > Comment > should emit deleted when delete button is clicked 119ms
 ✓ src/test/webapp/app/application/application-creation-form/application-creation-form.component.spec.ts > ApplicationForm > openOtpAndWaitForLogin > should successfully resolve, close dialog and clear interval when user logs in 189ms
 ✓ src/test/webapp/app/shared/components/atoms/filter-multiselect/filter-multiselect.spec.ts > FilterMultiselect > should return all options when no search term is provided 27ms
 ✓ src/test/webapp/app/shared/components/atoms/filter-multiselect/filter-multiselect.spec.ts > FilterMultiselect > clears search term when opening the dropdown 5ms
 ✓ src/test/webapp/app/shared/components/atoms/filter-multiselect/filter-multiselect.spec.ts > FilterMultiselect > should filter options based on search term 7ms
 ✓ src/test/webapp/app/shared/components/atoms/filter-multiselect/filter-multiselect.spec.ts > FilterMultiselect > should maintain sort order (selected first) even with active search 5ms
 ✓ src/test/webapp/app/shared/components/atoms/filter-multiselect/filter-multiselect.spec.ts > FilterMultiselect > should filter options case-insensitively 4ms
 ✓ src/test/webapp/app/shared/components/atoms/filter-multiselect/filter-multiselect.spec.ts > FilterMultiselect > should filter translated options when shouldTranslateOptions is true 4ms
 ✓ src/test/webapp/app/shared/components/atoms/filter-multiselect/filter-multiselect.spec.ts > FilterMultiselect > should sort options with selected items first 3ms
 ✓ src/test/webapp/app/shared/components/atoms/filter-multiselect/filter-multiselect.spec.ts > FilterMultiselect > should compute selected options correctly 4ms
 ✓ src/test/webapp/app/shared/components/atoms/filter-multiselect/filter-multiselect.spec.ts > FilterMultiselect > should compute unselected options correctly 20ms
 ✓ src/test/webapp/app/shared/components/atoms/filter-multiselect/filter-multiselect.spec.ts > FilterMultiselect > should correctly compute hasSelectedItems 4ms
 ✓ src/test/webapp/app/shared/components/atoms/filter-multiselect/filter-multiselect.spec.ts > FilterMultiselect > should correctly compute hasUnselectedItems 3ms
 ✓ src/test/webapp/app/shared/components/atoms/filter-multiselect/filter-multiselect.spec.ts > FilterMultiselect > should compute correct counts 15ms
 ✓ src/test/webapp/app/shared/components/atoms/filter-multiselect/filter-multiselect.spec.ts > FilterMultiselect > should toggle dropdown state 5ms
 ✓ src/test/webapp/app/shared/components/atoms/filter-multiselect/filter-multiselect.spec.ts > FilterMultiselect > should close dropdown 5ms
 ✓ src/test/webapp/app/shared/pages/landing-page/application-steps-section/application-steps-section.component.spec.ts > ApplicationStepsSectionComponent > should render all application steps 154ms
 ✓ src/test/webapp/app/shared/pages/landing-page/application-steps-section/application-steps-section.component.spec.ts > ApplicationStepsSectionComponent > should pass correct props to each step component 58ms
 ✓ src/test/webapp/app/application/application-creation-form/application-creation-form.component.spec.ts > ApplicationForm > migrateDraftIfNeeded > should return early when useLocalStorage is false 274ms
 ✓ src/test/webapp/app/shared/components/atoms/filter-multiselect/filter-multiselect.spec.ts > FilterMultiselect > should toggle option selection and emit change with filterId in correct order 23ms
 ✓ src/test/webapp/app/shared/components/atoms/filter-multiselect/filter-multiselect.spec.ts > FilterMultiselect > should emit change with correct filterId 6ms
 ✓ src/test/webapp/app/shared/components/atoms/filter-multiselect/filter-multiselect.spec.ts > FilterMultiselect > should handle search input change 3ms
 ✓ src/test/webapp/app/shared/components/atoms/filter-multiselect/filter-multiselect.spec.ts > FilterMultiselect > should close dropdown on document click outside component 6ms
 ✓ src/test/webapp/app/shared/components/atoms/filter-multiselect/filter-multiselect.spec.ts > FilterMultiselect > should not close dropdown on clicks inside component 17ms
 ✓ src/test/webapp/app/shared/components/atoms/filter-multiselect/filter-multiselect.spec.ts > FilterMultiselect > should handle empty filter options 3ms
 ✓ src/test/webapp/app/shared/components/atoms/filter-multiselect/filter-multiselect.spec.ts > FilterMultiselect > should show no results message when search term yields no matches 32ms
 ✓ src/test/webapp/app/shared/components/atoms/filter-multiselect/filter-multiselect.spec.ts > FilterMultiselect > should show no results message when filter options array is empty 7ms
 ✓ src/test/webapp/app/shared/components/atoms/filter-multiselect/filter-multiselect.spec.ts > FilterMultiselect > should use default filterId when not provided in override 4ms
 ✓ src/test/webapp/app/application/application-creation-form/application-creation-form.component.spec.ts > ApplicationForm > migrateDraftIfNeeded > should return early when jobId is empty 147ms
 ✓ src/test/webapp/app/shared/components/atoms/filter-multiselect/filter-multiselect.spec.ts > FilterMultiselect > should handle different filterId values 22ms
 ✓ src/test/webapp/app/shared/components/atoms/number-input/number-input.component.spec.ts > NumberInputComponent > should render label and required indicator 134ms
 ✓ src/test/webapp/app/shared/components/atoms/number-input/number-input.component.spec.ts > NumberInputComponent > should emit modelChange and update form control on input change 29ms
 ✓ src/test/webapp/app/shared/components/atoms/number-input/number-input.component.spec.ts > NumberInputComponent > should correctly apply min/max fraction digits from inputs 40ms
 ✓ src/test/webapp/app/shared/components/atoms/number-input/number-input.component.spec.ts > NumberInputComponent > should mark smallerThanMin and largerThanMax correctly 20ms
 ✓ src/test/webapp/app/shared/pages/landing-page/faq-section/faq-section.component.spec.ts > FaqSectionComponent > should create the component 175ms
 ✓ src/test/webapp/app/application/application-creation-form/application-creation-form.component.spec.ts > ApplicationForm > migrateDraftIfNeeded > should migrate draft successfully when conditions are met 151ms
 ✓ src/test/webapp/app/shared/components/atoms/number-input/number-input.component.spec.ts > NumberInputComponent > should validate value below min 37ms
 ✓ src/test/webapp/app/shared/components/atoms/number-input/number-input.component.spec.ts > NumberInputComponent > should validate value above max 14ms
 ✓ src/test/webapp/app/shared/components/atoms/number-input/number-input.component.spec.ts > NumberInputComponent > should clear validation errors when value within range 10ms
 ✓ src/test/webapp/app/shared/pages/landing-page/faq-section/faq-section.component.spec.ts > FaqSectionComponent > should render the headline and subheadline translation keys 96ms
 ✓ src/test/webapp/app/shared/pages/landing-page/faq-section/faq-section.component.spec.ts > FaqSectionComponent > should render external link with correct href and icon 45ms
 ✓ src/test/webapp/app/shared/components/atoms/number-input/number-input.component.spec.ts > NumberInputComponent > should show tooltip when icon=circle-info and tooltipText provided 100ms
 ✓ src/test/webapp/app/shared/components/atoms/number-input/number-input.component.spec.ts > NumberInputComponent > should render regular icon when icon is not circle-info 36ms
 ✓ src/test/webapp/app/shared/components/atoms/number-input/number-input.component.spec.ts > NumberInputComponent > should call onFocus and onBlur handlers 18ms
 ✓ src/test/webapp/app/shared/components/atoms/number-input/number-input.component.spec.ts > NumberInputComponent > should handle null value gracefully 17ms
 ✓ src/test/webapp/app/shared/components/atoms/number-input/number-input.component.spec.ts > NumberInputComponent > should handle undefined value gracefully 14ms
 ✓ src/test/webapp/app/shared/pages/landing-page/faq-section/faq-section.component.spec.ts > FaqSectionComponent > should render all FAQ tabs based on the tabs array 93ms
 ✓ src/test/webapp/app/usermanagement/research-group/research-group-members/research-group-members.component.spec.ts > ResearchGroupMembersComponent > should create 94ms
 ✓ src/test/webapp/app/application/application-creation-form/application-creation-form.component.spec.ts > ApplicationForm > migrateDraftIfNeeded > should show error toast when migration fails 162ms
 ✓ src/test/webapp/app/shared/components/atoms/number-input/number-input.component.spec.ts > NumberInputComponent > should not show validation errors when model is undefined 35ms
 ✓ src/test/webapp/app/shared/components/atoms/editor/editor.component.spec.ts > EditorComponent > should compute character count correctly from htmlValue 108ms
 ✓ src/test/webapp/app/shared/components/atoms/editor/editor.component.spec.ts > EditorComponent > should detect over character limit correctly 14ms
 ✓ src/test/webapp/app/shared/components/atoms/editor/editor.component.spec.ts > EditorComponent > should compute warning color when near limit 21ms
 ✓ src/test/webapp/app/shared/components/atoms/editor/editor.component.spec.ts > EditorComponent > should return normal counter color when within limit 12ms
 ✓ src/test/webapp/app/shared/components/atoms/editor/editor.component.spec.ts > EditorComponent > should set error message for empty required input 25ms
 ✓ src/test/webapp/app/shared/components/atoms/editor/editor.component.spec.ts > EditorComponent > should set error message when over character limit 14ms
 ✓ src/test/webapp/app/application/application-creation-form/application-creation-form.component.spec.ts > ApplicationForm > migrateDraftIfNeeded > should keep previous applicationId if new one is undefined 220ms
 ✓ src/test/webapp/app/shared/components/atoms/button/button.component.spec.ts > ButtonComponent > should render with default inputs 158ms
 ✓ src/test/webapp/app/shared/components/atoms/button/button.component.spec.ts > ButtonComponent > should show icon when icon input is set 77ms
 ✓ src/test/webapp/app/shared/components/atoms/editor/editor.component.spec.ts > EditorComponent > should patch form control when formControl exists 51ms
 ✓ src/test/webapp/app/shared/components/atoms/editor/editor.component.spec.ts > EditorComponent > should not react when source is not user 11ms
 ✓ src/test/webapp/app/shared/components/atoms/editor/editor.component.spec.ts > EditorComponent > should truncate changes if text exceeds max buffer 22ms
 ✓ src/test/webapp/app/shared/components/atoms/editor/editor.component.spec.ts > EditorComponent > should handle focus and blur correctly 31ms
 ✓ src/test/webapp/app/shared/components/atoms/editor/editor.component.spec.ts > EditorComponent > editorValue returns empty string when formControl value is null (value ?? "") 7ms
 ✓ src/test/webapp/app/shared/components/atoms/editor/editor.component.spec.ts > EditorComponent > textChanged applies default (characterLimit ?? STANDARD_CHARACTER_LIMIT) + buffer 7ms
 ✓ src/test/webapp/app/shared/components/atoms/editor/editor.component.spec.ts > EditorComponent > should return model() when no formControl is present (else branch) 5ms
 ✓ src/test/webapp/app/usermanagement/research-group/research-group-members/research-group-members.component.spec.ts > ResearchGroupMembersComponent > should load members automatically via table lazy load on component init 234ms
 ✓ src/test/webapp/app/usermanagement/research-group/research-group-members/research-group-members.component.spec.ts > ResearchGroupMembersComponent > should initialize with default values 21ms
 ✓ src/test/webapp/app/usermanagement/research-group/research-group-members/research-group-members.component.spec.ts > ResearchGroupMembersComponent > should have correct columns configuration 19ms
 ✓ src/test/webapp/app/shared/components/atoms/button/button.component.spec.ts > ButtonComponent > should show external link icon if isExternalLink is true 39ms
 ✓ src/test/webapp/app/shared/components/atoms/button/button.component.spec.ts > ButtonComponent > should apply full width class when fullWidth is true 26ms
 ✓ src/test/webapp/app/shared/components/atoms/button/button.component.spec.ts > ButtonComponent > should apply rounded icon button class when label is not set 30ms
 ✓ src/test/webapp/app/application/application-creation-form/application-creation-form.component.spec.ts > ApplicationForm > handleNextFromStep1 > should return early when applicantId is already set 190ms
 ✓ src/test/webapp/app/shared/components/atoms/editor/editor.component.spec.ts > EditorComponent > should emit modelChange when formControl is not present (else branch) 38ms
 ✓ src/test/webapp/app/shared/components/atoms/editor/editor.component.spec.ts > EditorComponent > should return required error when input is empty and required is true 8ms
 ✓ src/test/webapp/app/shared/components/atoms/editor/editor.component.spec.ts > EditorComponent > uses STANDARD_CHARACTER_LIMIT in charCounterColor when characterLimit is explicitly undefined 16ms
 ✓ src/test/webapp/app/shared/components/atoms/editor/editor.component.spec.ts > EditorComponent > applies (characterLimit ?? STANDARD_CHARACTER_LIMIT) + buffer in textChanged when characterLimit is undefined 9ms
 ✓ src/test/webapp/app/usermanagement/research-group/research-group-members/research-group-members.component.spec.ts > ResearchGroupMembersComponent > should assign templates to correct columns 57ms
 ✓ src/test/webapp/app/usermanagement/research-group/research-group-members/research-group-members.component.spec.ts > ResearchGroupMembersComponent > should update page number and load members on table emit 23ms
 ✓ src/test/webapp/app/usermanagement/research-group/research-group-members/research-group-members.component.spec.ts > ResearchGroupMembersComponent > should handle undefined first and rows values in table emit with fallback to defaults 12ms
 ✓ src/test/webapp/app/usermanagement/research-group/research-group-members/research-group-members.component.spec.ts > ResearchGroupMembersComponent > should load members successfully 12ms
 ✓ src/test/webapp/app/usermanagement/research-group/research-group-members/research-group-members.component.spec.ts > ResearchGroupMembersComponent > should handle empty or undefined response when loading members 48ms
 ✓ src/test/webapp/app/shared/components/atoms/button/button.component.spec.ts > ButtonComponent > should show badge if numberOfFavorites is set 48ms
 ✓ src/test/webapp/app/shared/components/atoms/button/button.component.spec.ts > ButtonComponent > should show badge if size is set 12ms
 ✓ src/test/webapp/app/application/application-creation-form/application-creation-form.component.spec.ts > ApplicationForm > handleNextFromStep1 > should call openOtpAndWaitForLogin with correct parameters when applicantId is not set 201ms
 ✓ src/test/webapp/app/usermanagement/research-group/research-group-members/research-group-members.component.spec.ts > ResearchGroupMembersComponent > should handle error and show error toast when loading members fails 10ms
 ✓ src/test/webapp/app/usermanagement/research-group/research-group-members/research-group-members.component.spec.ts > ResearchGroupMembersComponent > should remove member successfully 26ms
 ✓ src/test/webapp/app/usermanagement/research-group/research-group-members/research-group-members.component.spec.ts > ResearchGroupMembersComponent > should handle error and show error toast when removing member fails 9ms
 ✓ src/test/webapp/app/usermanagement/research-group/research-group-members/research-group-members.component.spec.ts > ResearchGroupMembersComponent > should transform members data correctly in tableData computed and identify current user 10ms
 ✓ src/test/webapp/app/usermanagement/research-group/research-group-members/research-group-members.component.spec.ts > ResearchGroupMembersComponent > shows the no role text when roles is undefined or empty 20ms
 ✓ src/test/webapp/app/usermanagement/research-group/research-group-members/research-group-members.component.spec.ts > ResearchGroupMembersComponent > should handle member with undefined userId when removing 9ms
 ✓ src/test/webapp/app/usermanagement/research-group/research-group-members/research-group-members.component.spec.ts > ResearchGroupMembersComponent > should format role with proper capitalization 19ms
 ✓ src/test/webapp/app/shared/components/molecules/onboarding-dialog/onboarding-dialog.spec.ts > OnboardingDialog > should create 201ms
 ✓ src/test/webapp/app/shared/components/molecules/onboarding-dialog/onboarding-dialog.spec.ts > OnboardingDialog > markOnboarded > should close the dialog and open the professor form when openForm is true 40ms
 ✓ src/test/webapp/app/shared/components/molecules/onboarding-dialog/onboarding-dialog.spec.ts > OnboardingDialog > markOnboarded > should close dialog and confirm onboarding when openForm is false 51ms
 ✓ src/test/webapp/app/application/application-creation-form/application-creation-form.component.spec.ts > ApplicationForm > handleNextFromStep1 > should show error toast when openOtpAndWaitForLogin fails 170ms
 ✓ src/test/webapp/app/shared/components/molecules/onboarding-dialog/onboarding-dialog.spec.ts > OnboardingDialog > markOnboarded > should default to opening form when no parameter is provided 51ms
 ✓ src/test/webapp/app/shared/components/molecules/onboarding-dialog/onboarding-dialog.spec.ts > OnboardingDialog > markOnboarded > should not call confirmOnboarding when openForm is true 56ms
 ✓ src/test/webapp/app/shared/components/molecules/onboarding-dialog/onboarding-dialog.spec.ts > OnboardingDialog > markOnboarded > should not open dialog when markOnboarded is called with false 32ms
 ✓ src/test/webapp/app/shared/components/molecules/onboarding-dialog/onboarding-dialog.spec.ts > OnboardingDialog > openEmployeeForm > should close dialog and open employee form 43ms
 ✓ src/test/webapp/app/evaluation/components/document-dialog/document-dialog.spec.ts > DocumentDialog > initialization > should not select anything if documentHolders is empty 92ms
 ✓ src/test/webapp/app/application/application-creation-form/application-creation-form.component.spec.ts > ApplicationForm > handleNextFromStep1 > should set applicantId to empty string when loadedUser().id is undefined (nullish coalescing operator) 174ms
 ✓ src/test/webapp/app/shared/components/molecules/button-group/button-group.component.spec.ts > ButtonGroupComponent > should create a button group 154ms
 ✓ src/test/webapp/app/shared/components/molecules/button-group/button-group.component.spec.ts > ButtonGroupComponent > should render multiple buttons 41ms
 ✓ src/test/webapp/app/shared/components/molecules/button-group/button-group.component.spec.ts > ButtonGroupComponent > should apply vertical layout class when direction is vertical 35ms
 ✓ src/test/webapp/app/shared/components/molecules/button-group/button-group.component.spec.ts > ButtonGroupComponent > should apply horizontal layout class when direction is horizontal 20ms
 ✓ src/test/webapp/app/evaluation/components/document-dialog/document-dialog.spec.ts > DocumentDialog > initialization > should select the first document if holders exist and no selection set 21ms
 ✓ src/test/webapp/app/evaluation/components/document-dialog/document-dialog.spec.ts > DocumentDialog > initialization > should not override selectedId if already set 34ms
 ✓ src/test/webapp/app/evaluation/components/document-dialog/document-dialog.spec.ts > DocumentDialog > selectedDocument > auto-selects the first document if selectedId is undefined 12ms
 ✓ src/test/webapp/app/evaluation/components/document-dialog/document-dialog.spec.ts > DocumentDialog > selectedDocument > returns document if selectedId matches 12ms
 ✓ src/test/webapp/app/evaluation/components/document-dialog/document-dialog.spec.ts > DocumentDialog > selectedDocument > returns undefined if selectedId not found 25ms
 ✓ src/test/webapp/app/evaluation/components/document-dialog/document-dialog.spec.ts > DocumentDialog > isSelected > returns true when id matches selectedDocument 11ms
 ✓ src/test/webapp/app/shared/components/atoms/document-viewer/document-viewer.component.spec.ts > DocumentViewerComponent > should create the component 38ms
 ✓ src/test/webapp/app/shared/components/atoms/document-viewer/document-viewer.component.spec.ts > DocumentViewerComponent > should initialize with undefined sanitizedBlobUrl 4ms
 ✓ src/test/webapp/app/shared/components/atoms/document-viewer/document-viewer.component.spec.ts > DocumentViewerComponent > initDocument > should use cached document if available 6ms
 ✓ src/test/webapp/app/shared/components/atoms/document-viewer/document-viewer.component.spec.ts > DocumentViewerComponent > initDocument > should download document when not in cache 6ms
 ✓ src/test/webapp/app/shared/components/atoms/document-viewer/document-viewer.component.spec.ts > DocumentViewerComponent > initDocument > should create PDF blob with correct type 4ms
 ✓ src/test/webapp/app/shared/components/atoms/document-viewer/document-viewer.component.spec.ts > DocumentViewerComponent > initDocument > should handle download error gracefully 3ms
 ✓ src/test/webapp/app/shared/components/atoms/document-viewer/document-viewer.component.spec.ts > DocumentViewerComponent > initDocument > should set sanitizedBlobUrl to undefined on error 3ms
 ✓ src/test/webapp/app/shared/components/atoms/document-viewer/document-viewer.component.spec.ts > DocumentViewerComponent > documentDictionaryId input changes > should handle document with different IDs sequentially 5ms
 ✓ src/test/webapp/app/shared/components/atoms/document-viewer/document-viewer.component.spec.ts > DocumentViewerComponent > integration - cache behavior > should use cache and skip download when document is cached 13ms
 ✓ src/test/webapp/app/shared/components/atoms/document-viewer/document-viewer.component.spec.ts > DocumentViewerComponent > integration - cache behavior > should cache downloaded document 4ms
 ✓ src/test/webapp/app/shared/components/atoms/document-viewer/document-viewer.component.spec.ts > DocumentViewerComponent > edge cases > should handle empty document ID 5ms
 ✓ src/test/webapp/app/shared/components/molecules/button-group/button-group.component.spec.ts > ButtonGroupComponent > should apply full width class when fullWidth is true 29ms
 ✓ src/test/webapp/app/shared/components/molecules/button-group/button-group.component.spec.ts > ButtonGroupComponent > should trigger button onClick handler when clicked 16ms
 ✓ src/test/webapp/app/application/application-creation-form/application-creation-form.component.spec.ts > ApplicationForm > handleNextFromStep1 > should set applicantId to empty string when loadedUser is null (nullish coalescing operator) 211ms
 ✓ src/test/webapp/app/shared/pages/landing-page/doctoral-journey-section/doctoral-journey-section.component.spec.ts > DoctoralJourneySectionComponent > should render image with correct path 272ms
 ✓ src/test/webapp/app/shared/pages/landing-page/doctoral-journey-section/doctoral-journey-section.component.spec.ts > DoctoralJourneySectionComponent > should provide correct button group data 23ms
 ✓ src/test/webapp/app/shared/pages/landing-page/doctoral-journey-section/doctoral-journey-section.component.spec.ts > DoctoralJourneySectionComponent > should open correct URL for first button 41ms
 ✓ src/test/webapp/app/shared/components/atoms/document-viewer/document-viewer.component.spec.ts > DocumentViewerComponent > edge cases > should handle very large documents 15ms
 ✓ src/test/webapp/app/evaluation/components/document-dialog/document-dialog.spec.ts > DocumentDialog > isSelected > returns false when id does not match 9ms
 ✓ src/test/webapp/app/evaluation/components/document-dialog/document-dialog.spec.ts > DocumentDialog > isSelected > returns false if no document selected 27ms
 ✓ src/test/webapp/app/evaluation/components/document-dialog/document-dialog.spec.ts > DocumentDialog > isChecked & toggleChecked > should return false if id not checked 14ms
 ✓ src/test/webapp/app/evaluation/components/document-dialog/document-dialog.spec.ts > DocumentDialog > isChecked & toggleChecked > should return true if id is checked 6ms
 ✓ src/test/webapp/app/evaluation/components/document-dialog/document-dialog.spec.ts > DocumentDialog > isChecked & toggleChecked > should add id when toggled with checked=true 4ms
 ✓ src/test/webapp/app/evaluation/components/document-dialog/document-dialog.spec.ts > DocumentDialog > isChecked & toggleChecked > should remove id when toggled with checked=false 3ms
 ✓ src/test/webapp/app/evaluation/components/document-dialog/document-dialog.spec.ts > DocumentDialog > isChecked & toggleChecked > should not remove other ids when one is toggled off 6ms
 ✓ src/test/webapp/app/evaluation/components/document-dialog/document-dialog.spec.ts > DocumentDialog > selectDoc > should update selectedId 6ms
 ✓ src/test/webapp/app/shared/pages/landing-page/doctoral-journey-section/doctoral-journey-section.component.spec.ts > DoctoralJourneySectionComponent > should open correct URL for second button 50ms
 ✓ src/test/webapp/app/application/application-creation-form/application-creation-form.component.spec.ts > ApplicationForm > handleNextFromStep1 > should set applicantId to user id when loadedUser().id has a value 218ms
 ✓ src/test/webapp/app/application/application-creation-form/application-creation-form.component.spec.ts > ApplicationForm > step onClick handlers > personalInfo step buttons > should call performAutomaticSave and location.back when back button is clicked 201ms
 ✓ src/test/webapp/app/shared/pages/landing-page/hero-section/hero-section.component.spec.ts > HeroSectionComponent > should create the component 193ms
 ✓ src/test/webapp/app/shared/pages/landing-page/hero-section/hero-section.component.spec.ts > HeroSectionComponent > should render the correct amount of slides 52ms
 ✓ src/test/webapp/app/application/application-creation-form/application-creation-form.component.spec.ts > ApplicationForm > step onClick handlers > personalInfo step buttons > should call handleNextFromStep1 when next button is clicked 158ms
 ✓ src/test/webapp/app/service/toast-service.spec.ts > ToastService > should be created 31ms
 ✓ src/test/webapp/app/service/toast-service.spec.ts > ToastService > should have all required methods 6ms
 ✓ src/test/webapp/app/service/toast-service.spec.ts > ToastService > showSuccess > should call messageService.add with success severity 8ms
 ✓ src/test/webapp/app/service/toast-service.spec.ts > ToastService > showSuccess > should handle message with life property 11ms
 ✓ src/test/webapp/app/service/toast-service.spec.ts > ToastService > showSuccess > should handle message with only summary 5ms
 ✓ src/test/webapp/app/service/toast-service.spec.ts > ToastService > showSuccess > should handle message with only detail 5ms
 ✓ src/test/webapp/app/service/toast-service.spec.ts > ToastService > showSuccess > should handle empty message object 5ms
 ✓ src/test/webapp/app/service/toast-service.spec.ts > ToastService > showError > should call messageService.add with error severity 16ms
 ✓ src/test/webapp/app/service/toast-service.spec.ts > ToastService > showError > should handle error message with life property 3ms
 ✓ src/test/webapp/app/service/toast-service.spec.ts > ToastService > showError > should handle message with only summary 2ms
 ✓ src/test/webapp/app/service/toast-service.spec.ts > ToastService > showError > should handle message with only detail 2ms
 ✓ src/test/webapp/app/service/toast-service.spec.ts > ToastService > showError > should handle empty message object 2ms
 ✓ src/test/webapp/app/service/toast-service.spec.ts > ToastService > showInfo > should call messageService.add with info severity 2ms
 ✓ src/test/webapp/app/shared/components/atoms/rating/rating.component.spec.ts > RatingComponent > does nothing when not selectable 83ms
 ✓ src/test/webapp/app/shared/components/atoms/rating/rating.component.spec.ts > RatingComponent > selects and toggles off when selectable 7ms
 ✓ src/test/webapp/app/shared/pages/landing-page/hero-section/hero-section.component.spec.ts > HeroSectionComponent > should render headline and subline translate keys 87ms
 ✓ src/test/webapp/app/shared/pages/landing-page/hero-section/hero-section.component.spec.ts > HeroSectionComponent > should navigate to /job-overview when button is clicked 44ms
 ✓ src/test/webapp/app/service/toast-service.spec.ts > ToastService > showInfo > should handle info message with life property 2ms
 ✓ src/test/webapp/app/service/toast-service.spec.ts > ToastService > showInfo > should handle message with only summary 8ms
 ✓ src/test/webapp/app/service/toast-service.spec.ts > ToastService > showInfo > should handle message with only detail 4ms
 ✓ src/test/webapp/app/service/toast-service.spec.ts > ToastService > showInfo > should handle empty message object 4ms
 ✓ src/test/webapp/app/service/toast-service.spec.ts > ToastService > showWarn > should call messageService.add with warn severity 4ms
 ✓ src/test/webapp/app/service/toast-service.spec.ts > ToastService > showWarn > should handle warn message with life property 11ms
 ✓ src/test/webapp/app/service/toast-service.spec.ts > ToastService > showWarn > should handle message with only summary 2ms
 ✓ src/test/webapp/app/service/toast-service.spec.ts > ToastService > showWarn > should handle message with only detail 2ms
 ✓ src/test/webapp/app/service/toast-service.spec.ts > ToastService > showWarn > should handle empty message object 5ms
 ✓ src/test/webapp/app/service/toast-service.spec.ts > ToastService > showSuccessKey > should translate and show success toast using base key 3ms
 ✓ src/test/webapp/app/service/toast-service.spec.ts > ToastService > showSuccessKey > should translate with parameters 2ms
 ✓ src/test/webapp/app/service/toast-service.spec.ts > ToastService > showSuccessKey > should handle parameters with special characters 2ms
 ✓ src/test/webapp/app/service/toast-service.spec.ts > ToastService > showErrorKey > should translate and show error toast using base key 2ms
 ✓ src/test/webapp/app/service/toast-service.spec.ts > ToastService > showErrorKey > should translate with parameters 16ms
 ✓ src/test/webapp/app/service/toast-service.spec.ts > ToastService > showErrorKey > should handle parameters with special characters 4ms
 ✓ src/test/webapp/app/service/toast-service.spec.ts > ToastService > showInfoKey > should translate and show info toast using base key 4ms
 ✓ src/test/webapp/app/service/toast-service.spec.ts > ToastService > showInfoKey > should translate with parameters 4ms
 ✓ src/test/webapp/app/service/toast-service.spec.ts > ToastService > showInfoKey > should handle parameters with special characters 2ms
 ✓ src/test/webapp/app/service/toast-service.spec.ts > ToastService > showWarnKey > should translate and show warn toast using base key 5ms
 ✓ src/test/webapp/app/service/toast-service.spec.ts > ToastService > showWarnKey > should translate with parameters 6ms
 ✓ src/test/webapp/app/service/toast-service.spec.ts > ToastService > showWarnKey > should handle parameters with special characters 7ms
 ✓ src/test/webapp/app/application/application-creation-form/application-creation-form.component.spec.ts > ApplicationForm > step onClick handlers > education step buttons > should call updateDocumentInformation when prev button is clicked 293ms
 ✓ src/test/webapp/app/shared/components/atoms/rating/rating.component.spec.ts > RatingComponent > changes rating when selecting different value 26ms
 ✓ src/test/webapp/app/shared/components/atoms/rating/rating.component.spec.ts > RatingComponent > returns background color when rating is undefined 30ms
 ✓ src/test/webapp/app/shared/components/atoms/rating/rating.component.spec.ts > RatingComponent > returns correct colors for each likert value 17ms
 ✓ src/test/webapp/app/shared/components/atoms/rating/rating.component.spec.ts > RatingComponent > falls back to background color when section does not match current rating 9ms
 ✓ src/test/webapp/app/shared/components/atoms/rating/rating.component.spec.ts > RatingComponent > returns expected tooltip key 5ms
 ✓ src/test/webapp/app/shared/components/atoms/rating/rating.component.spec.ts > RatingComponent > returns undefined tooltip key for invalid value 6ms
 ✓ src/test/webapp/app/shared/components/atoms/rating/rating.component.spec.ts > RatingComponent > returns pointer when selectable 5ms
 ✓ src/test/webapp/app/shared/components/atoms/rating/rating.component.spec.ts > RatingComponent > returns default when not selectable 19ms
 ✓ src/test/webapp/app/shared/pages/landing-page/information-section/information-section.component.spec.ts > InformationSectionComponent > should create the component 103ms
 ✓ src/test/webapp/app/shared/pages/landing-page/information-section/information-section.component.spec.ts > InformationSectionComponent > should render the headline with correct translate key 26ms
 ✓ src/test/webapp/app/shared/pages/landing-page/information-section/information-section.component.spec.ts > InformationSectionComponent > should define correct data for first card in the cards array 14ms
 ✓ src/test/webapp/app/shared/pages/landing-page/information-section/information-section.component.spec.ts > InformationSectionComponent > should render one information card per entry in the cards array 26ms
 ✓ src/test/webapp/app/shared/components/molecules/application-card/application-card.component.spec.ts > ApplicationCardComponent > returns undefined when application is not set 214ms
 ✓ src/test/webapp/app/shared/components/molecules/application-card/application-card.component.spec.ts > ApplicationCardComponent > returns applicationDetailDTO when application is provided 24ms
 ✓ src/test/webapp/app/shared/components/molecules/application-card/application-card.component.spec.ts > ApplicationCardComponent > maps states to severities correctly 11ms
 ✓ src/test/webapp/app/shared/components/molecules/application-card/application-card.component.spec.ts > ApplicationCardComponent > should apply placeholder class when placeholder is true 23ms
 ✓ src/test/webapp/app/shared/components/molecules/application-card/application-card.component.spec.ts > ApplicationCardComponent > should not render content when placeholder is true 14ms
 ✓ src/test/webapp/app/service/toast-service.spec.ts > ToastService > multiple toasts > should handle multiple toast messages in sequence 7ms
 ✓ src/test/webapp/app/service/toast-service.spec.ts > ToastService > multiple toasts > should handle mixed direct and key-based toasts 5ms
 ✓ src/test/webapp/app/service/toast-service.spec.ts > ToastService > multiple toasts > should handle all severity levels in sequence 4ms
 ✓ src/test/webapp/app/service/toast-service.spec.ts > ToastService > edge cases > should handle very long summary text 2ms
 ✓ src/test/webapp/app/service/toast-service.spec.ts > ToastService > edge cases > should handle very long detail text 14ms
 ✓ src/test/webapp/app/service/toast-service.spec.ts > ToastService > edge cases > should handle unicode characters in messages 2ms
 ✓ src/test/webapp/app/service/toast-service.spec.ts > ToastService > edge cases > should handle zero life property 2ms
 ✓ src/test/webapp/app/service/toast-service.spec.ts > ToastService > edge cases > should handle negative life property 2ms
 ✓ src/test/webapp/app/service/toast-service.spec.ts > ToastService > edge cases > should handle empty string parameters 4ms
 ✓ src/test/webapp/app/service/toast-service.spec.ts > ToastService > edge cases > should handle baseKey with dots in parameters 17ms
 ✓ src/test/webapp/app/service/toast-service.spec.ts > ToastService > severity combinations > should maintain correct severity for each method 6ms
 ✓ src/test/webapp/app/service/toast-service.spec.ts > ToastService > severity combinations > should maintain correct severity for key-based methods 5ms
 ✓ src/test/webapp/app/service/toast-service.spec.ts > ToastService > parameter types > should handle string parameters 4ms
 ✓ src/test/webapp/app/service/toast-service.spec.ts > ToastService > parameter types > should handle mixed parameter types 7ms
 ✓ src/test/webapp/app/service/toast-service.spec.ts > ToastService > parameter types > should handle empty parameter object 2ms
 ✓ src/test/webapp/app/service/toast-service.spec.ts > ToastService > Constructor and Component Creation > should create toast component on initialization 2ms
 ✓ src/test/webapp/app/service/toast-service.spec.ts > ToastService > Constructor and Component Creation > should only create one toast component instance 3ms
 ✓ src/test/webapp/app/service/toast-service.spec.ts > ToastService > Constructor and Component Creation > should attach toast component to document body 5ms
 ✓ src/test/webapp/app/service/toast-service.spec.ts > ToastService > Constructor and Component Creation > should create toast component with available injector 2ms
 ✓ src/test/webapp/app/shared/components/molecules/application-card/application-card.component.spec.ts > ApplicationCardComponent > should render content when placeholder is false 24ms
 ✓ src/test/webapp/app/job/job-overview/job-card/job-card.component.spec.ts > JobCardComponent > Formatted Start Date > should format the start date via computed signal 175ms
 ✓ src/test/webapp/app/job/job-overview/job-card/job-card.component.spec.ts > JobCardComponent > Navigation > should navigate to the detail page on onViewDetails() 49ms
 ✓ src/test/webapp/app/job/job-overview/job-card/job-card.component.spec.ts > JobCardComponent > Formatted Workload > should format full-time workload (40 hours) 18ms
 ✓ src/test/webapp/app/job/job-overview/job-card/job-card.component.spec.ts > JobCardComponent > Formatted Workload > should format part-time workload with percentage 19ms
 ✓ src/test/webapp/app/application/application-creation-form/application-creation-form.component.spec.ts > ApplicationForm > step onClick handlers > education step buttons > should call updateDocumentInformation when next button is clicked 289ms
 ✓ src/test/webapp/app/application/application-detail-for-applicant/application-detail-for-applicant.component.spec.ts > ApplicationDetailForApplicantComponent > initializes and fetches application & document IDs when param provided 153ms
 ✓ src/test/webapp/app/application/application-detail-for-applicant/application-detail-for-applicant.component.spec.ts > ApplicationDetailForApplicantComponent > init() success flow (split AAA) > sets applicationId and invokes both fetch services 6ms
 ✓ src/test/webapp/app/application/application-detail-for-applicant/application-detail-for-applicant.component.spec.ts > ApplicationDetailForApplicantComponent > init() success flow (split AAA) > stores application and document data in signals 7ms
 ✓ src/test/webapp/app/application/application-detail-for-applicant/application-detail-for-applicant.component.spec.ts > ApplicationDetailForApplicantComponent > init() success flow (split AAA) > does not emit an error toast on successful init 23ms
 ✓ src/test/webapp/app/application/application-detail-for-applicant/application-detail-for-applicant.component.spec.ts > ApplicationDetailForApplicantComponent > shows error when application id missing 7ms
 ✓ src/test/webapp/app/application/application-detail-for-applicant/application-detail-for-applicant.component.spec.ts > ApplicationDetailForApplicantComponent > handles application fetch error 5ms
 ✓ src/test/webapp/app/application/application-detail-for-applicant/application-detail-for-applicant.component.spec.ts > ApplicationDetailForApplicantComponent > handles document ID fetch error 25ms
 ✓ src/test/webapp/app/application/application-detail-for-applicant/application-detail-for-applicant.component.spec.ts > ApplicationDetailForApplicantComponent > navigates to job detail when jobId present 7ms
 ✓ src/test/webapp/app/job/job-overview/job-card/job-card.component.spec.ts > JobCardComponent > Formatted Workload > should return undefined when workload is not set 39ms
 ✓ src/test/webapp/app/job/job-overview/job-card/job-card.component.spec.ts > JobCardComponent > Formatted Contract Duration > should return the contract duration when set 30ms
 ✓ src/test/webapp/app/job/job-overview/job-card/job-card.component.spec.ts > JobCardComponent > Formatted Contract Duration > should return undefined when contract duration is not set 23ms
 ✓ src/test/webapp/app/evaluation/components/comment-section/comment-section.spec.ts > CommentSection > init > should create component and set current user 57ms
 ✓ src/test/webapp/app/evaluation/components/comment-section/comment-section.spec.ts > CommentSection > init > should set currentUser to empty string when user is null 16ms
 ✓ src/test/webapp/app/evaluation/components/comment-section/comment-section.spec.ts > CommentSection > loadComments > should clear draft and set comments [] when applicationId is undefined 11ms
 ✓ src/test/webapp/app/evaluation/components/comment-section/comment-section.spec.ts > CommentSection > loadComments > should load comments when applicationId is defined 9ms
 ✓ src/test/webapp/app/evaluation/components/comment-section/comment-section.spec.ts > CommentSection > loadComments > should early return when id undefined 7ms
 ✓ src/test/webapp/app/application/application-detail-for-applicant/application-detail-for-applicant.component.spec.ts > ApplicationDetailForApplicantComponent > shows error when jobId missing on view job details 26ms
 ✓ src/test/webapp/app/application/application-detail-for-applicant/application-detail-for-applicant.component.spec.ts > ApplicationDetailForApplicantComponent > deletes application successfully 9ms
 ✓ src/test/webapp/app/application/application-detail-for-applicant/application-detail-for-applicant.component.spec.ts > ApplicationDetailForApplicantComponent > handles delete application error 13ms
 ✓ src/test/webapp/app/application/application-detail-for-applicant/application-detail-for-applicant.component.spec.ts > ApplicationDetailForApplicantComponent > withdraws application successfully and re-inits 13ms
 ✓ src/test/webapp/app/application/application-detail-for-applicant/application-detail-for-applicant.component.spec.ts > ApplicationDetailForApplicantComponent > handles withdraw application error 8ms
 ✓ src/test/webapp/app/application/application-detail-for-applicant/application-detail-for-applicant.component.spec.ts > ApplicationDetailForApplicantComponent > downloads PDF and uses filename from header 9ms
 ✓ src/test/webapp/app/application/application-detail-for-applicant/application-detail-for-applicant.component.spec.ts > ApplicationDetailForApplicantComponent > falls back to default filename when header missing 20ms
 ✓ src/test/webapp/app/application/application-detail-for-applicant/application-detail-for-applicant.component.spec.ts > ApplicationDetailForApplicantComponent > getApplicationPDFLabels integration returns expected label keys without component 3ms
 ✓ src/test/webapp/app/evaluation/components/comment-section/comment-section.spec.ts > CommentSection > loadComments > should set comments on success 8ms
 ✓ src/test/webapp/app/evaluation/components/comment-section/comment-section.spec.ts > CommentSection > loadComments > should show toast on error 27ms
 ✓ src/test/webapp/app/evaluation/components/comment-section/comment-section.spec.ts > CommentSection > createComment > should early return when id undefined 5ms
 ✓ src/test/webapp/app/evaluation/components/comment-section/comment-section.spec.ts > CommentSection > createComment > should early return when message is empty 7ms
 ✓ src/test/webapp/app/evaluation/components/comment-section/comment-section.spec.ts > CommentSection > createComment > should append created comment and clear draft 53ms
 ✓ src/test/webapp/app/evaluation/components/comment-section/comment-section.spec.ts > CommentSection > createComment > should show toast on error 4ms
 ✓ src/test/webapp/app/evaluation/components/comment-section/comment-section.spec.ts > CommentSection > updateComment > should early return when id missing 3ms
 ✓ src/test/webapp/app/application/application-creation-form/application-creation-form.component.spec.ts > ApplicationForm > step onClick handlers > applicationDetails step buttons > should call updateDocumentInformation when prev button is clicked 305ms
 ✓ src/test/webapp/app/application/application-creation-form/application-creation-form.component.spec.ts > ApplicationForm > step onClick handlers > applicationDetails step buttons > should call updateDocumentInformation when next button is clicked 278ms
 ✓ src/test/webapp/app/evaluation/components/comment-section/comment-section.spec.ts > CommentSection > updateComment > should early return when message empty 4ms
 ✓ src/test/webapp/app/evaluation/components/comment-section/comment-section.spec.ts > CommentSection > updateComment > should replace comment on success 3ms
 ✓ src/test/webapp/app/evaluation/components/comment-section/comment-section.spec.ts > CommentSection > updateComment > should leave other comments unchanged when id does not match 3ms
 ✓ src/test/webapp/app/evaluation/components/comment-section/comment-section.spec.ts > CommentSection > updateComment > should preserve comment order when updating 4ms
 ✓ src/test/webapp/app/evaluation/components/comment-section/comment-section.spec.ts > CommentSection > updateComment > should show toast on error 3ms
 ✓ src/test/webapp/app/evaluation/components/comment-section/comment-section.spec.ts > CommentSection > deleteComment > should early return when id undefined 7ms
 ✓ src/test/webapp/app/evaluation/components/comment-section/comment-section.spec.ts > CommentSection > deleteComment > should remove comment on success 5ms
 ✓ src/test/webapp/app/evaluation/components/comment-section/comment-section.spec.ts > CommentSection > deleteComment > should show toast on error 3ms
 ✓ src/test/webapp/app/evaluation/components/comment-section/comment-section.spec.ts > CommentSection > refresh > should delegate to loadComments 16ms
 ✓ src/test/webapp/app/evaluation/components/rating-section/rating-section.spec.ts > RatingSection > Initialization & Creation > should create component 53ms
 ✓ src/test/webapp/app/evaluation/components/rating-section/rating-section.spec.ts > RatingSection > Initialization & Creation > should not call loadRatings when applicationId is undefined 9ms
 ✓ src/test/webapp/app/evaluation/components/rating-section/rating-section.spec.ts > RatingSection > Loading Ratings > should load ratings when applicationId is set 8ms
 ✓ src/test/webapp/app/evaluation/components/rating-section/rating-section.spec.ts > RatingSection > Loading Ratings > should reload ratings when applicationId changes 8ms
 ✓ src/test/webapp/app/evaluation/components/rating-section/rating-section.spec.ts > RatingSection > Loading Ratings > should set myRating and serverCurrent to undefined when currentUserRating is missing 7ms
 ✓ src/test/webapp/app/evaluation/components/rating-section/rating-section.spec.ts > RatingSection > Error Handling (Loading) > should show toast and set isInitializing false on loadRatings error 7ms
 ✓ src/test/webapp/app/shared/pages/landing-page/voices-section/voices-section.component.spec.ts > VoicesSectionComponent > should create the component 60ms
 ✓ src/test/webapp/app/shared/pages/landing-page/voices-section/voices-section.component.spec.ts > VoicesSectionComponent > should render 5 voice cards 9ms
 ✓ src/test/webapp/app/shared/pages/landing-page/voices-section/voices-section.component.spec.ts > VoicesSectionComponent > should render the headline with correct translate key 23ms
 ✓ src/test/webapp/app/evaluation/components/prose/prose.spec.ts > Prose > returns "—" when text is undefined 55ms
 ✓ src/test/webapp/app/evaluation/components/prose/prose.spec.ts > Prose > returns sanitized text when sanitizer provides value 4ms
 ✓ src/test/webapp/app/evaluation/components/prose/prose.spec.ts > Prose > returns "—" if sanitizer returns null 5ms
 ✓ src/test/webapp/app/core/util/alert.service.spec.ts > Alert service test > Alert Service Test > should produce a proper alert object and fetch it 19ms
 ✓ src/test/webapp/app/core/util/alert.service.spec.ts > Alert service test > Alert Service Test > should produce a proper alert object and add it to external alert objects array 4ms
 ✓ src/test/webapp/app/core/util/alert.service.spec.ts > Alert service test > Alert Service Test > should produce an alert object with correct id 10ms
 ✓ src/test/webapp/app/core/util/alert.service.spec.ts > Alert service test > Alert Service Test > should close an alert correctly 12ms
 ✓ src/test/webapp/app/core/util/alert.service.spec.ts > Alert service test > Alert Service Test > should close an alert on timeout correctly 7ms
 ✓ src/test/webapp/app/core/util/alert.service.spec.ts > Alert service test > Alert Service Test > should clear alerts 6ms
 ✓ src/test/webapp/app/core/util/alert.service.spec.ts > Alert service test > Alert Service Test > should produce a scoped alert 11ms
 ✓ src/test/webapp/app/core/util/alert.service.spec.ts > Alert service test > Alert Service Test > should produce a success message 7ms
 ✓ src/test/webapp/app/core/util/alert.service.spec.ts > Alert service test > Alert Service Test > should produce a success message with custom position 5ms
 ✓ src/test/webapp/app/core/util/alert.service.spec.ts > Alert service test > Alert Service Test > should produce a error message 2ms
 ✓ src/test/webapp/app/evaluation/components/rating-section/rating-section.spec.ts > RatingSection > Upserting Ratings > should skip upsert when appId undefined 17ms
 ✓ src/test/webapp/app/evaluation/components/rating-section/rating-section.spec.ts > RatingSection > Upserting Ratings > should skip upsert when initializing 3ms
 ✓ src/test/webapp/app/evaluation/components/rating-section/rating-section.spec.ts > RatingSection > Upserting Ratings > should upsert rating on change and refresh ratings on success 5ms
 ✓ src/test/webapp/app/evaluation/components/rating-section/rating-section.spec.ts > RatingSection > Upserting Ratings > should not upsert when myRating equals serverCurrent 11ms
 ✓ src/test/webapp/app/evaluation/components/rating-section/rating-section.spec.ts > RatingSection > Error Handling (Upsert) > should show toast and revert myRating on upsert error 13ms
 ✓ src/test/webapp/app/evaluation/components/rating-section/rating-section.spec.ts > RatingSection > Edge Cases & Derived Values > should return [] for otherRatings when ratings is undefined 6ms
 ✓ src/test/webapp/app/evaluation/components/rating-section/rating-section.spec.ts > RatingSection > Edge Cases & Derived Values > should return [] for otherRatings when ratings has no otherRatings property 16ms
 ✓ src/test/webapp/app/core/util/alert.service.spec.ts > Alert service test > Alert Service Test > should produce a warning message 23ms
 ✓ src/test/webapp/app/core/util/alert.service.spec.ts > Alert service test > Alert Service Test > should produce a info message 4ms
 ✓ src/test/webapp/app/core/util/alert.service.spec.ts > Alert service test > Alert Service Test > should produce a info message with translated message if key exists 7ms
 ✓ src/test/webapp/app/core/util/alert.service.spec.ts > Alert service test > Alert Service Test > should produce a info message with provided message if key does not exists 3ms
 ✓ src/test/webapp/app/core/util/alert.service.spec.ts > Alert service test > Alert Service Test > should produce a info message with provided key if translation key does not exist in translations and message is not provided 5ms
 ✓ src/test/webapp/app/application/application-creation-form/application-creation-form.component.spec.ts > ApplicationForm > step onClick handlers > summary step buttons > should call updateDocumentInformation when prev button is clicked 275ms
 ✓ src/test/webapp/app/core/auth/server-authentication.service.spec.ts > ServerAuthenticationService > authentication flows > should login with email and password 13ms
 ✓ src/test/webapp/app/core/auth/server-authentication.service.spec.ts > ServerAuthenticationService > authentication flows > should handle login error 7ms
 ✓ src/test/webapp/app/core/auth/server-authentication.service.spec.ts > ServerAuthenticationService > authentication flows > should logout successfully 1ms
 ✓ src/test/webapp/app/core/auth/server-authentication.service.spec.ts > ServerAuthenticationService > authentication flows > should handle logout error 1ms
 ✓ src/test/webapp/app/core/auth/server-authentication.service.spec.ts > ServerAuthenticationService > OTP flows > should send OTP for registration 1ms
 ✓ src/test/webapp/app/core/auth/server-authentication.service.spec.ts > ServerAuthenticationService > OTP flows > should send OTP for login 3ms
 ✓ src/test/webapp/app/core/auth/server-authentication.service.spec.ts > ServerAuthenticationService > OTP flows > should verify OTP for login 3ms
 ✓ src/test/webapp/app/core/auth/server-authentication.service.spec.ts > ServerAuthenticationService > OTP flows > should verify OTP for registration with profile 13ms
 ✓ src/test/webapp/app/core/auth/server-authentication.service.spec.ts > ServerAuthenticationService > OTP flows > should handle verifyOtp error 2ms
 ✓ src/test/webapp/app/core/auth/server-authentication.service.spec.ts > ServerAuthenticationService > token refresh > should refresh tokens successfully 1ms
 ✓ src/test/webapp/app/core/auth/server-authentication.service.spec.ts > ServerAuthenticationService > token refresh > should handle refresh error and return false 2ms
 ✓ src/test/webapp/app/core/auth/server-authentication.service.spec.ts > ServerAuthenticationService > token refresh > should not start new refresh if already in flight 3ms
 ✓ src/test/webapp/app/core/auth/server-authentication.service.spec.ts > ServerAuthenticationService > token refresh > should schedule automatic token refresh after login 1ms
 ✓ src/test/webapp/app/core/auth/server-authentication.service.spec.ts > ServerAuthenticationService > token refresh > should schedule automatic token refresh after OTP verification 1ms
 ✓ src/test/webapp/app/core/auth/server-authentication.service.spec.ts > ServerAuthenticationService > token refresh > should not schedule refresh timer if expiresIn is undefined 1ms
 ✓ src/test/webapp/app/core/auth/server-authentication.service.spec.ts > ServerAuthenticationService > token refresh > should clear refresh timer on logout 2ms
 ✓ src/test/webapp/app/core/auth/server-authentication.service.spec.ts > ServerAuthenticationService > token refresh > should replace existing timer when starting new one 1ms
 ✓ src/test/webapp/app/core/auth/server-authentication.service.spec.ts > ServerAuthenticationService > session management side effects > should bind window event listeners after login 2ms
 ✓ src/test/webapp/app/core/auth/server-authentication.service.spec.ts > ServerAuthenticationService > session management side effects > should not bind listeners multiple times 1ms
 ✓ src/test/webapp/app/core/auth/server-authentication.service.spec.ts > ServerAuthenticationService > session management side effects > should unbind window event listeners after logout 1ms
 ✓ src/test/webapp/app/core/auth/server-authentication.service.spec.ts > ServerAuthenticationService > session management side effects > should handle unbind when no listeners are active 1ms
 ✓ src/test/webapp/app/application/application-creation-form/application-creation-form.component.spec.ts > ApplicationForm > step onClick handlers > summary step buttons > should call sendConfirmDialog confirm when send button is clicked 172ms
 ✓ src/test/webapp/app/shared/pages/landing-page/information-section/information-card/information-card.component.spec.ts > InformationCardComponent > should render image, text and link correctly 100ms
 ✓ src/test/webapp/app/evaluation/components/document-section/document-section.spec.ts > DocumentSection > idChangeEffect > should reset signals when idsDTO undefined 91ms
 ✓ src/test/webapp/app/application/application-creation-form/application-creation-form.component.spec.ts > ApplicationForm > step onClick handlers > step disabled states > should disable education step when personalInfoDataValid is false 152ms
 ✓ src/test/webapp/app/shared/pages/landing-page/application-steps-section/application-step/application-step.component.spec.ts > ApplicationStepComponent > should create 92ms
 ✓ src/test/webapp/app/evaluation/components/document-section/document-section.spec.ts > DocumentSection > idChangeEffect > should populate documents and extraDocuments correctly 19ms
 ✓ src/test/webapp/app/evaluation/components/document-section/document-section.spec.ts > DocumentSection > idChangeEffect > should compute hasDocuments correctly 7ms
 ✓ src/test/webapp/app/evaluation/components/document-section/document-section.spec.ts > DocumentSection > idChangeEffect > should compute allDocumentsTooltip using translate.instant 13ms
 ✓ src/test/webapp/app/evaluation/components/document-section/document-section.spec.ts > DocumentSection > downloadAllDocuments > should show error toast if applicationId undefined 7ms
 ✓ src/test/webapp/app/evaluation/components/document-section/document-section.spec.ts > DocumentSection > downloadAllDocuments > should download file with default filename when no Content-Disposition 6ms
 ✓ src/test/webapp/app/evaluation/components/document-section/document-section.spec.ts > DocumentSection > downloadAllDocuments > should extract filename from Content-Disposition header 22ms
 ✓ src/test/webapp/app/evaluation/components/document-section/document-section.spec.ts > DocumentSection > downloadAllDocuments > should show error toast on API failure 16ms
 ✓ src/test/webapp/app/application/application-creation-form/application-creation-form.component.spec.ts > ApplicationForm > step onClick handlers > step disabled states > should disable education step when applicantId is empty 176ms
 ✓ src/test/webapp/app/shared/pages/landing-page/application-steps-section/application-step/application-step.component.spec.ts > ApplicationStepComponent > should render button with correct icon 14ms
 ✓ src/test/webapp/app/shared/pages/landing-page/application-steps-section/application-step/application-step.component.spec.ts > ApplicationStepComponent > should render title with index and translation key 17ms
 ✓ src/test/webapp/app/shared/pages/landing-page/application-steps-section/application-step/application-step.component.spec.ts > ApplicationStepComponent > should render description with translation key 18ms
 ✓ src/test/webapp/app/shared/pages/landing-page/application-steps-section/application-step/application-step.component.spec.ts > ApplicationStepComponent > should use default icon when not provided 28ms
 ✓ src/test/webapp/app/application/application-creation-form/application-creation-form.component.spec.ts > ApplicationForm > step onClick handlers > step disabled states > should disable applicationDetails step when personalInfoAndEducationDataValid is false 170ms
 ✓ src/test/webapp/app/shared/pages/landing-page/voices-section/voice-card/voice-card.component.spec.ts > VoiceCardComponent > should render all inputs correctly 85ms
 ✓ src/test/webapp/app/shared/settings/email-settings/email-settings.component.spec.ts > EmailSettingsComponent > loadSettings > should update settings and mark loaded when service returns values 29ms
 ✓ src/test/webapp/app/shared/settings/email-settings/email-settings.component.spec.ts > EmailSettingsComponent > loadSettings > should mark group disabled if any relevant type is disabled 20ms
 ✓ src/test/webapp/app/shared/settings/email-settings/email-settings.component.spec.ts > EmailSettingsComponent > loadSettings > should show error toast on service failure 15ms
 ✓ src/test/webapp/app/shared/settings/email-settings/email-settings.component.spec.ts > EmailSettingsComponent > loadSettings > should treat undefined enabled values as true 23ms
 ✓ src/test/webapp/app/shared/settings/email-settings/email-settings.component.spec.ts > EmailSettingsComponent > onToggleChanged > should call updateEmailSettings with correct payload 4ms
 ✓ src/test/webapp/app/shared/settings/email-settings/email-settings.component.spec.ts > EmailSettingsComponent > onToggleChanged > should show error toast if update throws synchronously 3ms
 ✓ src/test/webapp/app/shared/toast/toast.component.spec.ts > ToastComponent > should create 58ms
 ✓ src/test/webapp/app/shared/toast/toast.component.spec.ts > ToastComponent > should render p-toast element 8ms
 ✓ src/test/webapp/app/application/application-creation-form/application-creation-form.component.spec.ts > ApplicationForm > step onClick handlers > step disabled states > should disable summary step when allDataValid is false 182ms
 ✓ src/test/webapp/app/shared/settings/email-settings/email-settings.component.spec.ts > EmailSettingsComponent > roleEffect > should not trigger load if no role is set 9ms
 ✓ src/test/webapp/app/shared/settings/email-settings/email-settings.component.spec.ts > EmailSettingsComponent > roleEffect > should trigger load once when role is set 3ms
 ✓ src/test/webapp/app/shared/alert/alert.component.spec.ts > AlertComponent > should create 39ms
 ✓ src/test/webapp/app/shared/alert/alert.component.spec.ts > AlertComponent > should load alerts on init 4ms
 ✓ src/test/webapp/app/shared/alert/alert.component.spec.ts > AlertComponent > should call alertService.clear on destroy 6ms
 ✓ src/test/webapp/app/shared/alert/alert.component.spec.ts > AlertComponent > should set correct classes for toast and position 3ms
 ✓ src/test/webapp/app/shared/alert/alert.component.spec.ts > AlertComponent > should set correct classes for no position 3ms
 ✓ src/test/webapp/app/shared/alert/alert.component.spec.ts > AlertComponent > should call alert.close when close is called 10ms
 ✓ src/test/webapp/app/application/application-creation-form/application-creation-form.component.spec.ts > ApplicationForm > step onClick handlers > button disabled states > should disable personalInfo next button when personalInfoDataValid is false 154ms
 ✓ src/test/webapp/app/application/application-creation-form/application-creation-form.component.spec.ts > ApplicationForm > step onClick handlers > button disabled states > should disable education next button when educationDataValid is false 165ms
 ✓ src/test/webapp/app/core/util/event-manager.service.spec.ts > Event Manager tests > EventWithContent > should create correctly EventWithContent 2ms
 ✓ src/test/webapp/app/core/util/event-manager.service.spec.ts > Event Manager tests > EventManager > should not fail when nosubscriber and broadcasting 7ms
 ✓ src/test/webapp/app/core/util/event-manager.service.spec.ts > Event Manager tests > EventManager > should create an observable and callback when broadcasted EventWithContent 2ms
 ✓ src/test/webapp/app/core/util/event-manager.service.spec.ts > Event Manager tests > EventManager > should create an observable and callback when broadcasted string 1ms
 ✓ src/test/webapp/app/core/util/event-manager.service.spec.ts > Event Manager tests > EventManager > should subscribe to multiple events 1ms
 ✓ src/test/webapp/app/core/config/application-config.service.spec.ts > ApplicationConfigService > initialization > getAppConfig should throw before initialization 14ms
 ✓ src/test/webapp/app/core/config/application-config.service.spec.ts > ApplicationConfigService > initialization > keycloak getter should throw before initialization 11ms
 ✓ src/test/webapp/app/core/config/application-config.service.spec.ts > ApplicationConfigService > initialization > otp getter should throw before initialization 1ms
 ✓ src/test/webapp/app/core/config/application-config.service.spec.ts > ApplicationConfigService > setAppConfig & getAppConfig > should store a frozen clone and not the original reference 2ms
 ✓ src/test/webapp/app/core/config/application-config.service.spec.ts > ApplicationConfigService > setAppConfig & getAppConfig > should override previous config on subsequent calls 1ms
 ✓ src/test/webapp/app/core/config/application-config.service.spec.ts > ApplicationConfigService > convenience getters with defaults > should return same defaults when sub-objects are missing 1ms
 ✓ src/test/webapp/app/core/config/application-config.service.spec.ts > ApplicationConfigService > convenience getters with defaults > should return provided values when present 1ms
 ✓ src/test/webapp/app/core/config/application-config.service.spec.ts > ApplicationConfigService > getter results are copies (no internal mutation) > mutating keycloak getter result must not change stored config 1ms
 ✓ src/test/webapp/app/core/config/application-config.service.spec.ts > ApplicationConfigService > getter results are copies (no internal mutation) > mutating otp getter result must not change stored config 2ms
 ✓ src/test/webapp/app/core/config/application-config.service.spec.ts > ApplicationConfigService > getEndpointFor > should echo the api path (no prefixing applied yet) 1ms
 ✓ src/test/webapp/app/application/application-creation-form/application-creation-form.component.spec.ts > ApplicationForm > step onClick handlers > button disabled states > should disable applicationDetails next button when applicationDetailsDataValid is false 192ms
 ✓ src/test/webapp/app/service/document-cache.service.spec.ts > DocumentCacheService > should be created 15ms
 ✓ src/test/webapp/app/service/document-cache.service.spec.ts > DocumentCacheService > should return undefined when getting non-existent document 2ms
 ✓ src/test/webapp/app/service/document-cache.service.spec.ts > DocumentCacheService > should set and get a document 2ms
 ✓ src/test/webapp/app/service/document-cache.service.spec.ts > DocumentCacheService > should implement LRU behavior when getting documents 1ms
 ✓ src/test/webapp/app/service/document-cache.service.spec.ts > DocumentCacheService > should replace existing document with same ID 2ms
 ✓ src/test/webapp/app/service/document-cache.service.spec.ts > DocumentCacheService > should enforce max size limit and evict oldest entry 2ms
 ✓ src/test/webapp/app/service/document-cache.service.spec.ts > DocumentCacheService > should handle cache size exactly at limit without eviction 1ms
 ✓ src/test/webapp/app/service/document-cache.service.spec.ts > DocumentCacheService > should handle empty cache correctly during eviction 2ms
 ✓ src/test/webapp/app/service/document-cache.service.spec.ts > DocumentCacheService > should properly handle PDF viewer parameters 2ms
 ✓ src/test/webapp/app/service/document-cache.service.spec.ts > DocumentCacheService > should clear all documents and revoke their URLs 1ms
 ✓ src/test/webapp/app/service/document-cache.service.spec.ts > DocumentCacheService > should handle exception in revoke gracefully 1ms
 ✓ src/test/webapp/app/shared/settings/settings.component.spec.ts > SettingsComponent > should set role from AccountService authorities 44ms
 ✓ src/test/webapp/app/shared/settings/settings.component.spec.ts > SettingsComponent > should keep role undefined if no user is loaded 13ms
 ✓ src/test/webapp/app/shared/settings/settings.component.spec.ts > SettingsComponent > should keep role undefined if authorities array is empty 5ms
 ✓ src/test/webapp/app/core/auth/account.service.spec.ts > AccountService > loads user successfully and sets signals 9ms
 ✓ src/test/webapp/app/core/auth/account.service.spec.ts > AccountService > handles missing user id (unauthenticated) 3ms
 ✓ src/test/webapp/app/core/auth/account.service.spec.ts > AccountService > handles error fetching user 3ms
 ✓ src/test/webapp/app/core/auth/account.service.spec.ts > AccountService > hasAnyAuthority returns true when one required role present 3ms
 ✓ src/test/webapp/app/core/auth/account.service.spec.ts > AccountService > updateUser normalizes whitespace and reloads user 7ms
 ✓ src/test/webapp/app/core/auth/account.service.spec.ts > AccountService > updatePassword trims and calls API when non-empty 2ms
 ✓ src/test/webapp/app/core/auth/account.service.spec.ts > AccountService > updatePassword does nothing when empty after trim 1ms
 ✓ src/test/webapp/app/core/auth/account.service.spec.ts > AccountService > exposes convenience getters 1ms
 ✓ src/test/webapp/app/core/auth/account.service.spec.ts > AccountService > signedIn false before load 1ms
 ✓ src/test/webapp/app/job/job-overview/job-overview-page/job-overview-page.component.spec.ts > JobOverviewPageComponent > should create the component 132ms
 ✓ src/test/webapp/app/job/job-overview/job-overview-page/job-overview-page.component.spec.ts > JobOverviewPageComponent > should render the page title with correct translation key 11ms
 ✓ src/test/webapp/app/job/job-overview/job-overview-page/job-overview-page.component.spec.ts > JobOverviewPageComponent > should render the stubbed job card list 6ms
 ✓ src/test/webapp/app/core/auth/auth-orchestrator.service.spec.ts > AuthOrchestratorService > should open with prefill data 9ms
 ✓ src/test/webapp/app/core/auth/auth-orchestrator.service.spec.ts > AuthOrchestratorService > should call onSuccess callback and close on authSuccess 3ms
 ✓ src/test/webapp/app/core/auth/auth-orchestrator.service.spec.ts > AuthOrchestratorService > should go to nextStep in login flow 1ms
 ✓ src/test/webapp/app/core/auth/auth-orchestrator.service.spec.ts > AuthOrchestratorService > should go to previousStep in login flow 1ms
 ✓ src/test/webapp/app/core/auth/auth-orchestrator.service.spec.ts > AuthOrchestratorService > should close dialog if nextStep called at end of register flow 1ms
 ✓ src/test/webapp/app/core/auth/auth-orchestrator.service.spec.ts > AuthOrchestratorService > should be created 1ms
 ✓ src/test/webapp/app/core/auth/auth-orchestrator.service.spec.ts > AuthOrchestratorService > should open and close the dialog 2ms
 ✓ src/test/webapp/app/core/auth/auth-orchestrator.service.spec.ts > AuthOrchestratorService > should switch between login and register modes 3ms
 ✓ src/test/webapp/app/core/auth/auth-orchestrator.service.spec.ts > AuthOrchestratorService > should set and clear error 3ms
 ✓ src/test/webapp/app/core/auth/auth-orchestrator.service.spec.ts > AuthOrchestratorService > should go to next and previous steps in register 5ms
 ✓ src/test/webapp/app/core/auth/auth-orchestrator.service.spec.ts > AuthOrchestratorService > should start OTP cooldown 5ms
 ✓ src/test/webapp/app/application/application-creation-form/application-creation-form.component.spec.ts > ApplicationForm > step onClick handlers > button disabled states > should disable summary send button when allPagesValid is false 190ms
 ✓ src/test/webapp/app/application/application-creation-form/application-creation-form.component.spec.ts > ApplicationForm > step onClick handlers > button changePanel property > should set changePanel to false for personalInfo next button when applicantId is empty 139ms
 ✓ src/test/webapp/app/core/util/data-util.service.spec.ts > Data Utils Service Test > openFile > should open file in new window 13ms
 ✓ src/test/webapp/app/core/util/data-util.service.spec.ts > Data Utils Service Test > byteSize > should return correct size for Hello JHipster 4ms
 ✓ src/test/webapp/app/core/util/data-util.service.spec.ts > Data Utils Service Test > byteSize > should return correct size for abc (no padding) 3ms
 ✓ src/test/webapp/app/core/util/data-util.service.spec.ts > Data Utils Service Test > byteSize > should return correct size for ab (single padding) 2ms
 ✓ src/test/webapp/app/core/util/data-util.service.spec.ts > Data Utils Service Test > byteSize > should return correct size for a (double padding) 3ms
 ✓ src/test/webapp/app/core/util/data-util.service.spec.ts > Data Utils Service Test > byteSize > should format bytes with thousand separator 2ms
 ✓ src/test/webapp/app/core/util/data-util.service.spec.ts > Data Utils Service Test > loadFileToForm > should load file to form when file present (non-image) 11ms
 ✓ src/test/webapp/app/core/util/data-util.service.spec.ts > Data Utils Service Test > loadFileToForm > should error when image expected but wrong type 4ms
 ✓ src/test/webapp/app/core/util/data-util.service.spec.ts > Data Utils Service Test > loadFileToForm > should error when no file present 2ms
 ✓ src/test/webapp/app/app.component.spec.ts > AppComponent (standalone) > should create the component and configure locale, icons, and datepicker 42ms
 ✓ src/test/webapp/app/application/application-creation-form/application-creation-form.component.spec.ts > ApplicationForm > step onClick handlers > button changePanel property > should set changePanel to true for personalInfo next button when applicantId is set 135ms
 ✓ src/test/webapp/app/core/util/grade-format.validator.spec.ts > grade-format.validator > format detection > should detect numeric format 3ms
 ✓ src/test/webapp/app/core/util/grade-format.validator.spec.ts > grade-format.validator > format detection > should detect letter format 0ms
 ✓ src/test/webapp/app/core/util/grade-format.validator.spec.ts > grade-format.validator > format detection > should detect percentage format 0ms
 ✓ src/test/webapp/app/core/util/grade-format.validator.spec.ts > grade-format.validator > cleanLetter > should clean letter grades 0ms
 ✓ src/test/webapp/app/core/util/grade-format.validator.spec.ts > grade-format.validator > parseNumeric > should parse comma decimal 0ms
 ✓ src/test/webapp/app/core/util/grade-format.validator.spec.ts > grade-format.validator > hasTooManyDecimals > should detect too many decimals 0ms
 ✓ src/test/webapp/app/core/util/grade-format.validator.spec.ts > grade-format.validator > hasTooManyDecimals > should detect acceptable decimals 0ms
 ✓ src/test/webapp/app/core/util/grade-format.validator.spec.ts > grade-format.validator > validateFormat > should validate correct formats 2ms
 ✓ src/test/webapp/app/core/util/grade-format.validator.spec.ts > grade-format.validator > validateFormat > should detect too many decimals 1ms
 ✓ src/test/webapp/app/core/util/grade-format.validator.spec.ts > grade-format.validator > validateSameFormat > should detect numeric formats 0ms
 ✓ src/test/webapp/app/core/util/grade-format.validator.spec.ts > grade-format.validator > validateSameFormat > should detect letter formats 0ms
 ✓ src/test/webapp/app/core/util/grade-format.validator.spec.ts > grade-format.validator > validateSameFormat > should detect mixed formats 0ms
 ✓ src/test/webapp/app/core/util/grade-format.validator.spec.ts > grade-format.validator > validateBoundaryMismatch > should validate correct order 0ms
 ✓ src/test/webapp/app/core/util/grade-format.validator.spec.ts > grade-format.validator > validateBoundaryMismatch > should validate reversed order 0ms
 ✓ src/test/webapp/app/core/util/grade-format.validator.spec.ts > grade-format.validator > validateGradeRange > should validate numeric in range 0ms
 ✓ src/test/webapp/app/core/util/grade-format.validator.spec.ts > grade-format.validator > validateGradeRange > should validate numeric out of range 0ms
 ✓ src/test/webapp/app/core/util/grade-format.validator.spec.ts > grade-format.validator > validateGradeRange > should validate letter in range 0ms
 ✓ src/test/webapp/app/core/util/grade-format.validator.spec.ts > grade-format.validator > validateGradeRange > should validate letter out of range 0ms
 ✓ src/test/webapp/app/core/util/grade-format.validator.spec.ts > grade-format.validator > gradeFormatValidator > should validate grades in range 1ms
 ✓ src/test/webapp/app/core/util/grade-format.validator.spec.ts > grade-format.validator > gradeFormatValidator > should detect grade out of range 2ms
 ✓ src/test/webapp/app/core/util/grade-format.validator.spec.ts > grade-format.validator > gradeFormatValidator > should detect boundary mismatch 1ms
 ✓ src/test/webapp/app/core/util/parse-links.service.spec.ts > Parse links service test > parse > should throw error for invalid input 7ms
 ✓ src/test/webapp/app/core/util/parse-links.service.spec.ts > Parse links service test > parse > should return links when headers are passed 2ms
 ✓ src/test/webapp/app/core/util/parse-links.service.spec.ts > Parse links service test > parseAll > should throw error for invalid input 1ms
 ✓ src/test/webapp/app/core/util/parse-links.service.spec.ts > Parse links service test > parseAll > should return links when headers are passed 2ms
 ✓ src/test/webapp/app/service/localStorage.service.spec.ts > LocalStorageService > saves application draft with applicationId key 3ms
 ✓ src/test/webapp/app/service/localStorage.service.spec.ts > LocalStorageService > saves application draft with jobId when applicationId absent 0ms
 ✓ src/test/webapp/app/service/localStorage.service.spec.ts > LocalStorageService > loads application draft when not expired 0ms
 ✓ src/test/webapp/app/service/localStorage.service.spec.ts > LocalStorageService > returns null when draft expired (older than 30 days) and clears it 0ms
 ✓ src/test/webapp/app/service/localStorage.service.spec.ts > LocalStorageService > clears application draft explicitly 0ms
 ✓ src/test/webapp/app/service/localStorage.service.spec.ts > LocalStorageService > throws error when neither applicationId nor jobId provided to load 0ms
 ✓ src/test/webapp/app/service/localStorage.service.spec.ts > LocalStorageService > rethrows error when JSON.stringify fails (circular data) 5ms
 ✓ src/test/webapp/app/shared/util/text.util.spec.ts > extractTextFromHtml > should extract plain text from HTML 2ms
 ✓ src/test/webapp/app/shared/util/text.util.spec.ts > extractTextFromHtml > should handle nested tags 0ms
 ✓ src/test/webapp/app/shared/util/text.util.spec.ts > extractTextFromHtml > should return empty string when no text present 0ms
 ✓ src/test/webapp/app/shared/util/text.util.spec.ts > extractTextFromHtml > should handle null textContent and undefined trim safely 1ms
 ✓ src/test/webapp/app/shared/pipes/time-ago.pipe.spec.ts > TimeAgoPipe > should return empty string for falsy value 8ms
 ✓ src/test/webapp/app/shared/pipes/time-ago.pipe.spec.ts > TimeAgoPipe > should return just now for < 60 seconds 1ms
 ✓ src/test/webapp/app/shared/pipes/time-ago.pipe.spec.ts > TimeAgoPipe > should return minutes ago 1ms
 ✓ src/test/webapp/app/shared/pipes/time-ago.pipe.spec.ts > TimeAgoPipe > should return hours ago 1ms
 ✓ src/test/webapp/app/shared/pipes/time-ago.pipe.spec.ts > TimeAgoPipe > should return days ago 1ms
 ✓ src/test/webapp/app/shared/pipes/time-ago.pipe.spec.ts > TimeAgoPipe > should return months ago 1ms
 ✓ src/test/webapp/app/shared/pipes/time-ago.pipe.spec.ts > TimeAgoPipe > should return years ago 1ms
 ✓ src/test/webapp/app/shared/pipes/time-ago.pipe.spec.ts > TimeAgoPipe > should handle string date input 1ms
 ✓ src/test/webapp/app/core/util/grade-conversion.spec.ts > grade-conversion > convertToGermanGrade > should convert numeric grades 3ms
 ✓ src/test/webapp/app/core/util/grade-conversion.spec.ts > grade-conversion > convertToGermanGrade > should convert percentage grades 0ms
 ✓ src/test/webapp/app/core/util/grade-conversion.spec.ts > grade-conversion > convertToGermanGrade > should convert letter grades 0ms
 ✓ src/test/webapp/app/core/util/grade-conversion.spec.ts > grade-conversion > convertToGermanGrade > should return null for out-of-range grade 0ms
 ✓ src/test/webapp/app/core/util/grade-conversion.spec.ts > grade-conversion > convertToGermanGrade > should return null for invalid letter grade 0ms
 ✓ src/test/webapp/app/core/util/grade-conversion.spec.ts > grade-conversion > formatGrade > should format numeric value 0ms
 ✓ src/test/webapp/app/core/util/grade-conversion.spec.ts > grade-conversion > convertAndFormatGermanGrade > should convert and format grade 0ms
 ✓ src/test/webapp/app/core/util/grade-conversion.spec.ts > grade-conversion > displayGradeWithConversion > should display numeric grade 0ms
 ✓ src/test/webapp/app/core/util/grade-conversion.spec.ts > grade-conversion > displayGradeWithConversion > should display letter grade 0ms
 ✓ src/test/webapp/app/core/util/grade-conversion.spec.ts > grade-conversion > displayGradeWithConversion > should display out-of-range grade 0ms
 ✓ src/test/webapp/app/application/application-creation-form/application-creation-form.component.spec.ts > ApplicationForm > savingBadgeCalculatedClass > should return class with saved_color when savingState is SAVED 167ms
 ✓ src/test/webapp/app/application/application-creation-form/application-creation-form.component.spec.ts > ApplicationForm > savingBadgeCalculatedClass > should return class with failed_color when savingState is FAILED 161ms
 ✓ src/test/webapp/app/config/translation.config.spec.ts > Translation Config > translationNotFoundMessage > should have correct constant value 1ms
 ✓ src/test/webapp/app/config/translation.config.spec.ts > Translation Config > MissingTranslationHandlerImpl > should create instance 0ms
 ✓ src/test/webapp/app/config/translation.config.spec.ts > Translation Config > MissingTranslationHandlerImpl > should handle missing translation with key 0ms
 ✓ src/test/webapp/app/config/translation.config.spec.ts > Translation Config > MissingTranslationHandlerImpl > should handle missing translation and ignore interpolation params 0ms
 ✓ src/test/webapp/app/config/translation.config.spec.ts > Translation Config > translatePartialLoader > should create TranslateHttpLoader instance 0ms
 ✓ src/test/webapp/app/config/translation.config.spec.ts > Translation Config > translatePartialLoader > should configure loader with correct prefix 1ms
 ✓ src/test/webapp/app/config/translation.config.spec.ts > Translation Config > translatePartialLoader > should configure loader with correct suffix including hash 0ms
 ✓ src/test/webapp/app/config/translation.config.spec.ts > Translation Config > translatePartialLoader > should use provided HttpClient 0ms
 ✓ src/test/webapp/app/config/translation.config.spec.ts > Translation Config > translatePartialLoader > should create different loader instances for different HttpClient instances 1ms
 ✓ src/test/webapp/app/config/translation.config.spec.ts > Translation Config > translatePartialLoader > should load translation files with getTranslation method 2ms
 ✓ src/test/webapp/app/config/translation.config.spec.ts > Translation Config > translatePartialLoader > should construct correct URL for different languages 0ms
 ✓ src/test/webapp/app/config/translation.config.spec.ts > Translation Config > missingTranslationHandler > should return MissingTranslationHandlerImpl instance 0ms
 ✓ src/test/webapp/app/config/translation.config.spec.ts > Translation Config > missingTranslationHandler > should create new instance on each call 0ms
 ✓ src/test/webapp/app/config/translation.config.spec.ts > Translation Config > missingTranslationHandler > should return handler with correct behavior 0ms
 ✓ src/test/webapp/app/config/translation.config.spec.ts > Translation Config > Integration tests > should work together: loader and missing handler 0ms
 ✓ src/test/webapp/app/shared/filter/filter.model.spec.ts > FilterField > should clone itself and its options 2ms
 ✓ src/test/webapp/app/shared/filter/filter.model.spec.ts > FilterField > should return null for getQueryParamEntry if nothing selected 0ms
 ✓ src/test/webapp/app/shared/filter/filter.model.spec.ts > FilterField > should return correct query param entry 0ms
 ✓ src/test/webapp/app/shared/filter/filter.model.spec.ts > FilterField > should reset selection 0ms
 ✓ src/test/webapp/app/shared/filter/filter.model.spec.ts > FilterField > should create new field with selection 0ms
 ✓ src/test/webapp/app/shared/filter/filter.model.spec.ts > FilterOption > should clone itself 0ms
 ✓ src/test/webapp/app/application/application-creation-form/application-creation-form.component.spec.ts > ApplicationForm > savingBadgeCalculatedClass > should return class with saving_color when savingState is SAVING 133ms
 ✓ src/test/webapp/app/shared/util/util.spec.ts > trimWebsiteUrl > returns empty string for empty input 2ms
 ✓ src/test/webapp/app/shared/util/util.spec.ts > trimWebsiteUrl > removes https and www and trailing slash 0ms
 ✓ src/test/webapp/app/shared/util/util.spec.ts > trimWebsiteUrl > removes http and path segments 0ms
 ✓ src/test/webapp/app/shared/util/util.spec.ts > trimWebsiteUrl > preserves subdomain and port and removes query and fragment 0ms
 ✓ src/test/webapp/app/shared/util/util.spec.ts > trimWebsiteUrl > removes www when no scheme present 0ms
 ✓ src/test/webapp/app/shared/util/util.spec.ts > trimWebsiteUrl > handles domain only input unchanged 0ms
 ✓ src/test/webapp/app/shared/util/util.spec.ts > trimWebsiteUrl > handles IP addresses with port correctly 0ms
 ✓ src/test/webapp/app/shared/util/util.spec.ts > trimWebsiteUrl > removes query and hash-only urls 0ms
 ✓ src/test/webapp/app/shared/util/util.spec.ts > trimWebsiteUrl > returns quirky result for non-http schemes (documented behavior) 0ms
 ✓ src/test/webapp/app/core/util/operators.spec.ts > Operators Test > isPresent > should remove null and undefined values 2ms
 ✓ src/test/webapp/app/core/util/operators.spec.ts > Operators Test > filterNaN > should return 0 for NaN 0ms
 ✓ src/test/webapp/app/core/util/operators.spec.ts > Operators Test > filterNaN > should return number for a number 0ms
 ✓ src/test/webapp/app/shared/validators/custom-validators.spec.ts > HTML text validators > required validator: uses innerText when textContent is undefined 3ms
 ✓ src/test/webapp/app/shared/validators/custom-validators.spec.ts > HTML text validators > maxLength validator: uses innerText when textContent is undefined 0ms
 ✓ src/test/webapp/app/shared/language/find-language-from-key.pipe.spec.ts > FindLanguageFromKeyPipe > should return English for en 2ms
 ✓ src/test/webapp/app/shared/language/find-language-from-key.pipe.spec.ts > FindLanguageFromKeyPipe > should return Deutsch for de 0ms
 ✓ src/test/webapp/app/shared/language/find-language-from-key.pipe.spec.ts > FindLanguageFromKeyPipe > should throw or return undefined for unknown language 2ms
 ✓ src/test/webapp/app/application/application-creation-form/application-creation-form.component.spec.ts > ApplicationForm > savingBadgeCalculatedClass > should return class with saving_color for any other savingState value 102ms
 ✓ src/test/webapp/app/application/application-creation-form/application-creation-form.component.spec.ts > ApplicationForm > allPagesValid computed property > should return false when personalInfoDataValid is false 78ms
 ✓ src/test/webapp/app/application/application-creation-form/application-creation-form.component.spec.ts > ApplicationForm > allPagesValid computed property > should return false when personalInfoDataValid is true but educationDataValid is false 58ms
 ✓ src/test/webapp/app/application/application-creation-form/application-creation-form.component.spec.ts > ApplicationForm > allPagesValid computed property > should return false when personalInfo and education are valid but applicationDetails is invalid 82ms
 ✓ src/test/webapp/app/application/application-creation-form/application-creation-form.component.spec.ts > ApplicationForm > allPagesValid computed property > should return true when all three validation signals are true 89ms
 ✓ src/test/webapp/app/application/application-creation-form/application-creation-form.component.spec.ts > ApplicationForm > data validity callbacks > should set educationDataValid to true when onEducationDataValidityChanged is called with true 64ms
 ✓ src/test/webapp/app/application/application-creation-form/application-creation-form.component.spec.ts > ApplicationForm > data validity callbacks > should set educationDataValid to false when onEducationDataValidityChanged is called with false 55ms
 ✓ src/test/webapp/app/application/application-creation-form/application-creation-form.component.spec.ts > ApplicationForm > data validity callbacks > should set applicationDetailsDataValid to true when onApplicationDetailsDataValidityChanged is called with true 51ms
 ✓ src/test/webapp/app/application/application-creation-form/application-creation-form.component.spec.ts > ApplicationForm > data validity callbacks > should set applicationDetailsDataValid to false when onApplicationDetailsDataValidityChanged is called with false 46ms
 ✓ src/test/webapp/app/application/application-creation-form/application-creation-form.component.spec.ts > ApplicationForm > performAutomaticSave > should do nothing when savingState is not SAVING 51ms
 ✓ src/test/webapp/app/application/application-creation-form/application-creation-form.component.spec.ts > ApplicationForm > performAutomaticSave > should save to localStorage and set state to SAVED when useLocalStorage is true and save succeeds 55ms
 ✓ src/test/webapp/app/application/application-creation-form/application-creation-form.component.spec.ts > ApplicationForm > performAutomaticSave > should save to localStorage and set state to FAILED when useLocalStorage is true and save fails 53ms
 ✓ src/test/webapp/app/application/application-creation-form/application-creation-form.component.spec.ts > ApplicationForm > performAutomaticSave > should save to server and set state to SAVED when useLocalStorage is false and save succeeds 50ms
 ✓ src/test/webapp/app/application/application-creation-form/application-creation-form.component.spec.ts > ApplicationForm > performAutomaticSave > should save to server and set state to FAILED when useLocalStorage is false and save fails 50ms
 ✓ src/test/webapp/app/application/application-creation-form/application-creation-form.component.spec.ts > ApplicationForm > initPageCreateApplication > should create application, set applicationId, navigate with query params and return application when state is SAVED 52ms
 ✓ src/test/webapp/app/application/application-creation-form/application-creation-form.component.spec.ts > ApplicationForm > initPageCreateApplication > should show error toast, navigate to detail page and throw error when application state is not SAVED 52ms
 ✓ src/test/webapp/app/application/application-creation-form/application-creation-form.component.spec.ts > ApplicationForm > initPageCreateApplication > should handle application with undefined applicationId 57ms
 ✓ src/test/webapp/app/application/application-creation-form/application-creation-form.component.spec.ts > ApplicationForm > initPageCreateApplication > should handle SAVED state as non-editable 54ms
 ✓ src/test/webapp/app/application/application-creation-form/application-creation-form.component.spec.ts > ApplicationForm > initPageLoadExistingApplication > should load application and return it when application state is SAVED 53ms
 ✓ src/test/webapp/app/application/application-creation-form/application-creation-form.component.spec.ts > ApplicationForm > initPageLoadExistingApplication > should show error toast, navigate to detail page and throw error when application state is not SAVED 53ms
 ✓ src/test/webapp/app/application/application-creation-form/application-creation-form.component.spec.ts > ApplicationForm > initPageLoadExistingApplication > should handle REJECTED application state as not editable 49ms
 ✓ src/test/webapp/app/application/application-creation-form/application-creation-form.component.spec.ts > ApplicationForm > updateDocumentInformation > should return early when useLocalStorage is true (if block) 50ms
 ✓ src/test/webapp/app/application/application-creation-form/application-creation-form.component.spec.ts > ApplicationForm > updateDocumentInformation > should fetch document ids when useLocalStorage is false 67ms
 ✓ src/test/webapp/app/application/application-creation-form/application-creation-form.component.spec.ts > ApplicationForm > updateDocumentInformation > should show error toast when getDocumentDictionaryIds fails 61ms
 ✓ src/test/webapp/app/application/application-creation-form/application-creation-form.component.spec.ts > ApplicationForm > updateDocumentInformation > should not call API and not set documentIds when useLocalStorage is true (covers if condition) 61ms
 ✓ src/test/webapp/app/application/application-creation-form/application-creation-form.component.spec.ts > ApplicationForm > clearLocalStorage > should call localStorageService.clearApplicationDraft with applicationId and jobId 51ms
 ✓ src/test/webapp/app/application/application-creation-form/application-creation-form.component.spec.ts > ApplicationForm > clearLocalStorage > should call clearApplicationDraft with empty strings when applicationId and jobId are empty 49ms
 ✓ src/test/webapp/app/application/application-creation-form/application-creation-form.component.spec.ts > ApplicationForm > clearLocalStorage > should pass the current signal values to clearApplicationDraft 52ms
 ✓ src/test/webapp/app/application/application-creation-form/application-creation-form.component.spec.ts > ApplicationForm > loadPersonalInfoDataFromLocalStorage > should load and set personal info data when draft exists 53ms
 ✓ src/test/webapp/app/application/application-creation-form/application-creation-form.component.spec.ts > ApplicationForm > loadPersonalInfoDataFromLocalStorage > should not set any data when draft is null/undefined 54ms
 ✓ src/test/webapp/app/application/application-creation-form/application-creation-form.component.spec.ts > ApplicationForm > loadPersonalInfoDataFromLocalStorage > should show error toast and throw error when loadApplicationDraft throws (catch block) 62ms
 ✓ src/test/webapp/app/application/application-creation-form/application-creation-form.component.spec.ts > ApplicationForm > loadPersonalInfoDataFromLocalStorage > should call loadApplicationDraft with correct parameters 50ms
 ✓ src/test/webapp/app/application/application-creation-form/application-creation-form.component.spec.ts > ApplicationForm > loadPersonalInfoDataFromLocalStorage > should handle error message formatting in catch block 80ms
 ✓ src/test/webapp/app/application/application-creation-form/application-creation-form.component.spec.ts > ApplicationForm > loadPersonalInfoDataFromLocalStorage > should not modify signals when error occurs in catch block 167ms

 Test Files  3 failed | 82 passed (85)
      Tests  27 failed | 1234 passed (1261)
   Start at  19:41:57
   Duration  22.85s (transform 14.13s, setup 20.27s, collect 67.30s, tests 74.17s, environment 4.16s, prepare 14.47s)

